<html>
<body>
<pre>
<h1>�Vision Build Log</h1>
<h2>Tool Versions:</h2>
IDE-Version: µVision V5.28.0.0
Copyright (C) 2019 ARM Ltd and ARM Germany GmbH. All rights reserved.
License Information: 1 1, 1, LIC=LJWFW-QKKFY-15CTV-P030C-02QWY-GBLVY
 
Tool Versions:
Toolchain:       MDK-ARM Professional  Version: 5.28.0.0
Toolchain Path:  D:\InstallationPackage\keil5\Keil_v5\ARM\ARMCC\Bin
C Compiler:      Armcc.exe V5.06 update 6 (build 750)
Assembler:       Armasm.exe V5.06 update 6 (build 750)
Linker/Locator:  ArmLink.exe V5.06 update 6 (build 750)
Library Manager: ArmAr.exe V5.06 update 6 (build 750)
Hex Converter:   FromElf.exe V5.06 update 6 (build 750)
CPU DLL:         SARMCM3.DLL V5.28.0.0
Dialog DLL:      DCM.DLL V1.17.3.0
Target DLL:      Segger\JL2CM3.dll V2.99.36.0
Dialog DLL:      TCM.DLL V1.36.2.0
 
<h2>Project:</h2>
C:\Users\Altria\Desktop\Demo\prj\UP_EX-Star Demo.uvproj
Project File Date:  09/28/2020

<h2>Output:</h2>
*** Using Compiler 'V5.06 update 6 (build 750)', folder: 'D:\InstallationPackage\keil5\Keil_v5\ARM\ARMCC\Bin'
Build target 'Target 1'
compiling main.c...
..\src\UPLib\UP_Woody_SpeechRecognition.h(28): warning:  #1295-D: Deprecated declaration UP_Woody_SpeechRecLetIssue - give arg types
  extern void UP_Woody_SpeechRecLetIssue();
..\src\UPLib\UP_Woody_SpeechRecognition.h(29): warning:  #1295-D: Deprecated declaration UP_Woody_SpeechRecForbidIssue - give arg types
  extern void UP_Woody_SpeechRecForbidIssue();
..\src\UPLib\UP_Woody_ImageRecognition.h(46): warning:  #1295-D: Deprecated declaration UP_Woody_ImageRecForbidIssue - give arg types
  extern void UP_Woody_ImageRecForbidIssue();
..\src\UPLib\UP_Woody_ImageRecognition.h(47): warning:  #1295-D: Deprecated declaration UP_Woody_ImageRecLetIssue - give arg types
  extern void UP_Woody_ImageRecLetIssue();
..\src\UPLib\UP_Woody_ImageRecognition.h(48): warning:  #1-D: last line of file ends without a newline
  #endif
..\src\UPLib\UP_Woody_ColorAndCode.h(4): warning:  #1295-D: Deprecated declaration UP_Woody_ColorRecLetIssue - give arg types
  extern void UP_Woody_ColorRecLetIssue();
..\src\UPLib\UP_Woody_ColorAndCode.h(5): warning:  #1295-D: Deprecated declaration UP_Woody_ColorRecForbidIssue - give arg types
  extern void UP_Woody_ColorRecForbidIssue();
..\src\UPLib\UP_Woody_ColorAndCode.h(9): warning:  #1295-D: Deprecated declaration UP_Woody_BarCodeRecLetIssue - give arg types
  extern void UP_Woody_BarCodeRecLetIssue();
..\src\UPLib\UP_Woody_ColorAndCode.h(10): warning:  #1295-D: Deprecated declaration UP_Woody_BarCodeRecForbidIssue - give arg types
  extern void UP_Woody_BarCodeRecForbidIssue();
..\src\UPLib\UP_Woody_ColorAndCode.h(14): warning:  #1295-D: Deprecated declaration UP_Woody_QrCodeRecLetIssue - give arg types
  extern void UP_Woody_QrCodeRecLetIssue();
..\src\UPLib\UP_Woody_ColorAndCode.h(15): warning:  #1295-D: Deprecated declaration UP_Woody_QrCodeRecForbidIssue - give arg types
  extern void UP_Woody_QrCodeRecForbidIssue();
..\src\UPLib\UP_Woody_ColorAndCode.h(18): warning:  #1-D: last line of file ends without a newline
  #endif
..\src\main.c(11): warning:  #1295-D: Deprecated declaration InitSys - give arg types
  void InitSys();	//��ʼ��ϵͳ
..\src\main.c(12): warning:  #1295-D: Deprecated declaration InitGear - give arg types
  void InitGear();	//��ʼ������
..\src\main.c(13): warning:  #1295-D: Deprecated declaration InitMotor - give arg types
  void InitMotor();	//��ʼ������
..\src\main.c(14): warning:  #1295-D: Deprecated declaration InitClaw - give arg types
  void InitClaw();	//��ʼ��צ��
..\src\main.c(16): warning:  #1295-D: Deprecated declaration FirstUpStage - give arg types
  void FirstUpStage();	//��һ����̨
..\src\main.c(18): warning:  #1295-D: Deprecated declaration DebugGearbalan - give arg types
  void DebugGearbalan();	//����צ��ƽ��λ��
..\src\main.c: 18 warnings, 0 errors
linking...
Program Size: Code=10068 RO-data=336 RW-data=212 ZI-data=1508  
FromELF: creating hex file...
After Build - User command #1: D:\InstallationPackage\keil5\Keil_v5\ARM\ARMCC\bin\fromelf.exe "..\List\UP_ADC.axf" --bin --output "..\BenFromHRBUST.bin"
"..\List\UP_ADC.axf" - 0 Error(s), 18 Warning(s).
Build Time Elapsed:  00:00:02
</pre>
</body>
</html>
