Component: ARM Compiler 5.06 update 6 (build 750) Tool: armlink [4d35ed]

==============================================================================

Section Cross References

    main.o(i.ChangeInfrared) refers to up_adc.o(i.UP_ADC_GetValue) for UP_ADC_GetValue
    main.o(i.ClawDownB) refers to up_cds5500.o(i.UP_CDS_SetAngle) for UP_CDS_SetAngle
    main.o(i.ClawDownF) refers to up_cds5500.o(i.UP_CDS_SetAngle) for UP_CDS_SetAngle
    main.o(i.DebugGearBalan) refers to up_cds5500.o(i.UP_CDS_SetAngle) for UP_CDS_SetAngle
    main.o(i.DebugSensor) refers to up_adc.o(i.UP_ADC_GetValue) for UP_ADC_GetValue
    main.o(i.DebugSensor) refers to up_lcd.o(i.UP_LCD_ShowInt) for UP_LCD_ShowInt
    main.o(i.DebugSensor) refers to up_globle.o(i.UP_delay_ms) for UP_delay_ms
    main.o(i.DebugSensor) refers to up_lcd.o(i.UP_LCD_ClearScreen) for UP_LCD_ClearScreen
    main.o(i.Fight) refers to main.o(i.ChangeInfrared) for ChangeInfrared
    main.o(i.Fight) refers to main.o(i.MoveLeft) for MoveLeft
    main.o(i.Fight) refers to main.o(i.MoveRight) for MoveRight
    main.o(i.Fight) refers to up_globle.o(i.UP_delay_ms) for UP_delay_ms
    main.o(i.Fight) refers to main.o(i.MoveStop) for MoveStop
    main.o(i.Fight) refers to main.o(i.MoveForword) for MoveForword
    main.o(i.FirstUpStage) refers to up_cds5500.o(i.UP_CDS_SetAngle) for UP_CDS_SetAngle
    main.o(i.FirstUpStage) refers to up_globle.o(i.UP_delay_ms) for UP_delay_ms
    main.o(i.FirstUpStage) refers to main.o(i.InitHindpaw) for InitHindpaw
    main.o(i.FirstUpStage) refers to main.o(i.MoveStop) for MoveStop
    main.o(i.FirstUpStage) refers to main.o(i.MoveLeft) for MoveLeft
    main.o(i.GetInfraredSenorState) refers to main.o(i.ChangeInfrared) for ChangeInfrared
    main.o(i.GrayCheck) refers to up_adc.o(i.UP_ADC_GetValue) for UP_ADC_GetValue
    main.o(i.GrayCheck) refers to main.o(i.LcdShowInt) for LcdShowInt
    main.o(i.GrayCheck) refers to fflti.o(.text) for __aeabi_i2f
    main.o(i.GrayCheck) refers to fmul.o(.text) for __aeabi_fmul
    main.o(i.GrayCheck) refers to fadd.o(.text) for __aeabi_fadd
    main.o(i.GrayCheck) refers to ffixi.o(.text) for __aeabi_f2iz
    main.o(i.InitClaw) refers to main.o(i.InitForepaw) for InitForepaw
    main.o(i.InitClaw) refers to main.o(i.InitHindpaw) for InitHindpaw
    main.o(i.InitClaw) refers to up_globle.o(i.UP_delay_ms) for UP_delay_ms
    main.o(i.InitForepaw) refers to up_cds5500.o(i.UP_CDS_SetAngle) for UP_CDS_SetAngle
    main.o(i.InitGear) refers to up_cds5500.o(i.UP_CDS_SetMode) for UP_CDS_SetMode
    main.o(i.InitHindpaw) refers to up_cds5500.o(i.UP_CDS_SetAngle) for UP_CDS_SetAngle
    main.o(i.InitMotor) refers to up_cds5500.o(i.UP_CDS_SetMode) for UP_CDS_SetMode
    main.o(i.InitSys) refers to up_system.o(i.UP_System_Init) for UP_System_Init
    main.o(i.InitSys) refers to main.o(i.InitGear) for InitGear
    main.o(i.InitSys) refers to main.o(i.InitMotor) for InitMotor
    main.o(i.InitSys) refers to main.o(i.InitClaw) for InitClaw
    main.o(i.LcdShowInt) refers to printf4.o(i.__0printf$4) for __2printf
    main.o(i.LcdShowInt) refers to up_globle.o(i.UP_delay_ms) for UP_delay_ms
    main.o(i.LcdShowInt) refers to up_lcd.o(i.UP_LCD_ClearScreen) for UP_LCD_ClearScreen
    main.o(i.MoveBack) refers to up_cds5500.o(i.UP_CDS_SetSpeed) for UP_CDS_SetSpeed
    main.o(i.MoveBeforeUpStage) refers to main.o(i.MoveBack) for MoveBack
    main.o(i.MoveBeforeUpStage) refers to up_globle.o(i.UP_delay_ms) for UP_delay_ms
    main.o(i.MoveForword) refers to up_cds5500.o(i.UP_CDS_SetSpeed) for UP_CDS_SetSpeed
    main.o(i.MoveForword) refers to main.o(.data) for .data
    main.o(i.MoveLeft) refers to main.o(i.MoveBack) for MoveBack
    main.o(i.MoveLeft) refers to up_globle.o(i.UP_delay_ms) for UP_delay_ms
    main.o(i.MoveLeft) refers to up_cds5500.o(i.UP_CDS_SetSpeed) for UP_CDS_SetSpeed
    main.o(i.MoveLeft) refers to main.o(.data) for .data
    main.o(i.MoveQuickStop) refers to up_cds5500.o(i.UP_CDS_SetSpeed) for UP_CDS_SetSpeed
    main.o(i.MoveRight) refers to main.o(i.MoveBack) for MoveBack
    main.o(i.MoveRight) refers to up_globle.o(i.UP_delay_ms) for UP_delay_ms
    main.o(i.MoveRight) refers to up_cds5500.o(i.UP_CDS_SetSpeed) for UP_CDS_SetSpeed
    main.o(i.MoveRight) refers to main.o(.data) for .data
    main.o(i.MoveStop) refers to up_cds5500.o(i.UP_CDS_SetSpeed) for UP_CDS_SetSpeed
    main.o(i.MoveStop) refers to up_globle.o(i.UP_delay_ms) for UP_delay_ms
    main.o(i.OnStage) refers to main.o(i.WakeOnStage) for WakeOnStage
    main.o(i.SoftStart) refers to main.o(i.ChangeInfrared) for ChangeInfrared
    main.o(i.WakeOnStage) refers to main.o(i.GetInfraredSenorState) for GetInfraredSenorState
    main.o(i.WakeOnStage) refers to main.o(i.MoveBack) for MoveBack
    main.o(i.WakeOnStage) refers to up_globle.o(i.UP_delay_ms) for UP_delay_ms
    main.o(i.WakeOnStage) refers to main.o(i.MoveRight) for MoveRight
    main.o(i.WakeOnStage) refers to main.o(i.MoveForword) for MoveForword
[...]
    Removing stm32f10x_tim.o(i.TIM_ForcedOC4Config), (20 bytes).
    Removing stm32f10x_tim.o(i.TIM_GenerateEvent), (4 bytes).
    Removing stm32f10x_tim.o(i.TIM_GetCapture1), (4 bytes).
    Removing stm32f10x_tim.o(i.TIM_GetCapture2), (4 bytes).
    Removing stm32f10x_tim.o(i.TIM_GetCapture3), (4 bytes).
    Removing stm32f10x_tim.o(i.TIM_GetCapture4), (6 bytes).
    Removing stm32f10x_tim.o(i.TIM_GetCounter), (4 bytes).
    Removing stm32f10x_tim.o(i.TIM_GetFlagStatus), (14 bytes).
    Removing stm32f10x_tim.o(i.TIM_GetPrescaler), (4 bytes).
    Removing stm32f10x_tim.o(i.TIM_ICInit), (300 bytes).
    Removing stm32f10x_tim.o(i.TIM_ICStructInit), (16 bytes).
    Removing stm32f10x_tim.o(i.TIM_ITRxExternalClockConfig), (18 bytes).
    Removing stm32f10x_tim.o(i.TIM_InternalClockConfig), (10 bytes).
    Removing stm32f10x_tim.o(i.TIM_OC1FastConfig), (12 bytes).
    Removing stm32f10x_tim.o(i.TIM_OC1NPolarityConfig), (12 bytes).
    Removing stm32f10x_tim.o(i.TIM_OC1PolarityConfig), (12 bytes).
    Removing stm32f10x_tim.o(i.TIM_OC1PreloadConfig), (12 bytes).
    Removing stm32f10x_tim.o(i.TIM_OC2FastConfig), (20 bytes).
    Removing stm32f10x_tim.o(i.TIM_OC2NPolarityConfig), (20 bytes).
    Removing stm32f10x_tim.o(i.TIM_OC2PolarityConfig), (20 bytes).
    Removing stm32f10x_tim.o(i.TIM_OC2PreloadConfig), (20 bytes).
    Removing stm32f10x_tim.o(i.TIM_OC3FastConfig), (12 bytes).
    Removing stm32f10x_tim.o(i.TIM_OC3NPolarityConfig), (20 bytes).
    Removing stm32f10x_tim.o(i.TIM_OC3PolarityConfig), (20 bytes).
    Removing stm32f10x_tim.o(i.TIM_OC3PreloadConfig), (12 bytes).
    Removing stm32f10x_tim.o(i.TIM_OC4FastConfig), (20 bytes).
    Removing stm32f10x_tim.o(i.TIM_OC4PolarityConfig), (20 bytes).
    Removing stm32f10x_tim.o(i.TIM_OC4PreloadConfig), (20 bytes).
    Removing stm32f10x_tim.o(i.TIM_OCStructInit), (20 bytes).
    Removing stm32f10x_tim.o(i.TIM_PWMIConfig), (108 bytes).
    Removing stm32f10x_tim.o(i.TIM_PrescalerConfig), (6 bytes).
    Removing stm32f10x_tim.o(i.TIM_SelectCCDMA), (20 bytes).
    Removing stm32f10x_tim.o(i.TIM_SelectCOM), (20 bytes).
    Removing stm32f10x_tim.o(i.TIM_SelectHallSensor), (20 bytes).
    Removing stm32f10x_tim.o(i.TIM_SelectInputTrigger), (12 bytes).
    Removing stm32f10x_tim.o(i.TIM_SelectMasterSlaveMode), (16 bytes).
    Removing stm32f10x_tim.o(i.TIM_SelectOCxM), (70 bytes).
    Removing stm32f10x_tim.o(i.TIM_SelectOnePulseMode), (16 bytes).
    Removing stm32f10x_tim.o(i.TIM_SelectOutputTrigger), (16 bytes).
    Removing stm32f10x_tim.o(i.TIM_SelectSlaveMode), (16 bytes).
    Removing stm32f10x_tim.o(i.TIM_SetAutoreload), (4 bytes).
    Removing stm32f10x_tim.o(i.TIM_SetClockDivision), (16 bytes).
    Removing stm32f10x_tim.o(i.TIM_SetCompare1), (4 bytes).
    Removing stm32f10x_tim.o(i.TIM_SetCompare2), (4 bytes).
    Removing stm32f10x_tim.o(i.TIM_SetCompare3), (4 bytes).
    Removing stm32f10x_tim.o(i.TIM_SetCompare4), (6 bytes).
    Removing stm32f10x_tim.o(i.TIM_SetCounter), (4 bytes).
    Removing stm32f10x_tim.o(i.TIM_SetIC1Prescaler), (16 bytes).
    Removing stm32f10x_tim.o(i.TIM_SetIC2Prescaler), (24 bytes).
    Removing stm32f10x_tim.o(i.TIM_SetIC3Prescaler), (16 bytes).
    Removing stm32f10x_tim.o(i.TIM_SetIC4Prescaler), (24 bytes).
    Removing stm32f10x_tim.o(i.TIM_TIxExternalClockConfig), (46 bytes).
    Removing stm32f10x_tim.o(i.TIM_TimeBaseStructInit), (18 bytes).
    Removing stm32f10x_tim.o(i.TIM_UpdateDisableConfig), (20 bytes).
    Removing stm32f10x_tim.o(i.TIM_UpdateRequestConfig), (20 bytes).
    Removing stm32f10x_usart.o(i.USART_ClockStructInit), (12 bytes).
    Removing stm32f10x_usart.o(i.USART_DeInit), (116 bytes).
    Removing stm32f10x_usart.o(i.USART_HalfDuplexCmd), (20 bytes).
    Removing stm32f10x_usart.o(i.USART_IrDACmd), (20 bytes).
    Removing stm32f10x_usart.o(i.USART_IrDAConfig), (16 bytes).
    Removing stm32f10x_usart.o(i.USART_LINBreakDetectLengthConfig), (16 bytes).
    Removing stm32f10x_usart.o(i.USART_LINCmd), (20 bytes).
    Removing stm32f10x_usart.o(i.USART_OneBitMethodCmd), (20 bytes).
    Removing stm32f10x_usart.o(i.USART_OverSampling8Cmd), (20 bytes).
    Removing stm32f10x_usart.o(i.USART_ReceiverWakeUpCmd), (20 bytes).
    Removing stm32f10x_usart.o(i.USART_SendBreak), (10 bytes).
    Removing stm32f10x_usart.o(i.USART_SendData), (8 bytes).
    Removing stm32f10x_usart.o(i.USART_SetAddress), (16 bytes).
    Removing stm32f10x_usart.o(i.USART_SetGuardTime), (16 bytes).
    Removing stm32f10x_usart.o(i.USART_SetPrescaler), (16 bytes).
    Removing stm32f10x_usart.o(i.USART_SmartCardCmd), (20 bytes).
    Removing stm32f10x_usart.o(i.USART_SmartCardNACKCmd), (20 bytes).
    Removing stm32f10x_usart.o(i.USART_StructInit), (22 bytes).
    Removing stm32f10x_usart.o(i.USART_WakeUpConfig), (16 bytes).
    Removing system_stm32f10x.o(i.SystemCoreClockUpdate), (100 bytes).
    Removing stm32f10x_exti.o(i.EXTI_ClearFlag), (12 bytes).
    Removing stm32f10x_exti.o(i.EXTI_ClearITPendingBit), (12 bytes).
    Removing stm32f10x_exti.o(i.EXTI_DeInit), (36 bytes).
    Removing stm32f10x_exti.o(i.EXTI_GenerateSWInterrupt), (16 bytes).
    Removing stm32f10x_exti.o(i.EXTI_GetFlagStatus), (20 bytes).
    Removing stm32f10x_exti.o(i.EXTI_Init), (112 bytes).
    Removing stm32f10x_exti.o(i.EXTI_StructInit), (14 bytes).
    Removing startup_stm32f10x_hd.o(HEAP), (512 bytes).
    Removing cortexm3_macro.o(.text), (122 bytes).
    Removing up_system.o(i.UP_ITConfig), (2 bytes).
    Removing up_globle.o(i.abs), (8 bytes).
    Removing up_globle.o(i.fabs), (30 bytes).
    Removing up_globle.o(.data), (4 bytes).
    Removing up_globle.o(.data), (4 bytes).
    Removing up_adc.o(i.UP_ADC_GetAllIO), (48 bytes).
    Removing up_adc.o(i.UP_ADC_GetIO), (24 bytes).
    Removing up_lcd.o(i.UP_LCD_ClearLine), (70 bytes).
    Removing up_lcd.o(i.UP_LCD_OnOff), (14 bytes).
    Removing up_lcd.o(i.UP_LCD_ShowCharacter), (68 bytes).
    Removing up_lcd.o(i.UP_LCD_ShowCharacterString), (96 bytes).
    Removing up_lcd.o(i.UP_LCD_ShowHex), (58 bytes).
    Removing up_lcd.o(i.UP_LCD_ShowInt), (108 bytes).
    Removing up_lcd.o(i.UP_LCD_ShowLetter), (52 bytes).
    Removing up_lcd.o(i.UP_LCD_ShowProgressBar), (222 bytes).
    Removing up_lcd.o(i.UP_LCD_ShowString), (82 bytes).
    Removing up_lcd.o(i.fputc), (76 bytes).
    Removing up_uart.o(i.UP_EnableBluetoothIT), (20 bytes).
    Removing up_uart.o(i.UP_EnableZigbeeIT), (20 bytes).
    Removing up_uart.o(i.UP_UART1_Putc), (32 bytes).
    Removing up_uart.o(i.UP_UART1_Puts), (40 bytes).
    Removing up_uart.o(i.UP_UART4_Putc), (32 bytes).
    Removing up_uart.o(i.UP_UART4_Puts), (40 bytes).
    Removing up_uart.o(i.UP_UART5_Putc), (32 bytes).
    Removing up_uart.o(i.UP_UART5_Puts), (40 bytes).
    Removing up_it.o(i.BusFaultException), (2 bytes).
    Removing up_it.o(i.DebugMonitor), (2 bytes).
    Removing up_it.o(i.HardFaultException), (2 bytes).
    Removing up_it.o(i.MemManageException), (2 bytes).
    Removing up_it.o(i.NMIException), (2 bytes).
    Removing up_it.o(i.PendSVC), (2 bytes).
    Removing up_it.o(i.SVCHandler), (2 bytes).
    Removing up_it.o(i.UsageFaultException), (2 bytes).
    Removing up_it.o(.data), (4 bytes).
    Removing up_exti.o(i.UP_Exti_DisableIT), (32 bytes).
    Removing up_exti.o(i.UP_Exti_EnableIT), (40 bytes).
    Removing up_exti.o(i.UP_Exti_SetHadler), (16 bytes).
    Removing up_timer.o(i.UP_Timer_CleanCount), (20 bytes).
    Removing up_timer.o(i.UP_Timer_DisableIT), (88 bytes).
    Removing up_timer.o(i.UP_Timer_EnableIT), (60 bytes).
    Removing up_timer.o(i.UP_Timer_GetCount), (20 bytes).
    Removing up_timer.o(i.UP_Timer_InitParameters), (2 bytes).
    Removing up_timer.o(i.UP_Timer_SetHadler), (52 bytes).
    Removing up_pwm.o(i.UP_PWM_Enable), (132 bytes).
    Removing up_pwm.o(i.UP_PWM_SetDutyTime), (88 bytes).
    Removing up_pwm.o(i.UP_PWM_SetFrequency), (72 bytes).
    Removing up_pwm.o(i.UP_PWM_SetIO), (64 bytes).
    Removing up_pwm.o(.data), (16 bytes).
    Removing up_bluetooth.o(i.UP_Bluetooth_EnableIT), (12 bytes).
    Removing up_bluetooth.o(i.UP_Bluetooth_Putc), (4 bytes).
    Removing up_bluetooth.o(i.UP_Bluetooth_Puts), (4 bytes).
    Removing up_bluetooth.o(i.UP_SetBluetoothHadler), (16 bytes).
    Removing up_cds5500.o(i.UP_CDS_Set4MotoSpeed), (126 bytes).
    Removing up_cds5500.o(i.UP_CDS_SetAngleTimes), (216 bytes).
    Removing up_cds5500.o(i.UP_CDS_SetMode), (78 bytes).
    Removing up_zigbee.o(i.Check_Tx_Frame), (68 bytes).
    Removing up_zigbee.o(i.UP_Push_TxData), (180 bytes).
    Removing up_zigbee.o(i.UP_SetZigbeeHadler), (16 bytes).
    Removing up_zigbee.o(i.UP_Zigbee_EnableIT), (20 bytes).
    Removing up_zigbee.o(i.UP_Zigbee_GetConfig), (36 bytes).
    Removing up_zigbee.o(i.UP_Zigbee_GetID), (54 bytes).
    Removing up_zigbee.o(i.UP_Zigbee_Putc), (4 bytes).
    Removing up_zigbee.o(i.UP_Zigbee_Puts), (4 bytes).
    Removing up_zigbee.o(i.UP_Zigbee_Rec), (312 bytes).
    Removing up_zigbee.o(i.UP_Zigbee_RequireSensor), (46 bytes).
    Removing up_zigbee.o(i.UP_Zigbee_SendData), (120 bytes).
    Removing up_zigbee.o(i.UP_Zigbee_SetDeviceType), (44 bytes).
    Removing up_zigbee.o(i.UP_Zigbee_SetID), (44 bytes).
    Removing up_zigbee.o(i.Zigbee_TIMER_handler), (44 bytes).
    Removing up_zigbee.o(.bss), (3282 bytes).
    Removing up_zigbee.o(.bss), (9 bytes).
    Removing up_zigbee.o(.data), (16 bytes).
    Removing up_zigbee.o(.data), (1 bytes).
    Removing up_zigbee.o(.data), (8 bytes).
    Removing up_usr232.o(i.UP_EnableUSR232IT), (20 bytes).
    Removing up_usr232.o(i.UP_SetUSR232Hadler), (16 bytes).
    Removing up_usr232.o(i.UP_USR232_EnableIT), (12 bytes).
    Removing up_usr232.o(i.UP_USR232_Putc), (4 bytes).
    Removing up_usr232.o(i.UP_USR232_Puts), (4 bytes).
    Removing up_ioout.o(i.UP_IOout_SetALLIO), (156 bytes).
    Removing up_ioout.o(i.UP_IOout_SetIO), (92 bytes).
    Removing up_ioout.o(.data), (6 bytes).
    Removing up_vga.o(i.CDS_Read_Sign), (96 bytes).
    Removing up_vga.o(i.SetSpeed), (20 bytes).
    Removing up_vga.o(i.UP_UART3_Putc), (32 bytes).
    Removing up_vga.o(i.UP_VGA_DIS_TRACKSIGN), (56 bytes).
    Removing up_vga.o(i.UP_VGA_MOTION_FORWARD), (12 bytes).
    Removing up_vga.o(i.UP_VGA_MOTION_STOP), (16 bytes).
    Removing up_vga.o(i.UP_VGA_MOTION_TURN), (344 bytes).
    Removing up_vga.o(i.UP_VGA_OPEN_USART3), (28 bytes).
    Removing up_vga.o(i.UP_VGA_PROTECTSET), (12 bytes).
    Removing up_vga.o(i.UP_VGA_SetSpeed), (20 bytes).
    Removing up_vga.o(i.UP_VGA_Timer), (28 bytes).
    Removing up_vga.o(i.USART3_NVIC), (32 bytes).
    Removing up_vga.o(i.VGA_Timer_Handler), (600 bytes).
    Removing up_vga.o(.data), (1 bytes).
    Removing up_vga.o(.data), (1 bytes).
    Removing up_rfid.o(i.RFIDParser), (36 bytes).
    Removing up_rfid.o(i.RFID_Timer_Handler), (44 bytes).
    Removing up_rfid.o(i.UP_RFID_CheckID), (28 bytes).
    Removing up_rfid.o(i.UP_RFID_Init), (48 bytes).
    Removing up_rfid.o(i.UP_RFID_ReadCard), (68 bytes).
    Removing up_rfid.o(.bss), (10 bytes).
    Removing up_rfid.o(.data), (12 bytes).
    Removing up_mp3.o(i.UART2Init), (160 bytes).
    Removing up_mp3.o(i.UART2Putc), (32 bytes).
    Removing up_mp3.o(i.UART2Puts), (40 bytes).
    Removing up_mp3.o(i.UP_MP3_Init), (22 bytes).
    Removing up_mp3.o(i.UP_MP3_Pause), (36 bytes).
    Removing up_mp3.o(i.UP_MP3_PlaySound), (38 bytes).
    Removing up_mp3.o(i.UP_MP3_SetVolume), (38 bytes).
    Removing up_variable.o(i.UP_Clear_RoutInfo), (40 bytes).
    Removing up_variable.o(i.UP_RFID_GetIdIndex), (306 bytes).
    Removing up_variable.o(.bss), (200 bytes).
    Removing up_variable.o(.data), (1 bytes).
    Removing up_variable.o(.data), (1 bytes).
    Removing up_variable.o(.data), (1 bytes).
    Removing up_variable.o(.data), (1 bytes).
    Removing up_variable.o(.data), (1 bytes).
    Removing up_variable.o(.data), (1 bytes).
    Removing up_variable.o(.data), (1 bytes).
    Removing up_variable.o(.data), (1 bytes).
    Removing up_variable.o(.data), (1 bytes).
    Removing up_variable.o(.data), (1 bytes).
    Removing up_variable.o(.data), (180 bytes).
    Removing up_variable.o(.data), (4 bytes).
    Removing up_variable.o(.data), (2 bytes).
    Removing up_variable.o(.data), (8 bytes).
    Removing up_uart_parse.o(i.COM_TIMER_handler), (80 bytes).
    Removing up_uart_parse.o(i.UP_USR232_Answer), (56 bytes).
    Removing up_uart_parse.o(i.USR232_Parse), (40 bytes).
    Removing up_uart_parse.o(i.USR232_RecHandler), (188 bytes).
    Removing up_uart_parse.o(.bss), (3282 bytes).
    Removing up_uart_parse.o(.data), (12 bytes).
    Removing up_woody_voiceplaying.o(i.UP_Woody_PlayingMusic), (76 bytes).
    Removing up_woody_voiceplaying.o(.data), (8 bytes).
    Removing up_woody_voiceplaying.o(.data), (4 bytes).
    Removing up_woody_speechrecognition.o(i.UP_Display_Return_Read), (104 bytes).
    Removing up_woody_speechrecognition.o(i.UP_Display_Return_Text), (96 bytes).
    Removing up_woody_speechrecognition.o(i.UP_Woody_Display_Speech_ID), (64 bytes).
    Removing up_woody_speechrecognition.o(i.UP_Woody_SpeechRecForbidIssue), (64 bytes).
    Removing up_woody_speechrecognition.o(i.UP_Woody_SpeechRecLetIssue), (64 bytes).
    Removing up_woody_speechrecognition.o(i.UP_Woody_Speech_ClearData), (32 bytes).
    Removing up_woody_speechrecognition.o(i.UP_Woody_Speech_ID_Judge), (24 bytes).
    Removing up_woody_speechrecognition.o(i.UP_Woody_Speech_ReadData), (56 bytes).
    Removing up_woody_speechrecognition.o(i.UP_Woody_Speech_TestCommand), (36 bytes).
    Removing up_woody_speechrecognition.o(.data), (22 bytes).
    Removing up_woody_speechrecognition.o(.data), (1 bytes).
    Removing up_woody_speechrecognition.o(.data), (7 bytes).
    Removing up_woody_speechrecognition.o(.data), (5 bytes).
    Removing up_woody_speechrecognition.o(.data), (5 bytes).
    Removing up_woody_imagerecognition.o(i.TimeHadler), (60 bytes).
    Removing up_woody_imagerecognition.o(i.UP_Woody_BlueRecognize), (108 bytes).
    Removing up_woody_imagerecognition.o(i.UP_Woody_Clear_ImageRecognize_Data), (32 bytes).
    Removing up_woody_imagerecognition.o(i.UP_Woody_Display_Pixel), (48 bytes).
    Removing up_woody_imagerecognition.o(i.UP_Woody_Display_ReturnImageRecognize), (176 bytes).
    Removing up_woody_imagerecognition.o(i.UP_Woody_Display_X_Y), (76 bytes).
    Removing up_woody_imagerecognition.o(i.UP_Woody_ImagePixel), (100 bytes).
    Removing up_woody_imagerecognition.o(i.UP_Woody_ImageRecForbidIssue), (64 bytes).
    Removing up_woody_imagerecognition.o(i.UP_Woody_ImageRecHSISet), (106 bytes).
    Removing up_woody_imagerecognition.o(i.UP_Woody_ImageRecIDSet), (48 bytes).
    Removing up_woody_imagerecognition.o(i.UP_Woody_ImageRecLetIssue), (64 bytes).
    Removing up_woody_imagerecognition.o(i.UP_Woody_Init), (36 bytes).
    Removing up_woody_imagerecognition.o(i.UP_Woody_PinkRecognize), (108 bytes).
    Removing up_woody_imagerecognition.o(i.UP_Woody_RedRecognize), (108 bytes).
    Removing up_woody_imagerecognition.o(i.UP_Woody_WhiteRecognize), (108 bytes).
    Removing up_woody_imagerecognition.o(i.UP_Woody_X_Coordinates), (64 bytes).
    Removing up_woody_imagerecognition.o(i.UP_Woody_Y_Coordinates), (64 bytes).
    Removing up_woody_imagerecognition.o(i.UP_Woody_YellowRecognize), (108 bytes).
    Removing up_woody_imagerecognition.o(i.USR232_Hadler), (80 bytes).
    Removing up_woody_imagerecognition.o(.bss), (20 bytes).
    Removing up_woody_imagerecognition.o(.bss), (20 bytes).
    Removing up_woody_imagerecognition.o(.data), (84 bytes).
    Removing up_woody_imagerecognition.o(.data), (1 bytes).
    Removing up_woody_imagerecognition.o(.data), (5 bytes).
    Removing up_woody_imagerecognition.o(.data), (5 bytes).
    Removing up_woody_imagerecognition.o(.data), (4 bytes).
    Removing up_woody_imagerecognition.o(.data), (4 bytes).
    Removing up_woody_colorandcode.o(i.UP_Woody_BarCodeRecForbidIssue), (64 bytes).
    Removing up_woody_colorandcode.o(i.UP_Woody_BarCodeRecLetIssue), (64 bytes).
    Removing up_woody_colorandcode.o(i.UP_Woody_BarCodeRec_ID_Judge), (24 bytes).
    Removing up_woody_colorandcode.o(i.UP_Woody_ColorRecForbidIssue), (64 bytes).
    Removing up_woody_colorandcode.o(i.UP_Woody_ColorRecLetIssue), (64 bytes).
    Removing up_woody_colorandcode.o(i.UP_Woody_ColorRec_ID_Judge), (24 bytes).
    Removing up_woody_colorandcode.o(i.UP_Woody_Display_BarCodeID), (48 bytes).
    Removing up_woody_colorandcode.o(i.UP_Woody_Display_ColorID), (48 bytes).
    Removing up_woody_colorandcode.o(i.UP_Woody_Display_QrCodeID), (48 bytes).
    Removing up_woody_colorandcode.o(i.UP_Woody_QrCodeRecForbidIssue), (64 bytes).
    Removing up_woody_colorandcode.o(i.UP_Woody_QrCodeRecLetIssue), (64 bytes).
    Removing up_woody_colorandcode.o(i.UP_Woody_QrCodeRec_ID_Judge), (24 bytes).
    Removing up_woody_colorandcode.o(i.UP_Woody_StartUp), (46 bytes).
    Removing fadd.o(.text), (176 bytes).
    Removing fmul.o(.text), (100 bytes).
    Removing fdiv.o(.text), (124 bytes).
    Removing dmul.o(.text), (228 bytes).
    Removing fflti.o(.text), (18 bytes).
    Removing dfltui.o(.text), (26 bytes).
    Removing ffixi.o(.text), (50 bytes).
    Removing dfixi.o(.text), (62 bytes).
    Removing cdrcmple.o(.text), (48 bytes).
    Removing fepilogue.o(.text), (110 bytes).
    Removing depilogue.o(.text), (186 bytes).
    Removing dadd.o(.text), (334 bytes).
    Removing ddiv.o(.text), (222 bytes).
    Removing dfixul.o(.text), (48 bytes).

447 unused section(s) (total 23969 bytes) removed from the image.

==============================================================================

Image Symbol Table

    Local Symbols

    Symbol Name                              Value     Ov Type        Size  Object(Section)

    ../clib/microlib/division.c              0x00000000   Number         0  uidiv.o ABSOLUTE
    ../clib/microlib/division.c              0x00000000   Number         0  uldiv.o ABSOLUTE
    ../clib/microlib/init/entry.s            0x00000000   Number         0  entry5.o ABSOLUTE
    ../clib/microlib/init/entry.s            0x00000000   Number         0  entry2.o ABSOLUTE
    ../clib/microlib/init/entry.s            0x00000000   Number         0  entry7b.o ABSOLUTE
    ../clib/microlib/init/entry.s            0x00000000   Number         0  entry11a.o ABSOLUTE
    ../clib/microlib/init/entry.s            0x00000000   Number         0  entry9a.o ABSOLUTE
    ../clib/microlib/init/entry.s            0x00000000   Number         0  entry.o ABSOLUTE
    ../clib/microlib/init/entry.s            0x00000000   Number         0  entry8b.o ABSOLUTE
    ../clib/microlib/init/entry.s            0x00000000   Number         0  entry11b.o ABSOLUTE
    ../clib/microlib/init/entry.s            0x00000000   Number         0  entry7a.o ABSOLUTE
    ../clib/microlib/init/entry.s            0x00000000   Number         0  entry10b.o ABSOLUTE
    ../clib/microlib/init/entry.s            0x00000000   Number         0  entry8a.o ABSOLUTE
    ../clib/microlib/init/entry.s            0x00000000   Number         0  entry10a.o ABSOLUTE
    ../clib/microlib/init/entry.s            0x00000000   Number         0  entry9b.o ABSOLUTE
    ../clib/microlib/longlong.c              0x00000000   Number         0  llsshr.o ABSOLUTE
    ../clib/microlib/longlong.c              0x00000000   Number         0  llshl.o ABSOLUTE
    ../clib/microlib/longlong.c              0x00000000   Number         0  llushr.o ABSOLUTE
    ../clib/microlib/printf/printf.c         0x00000000   Number         0  printf6.o ABSOLUTE
    ../clib/microlib/printf/printf.c         0x00000000   Number         0  printf7.o ABSOLUTE
    ../clib/microlib/printf/printf.c         0x00000000   Number         0  printf8.o ABSOLUTE
    ../clib/microlib/printf/printf.c         0x00000000   Number         0  printfa.o ABSOLUTE
    ../clib/microlib/printf/printf.c         0x00000000   Number         0  printf0.o ABSOLUTE
    ../clib/microlib/printf/printf.c         0x00000000   Number         0  printf4.o ABSOLUTE
    ../clib/microlib/printf/printf.c         0x00000000   Number         0  printf3.o ABSOLUTE
    ../clib/microlib/printf/printf.c         0x00000000   Number         0  printf2.o ABSOLUTE
    ../clib/microlib/printf/printf.c         0x00000000   Number         0  printf1.o ABSOLUTE
    ../clib/microlib/printf/printf.c         0x00000000   Number         0  printfb.o ABSOLUTE
    ../clib/microlib/printf/printf.c         0x00000000   Number         0  printf5.o ABSOLUTE
    ../clib/microlib/printf/stubs.s          0x00000000   Number         0  stubs.o ABSOLUTE
    ../clib/microlib/stdio/streams.c         0x00000000   Number         0  stdout.o ABSOLUTE
    ../clib/microlib/stubs.s                 0x00000000   Number         0  iusefp.o ABSOLUTE
    ../fplib/microlib/fpadd.c                0x00000000   Number         0  fadd.o ABSOLUTE
    ../fplib/microlib/fpadd.c                0x00000000   Number         0  dadd.o ABSOLUTE
    ../fplib/microlib/fpdiv.c                0x00000000   Number         0  ddiv.o ABSOLUTE
    ../fplib/microlib/fpdiv.c                0x00000000   Number         0  fdiv.o ABSOLUTE
    ../fplib/microlib/fpepilogue.c           0x00000000   Number         0  depilogue.o ABSOLUTE
    ../fplib/microlib/fpepilogue.c           0x00000000   Number         0  fepilogue.o ABSOLUTE
    ../fplib/microlib/fpfix.c                0x00000000   Number         0  dfixi.o ABSOLUTE
    ../fplib/microlib/fpfix.c                0x00000000   Number         0  dfixul.o ABSOLUTE
    ../fplib/microlib/fpfix.c                0x00000000   Number         0  ffixi.o ABSOLUTE
    ../fplib/microlib/fpflt.c                0x00000000   Number         0  dfltui.o ABSOLUTE
    ../fplib/microlib/fpflt.c                0x00000000   Number         0  fflti.o ABSOLUTE
    ../fplib/microlib/fpmul.c                0x00000000   Number         0  dmul.o ABSOLUTE
    ../fplib/microlib/fpmul.c                0x00000000   Number         0  fmul.o ABSOLUTE
    ..\\src\\UpLib\\STM32Lib\\core_cm3.c     0x00000000   Number         0  core_cm3.o ABSOLUTE
    ..\src\UpLib\STM32Lib\StartUp\cortexm3_macro.s 0x00000000   Number         0  cortexm3_macro.o ABSOLUTE
    ..\src\UpLib\STM32Lib\StartUp\startup_stm32f10x_hd.s 0x00000000   Number         0  startup_stm32f10x_hd.o ABSOLUTE
    ..\src\UpLib\STM32Lib\core_cm3.c         0x00000000   Number         0  core_cm3.o ABSOLUTE
    ..\src\UpLib\STM32Lib\misc.c             0x00000000   Number         0  misc.o ABSOLUTE
    ..\src\UpLib\STM32Lib\stm32f10x_adc.c    0x00000000   Number         0  stm32f10x_adc.o ABSOLUTE
    ..\src\UpLib\STM32Lib\stm32f10x_dma.c    0x00000000   Number         0  stm32f10x_dma.o ABSOLUTE
    ..\src\UpLib\STM32Lib\stm32f10x_exti.c   0x00000000   Number         0  stm32f10x_exti.o ABSOLUTE
    ..\src\UpLib\STM32Lib\stm32f10x_gpio.c   0x00000000   Number         0  stm32f10x_gpio.o ABSOLUTE
    ..\src\UpLib\STM32Lib\stm32f10x_rcc.c    0x00000000   Number         0  stm32f10x_rcc.o ABSOLUTE
    ..\src\UpLib\STM32Lib\stm32f10x_tim.c    0x00000000   Number         0  stm32f10x_tim.o ABSOLUTE
    ..\src\UpLib\STM32Lib\stm32f10x_usart.c  0x00000000   Number         0  stm32f10x_usart.o ABSOLUTE
    ..\src\UpLib\STM32Lib\system_stm32f10x.c 0x00000000   Number         0  system_stm32f10x.o ABSOLUTE
    ..\src\UpLib\UP_ADC.c                    0x00000000   Number         0  up_adc.o ABSOLUTE
    ..\src\UpLib\UP_Bluetooth.c              0x00000000   Number         0  up_bluetooth.o ABSOLUTE
    ..\src\UpLib\UP_CDS5500.c                0x00000000   Number         0  up_cds5500.o ABSOLUTE
    ..\src\UpLib\UP_Exti.c                   0x00000000   Number         0  up_exti.o ABSOLUTE
    ..\src\UpLib\UP_Globle.c                 0x00000000   Number         0  up_globle.o ABSOLUTE
    ..\src\UpLib\UP_IOout.c                  0x00000000   Number         0  up_ioout.o ABSOLUTE
    ..\src\UpLib\UP_Key.c                    0x00000000   Number         0  up_key.o ABSOLUTE
    ..\src\UpLib\UP_LCD.c                    0x00000000   Number         0  up_lcd.o ABSOLUTE
    ..\src\UpLib\UP_MP3.c                    0x00000000   Number         0  up_mp3.o ABSOLUTE
    ..\src\UpLib\UP_NVIC.c                   0x00000000   Number         0  up_nvic.o ABSOLUTE
    ..\src\UpLib\UP_PWM.c                    0x00000000   Number         0  up_pwm.o ABSOLUTE
    ..\src\UpLib\UP_RFID.c                   0x00000000   Number         0  up_rfid.o ABSOLUTE
    ..\src\UpLib\UP_System.c                 0x00000000   Number         0  up_system.o ABSOLUTE
    ..\src\UpLib\UP_Timer.c                  0x00000000   Number         0  up_timer.o ABSOLUTE
    ..\src\UpLib\UP_UART.c                   0x00000000   Number         0  up_uart.o ABSOLUTE
    ..\src\UpLib\UP_UART_Parse.c             0x00000000   Number         0  up_uart_parse.o ABSOLUTE
    ..\src\UpLib\UP_USR232.c                 0x00000000   Number         0  up_usr232.o ABSOLUTE
    ..\src\UpLib\UP_VGA.c                    0x00000000   Number         0  up_vga.o ABSOLUTE
    ..\src\UpLib\UP_Variable.c               0x00000000   Number         0  up_variable.o ABSOLUTE
    ..\src\UpLib\UP_Woody_ColorAndCode.c     0x00000000   Number         0  up_woody_colorandcode.o ABSOLUTE
    ..\src\UpLib\UP_Woody_ImageRecognition.c 0x00000000   Number         0  up_woody_imagerecognition.o ABSOLUTE
    ..\src\UpLib\UP_Woody_SpeechRecognition.c 0x00000000   Number         0  up_woody_speechrecognition.o ABSOLUTE
    ..\src\UpLib\UP_Woody_VoicePlaying.c     0x00000000   Number         0  up_woody_voiceplaying.o ABSOLUTE
    ..\src\UpLib\UP_Zigbee.c                 0x00000000   Number         0  up_zigbee.o ABSOLUTE
    ..\src\UpLib\UP_it.c                     0x00000000   Number         0  up_it.o ABSOLUTE
    ..\src\main.c                            0x00000000   Number         0  main.o ABSOLUTE
    cdrcmple.s                               0x00000000   Number         0  cdrcmple.o ABSOLUTE
    dc.s                                     0x00000000   Number         0  dc.o ABSOLUTE
    handlers.s                               0x00000000   Number         0  handlers.o ABSOLUTE
    init.s                                   0x00000000   Number         0  init.o ABSOLUTE
    RESET                                    0x0800b000   Section      304  startup_stm32f10x_hd.o(RESET)
    .ARM.Collect$$$$00000000                 0x0800b130   Section        0  entry.o(.ARM.Collect$$$$00000000)
    .ARM.Collect$$$$00000001                 0x0800b130   Section        4  entry2.o(.ARM.Collect$$$$00000001)
    .ARM.Collect$$$$00000004                 0x0800b134   Section        4  entry5.o(.ARM.Collect$$$$00000004)
    .ARM.Collect$$$$00000008                 0x0800b138   Section        0  entry7b.o(.ARM.Collect$$$$00000008)
    .ARM.Collect$$$$0000000A                 0x0800b138   Section        0  entry8b.o(.ARM.Collect$$$$0000000A)
    .ARM.Collect$$$$0000000B                 0x0800b138   Section        8  entry9a.o(.ARM.Collect$$$$0000000B)
    .ARM.Collect$$$$0000000D                 0x0800b140   Section        0  entry10a.o(.ARM.Collect$$$$0000000D)
    .ARM.Collect$$$$0000000F                 0x0800b140   Section        0  entry11a.o(.ARM.Collect$$$$0000000F)
    .ARM.Collect$$$$00002712                 0x0800b140   Section        4  entry2.o(.ARM.Collect$$$$00002712)
    __lit__00000000                          0x0800b140   Data           4  entry2.o(.ARM.Collect$$$$00002712)
    .text                                    0x0800b144   Section       36  startup_stm32f10x_hd.o(.text)
    .text                                    0x0800b168   Section       36  init.o(.text)
    i.ADC_Cmd                                0x0800b18c   Section        0  stm32f10x_adc.o(i.ADC_Cmd)
    i.ADC_DMACmd                             0x0800b1a0   Section        0  stm32f10x_adc.o(i.ADC_DMACmd)
    i.ADC_GetCalibrationStatus               0x0800b1b4   Section        0  stm32f10x_adc.o(i.ADC_GetCalibrationStatus)
    i.ADC_GetResetCalibrationStatus          0x0800b1c2   Section        0  stm32f10x_adc.o(i.ADC_GetResetCalibrationStatus)
    i.ADC_Init                               0x0800b1d0   Section        0  stm32f10x_adc.o(i.ADC_Init)
    i.ADC_RegularChannelConfig               0x0800b218   Section        0  stm32f10x_adc.o(i.ADC_RegularChannelConfig)
    i.ADC_ResetCalibration                   0x0800b28c   Section        0  stm32f10x_adc.o(i.ADC_ResetCalibration)
    i.ADC_SoftwareStartConvCmd               0x0800b296   Section        0  stm32f10x_adc.o(i.ADC_SoftwareStartConvCmd)
    i.ADC_StartCalibration                   0x0800b2aa   Section        0  stm32f10x_adc.o(i.ADC_StartCalibration)
    i.CDS_UARTHadler                         0x0800b2b4   Section        0  up_vga.o(i.CDS_UARTHadler)
    i.ChangeInfrared                         0x0800b348   Section        0  main.o(i.ChangeInfrared)
    i.CheckCDSSend                           0x0800b360   Section        0  up_uart.o(i.CheckCDSSend)
    i.DMA1_Channel1_IRQHandler               0x0800b3b4   Section        0  up_it.o(i.DMA1_Channel1_IRQHandler)
    i.DMA1_Channel2_IRQHandler               0x0800b3cc   Section        0  up_it.o(i.DMA1_Channel2_IRQHandler)
    i.DMA_ClearITPendingBit                  0x0800b3fc   Section        0  stm32f10x_dma.o(i.DMA_ClearITPendingBit)
    i.DMA_Cmd                                0x0800b414   Section        0  stm32f10x_dma.o(i.DMA_Cmd)
    i.DMA_DeInit                             0x0800b42c   Section        0  stm32f10x_dma.o(i.DMA_DeInit)
    i.DMA_GetITStatus                        0x0800b510   Section        0  stm32f10x_dma.o(i.DMA_GetITStatus)
    i.DMA_ITConfig                           0x0800b530   Section        0  stm32f10x_dma.o(i.DMA_ITConfig)
    i.DMA_Init                               0x0800b540   Section        0  stm32f10x_dma.o(i.DMA_Init)
    i.Delay_ms                               0x0800b57a   Section        0  up_lcd.o(i.Delay_ms)
    i.Delay_us                               0x0800b594   Section        0  up_lcd.o(i.Delay_us)
    i.EXTI0_IRQHandler                       0x0800b5aa   Section        0  up_it.o(i.EXTI0_IRQHandler)
    i.EXTI15_10_IRQHandler                   0x0800b5b0   Section        0  up_it.o(i.EXTI15_10_IRQHandler)
    i.EXTI1_IRQHandler                       0x0800b5fe   Section        0  up_it.o(i.EXTI1_IRQHandler)
    i.EXTI2_IRQHandler                       0x0800b604   Section        0  up_it.o(i.EXTI2_IRQHandler)
    i.EXTI3_IRQHandler                       0x0800b60a   Section        0  up_it.o(i.EXTI3_IRQHandler)
    i.EXTI4_IRQHandler                       0x0800b610   Section        0  up_it.o(i.EXTI4_IRQHandler)
    i.EXTI9_5_IRQHandler                     0x0800b616   Section        0  up_it.o(i.EXTI9_5_IRQHandler)
    i.EXTI_GetITStatus                       0x0800b660   Section        0  stm32f10x_exti.o(i.EXTI_GetITStatus)
    i.EXTI_IRQHandler                        0x0800b680   Section        0  up_it.o(i.EXTI_IRQHandler)
    i.GPIO_EXTILineConfig                    0x0800b69c   Section        0  stm32f10x_gpio.o(i.GPIO_EXTILineConfig)
    i.GPIO_Init                              0x0800b6c4   Section        0  stm32f10x_gpio.o(i.GPIO_Init)
    i.GPIO_PinRemapConfig                    0x0800b768   Section        0  stm32f10x_gpio.o(i.GPIO_PinRemapConfig)
    i.GPIO_ResetBits                         0x0800b7c0   Section        0  stm32f10x_gpio.o(i.GPIO_ResetBits)
    i.GetInfraredSenorState                  0x0800b7c4   Section        0  main.o(i.GetInfraredSenorState)
    i.LCD_WriteCmd                           0x0800b934   Section        0  up_lcd.o(i.LCD_WriteCmd)
    i.LCD_WriteData                          0x0800b990   Section        0  up_lcd.o(i.LCD_WriteData)
    i.Lcds_Config                            0x0800b9dc   Section        0  up_lcd.o(i.Lcds_Config)
    i.MoveBack                               0x0800ba2c   Section        0  main.o(i.MoveBack)
    i.MoveForword                            0x0800ba48   Section        0  main.o(i.MoveForword)
    i.MoveLeft                               0x0800ba6c   Section        0  main.o(i.MoveLeft)
    i.MoveRight                              0x0800baa4   Section        0  main.o(i.MoveRight)
    i.NVIC_Init                              0x0800badc   Section        0  misc.o(i.NVIC_Init)
    i.NVIC_PriorityGroupConfig               0x0800bb40   Section        0  misc.o(i.NVIC_PriorityGroupConfig)
    i.NVIC_SetVectorTable                    0x0800bb54   Section        0  misc.o(i.NVIC_SetVectorTable)
    i.RCC_AHBPeriphClockCmd                  0x0800bb68   Section        0  stm32f10x_rcc.o(i.RCC_AHBPeriphClockCmd)
    i.RCC_APB1PeriphClockCmd                 0x0800bb80   Section        0  stm32f10x_rcc.o(i.RCC_APB1PeriphClockCmd)
    i.RCC_APB1PeriphResetCmd                 0x0800bb98   Section        0  stm32f10x_rcc.o(i.RCC_APB1PeriphResetCmd)
    i.RCC_APB2PeriphClockCmd                 0x0800bbb0   Section        0  stm32f10x_rcc.o(i.RCC_APB2PeriphClockCmd)
    i.RCC_APB2PeriphResetCmd                 0x0800bbc8   Section        0  stm32f10x_rcc.o(i.RCC_APB2PeriphResetCmd)
    i.RCC_GetClocksFreq                      0x0800bbe0   Section        0  stm32f10x_rcc.o(i.RCC_GetClocksFreq)
    i.SPIByte                                0x0800bc70   Section        0  up_lcd.o(i.SPIByte)
    i.SetSysClockTo72                        0x0800bcac   Section        0  system_stm32f10x.o(i.SetSysClockTo72)
    SetSysClockTo72                          0x0800bcad   Thumb Code   160  system_stm32f10x.o(i.SetSysClockTo72)
    i.SysTick_Handler                        0x0800bd54   Section        0  up_it.o(i.SysTick_Handler)
    i.SystemInit                             0x0800bd58   Section        0  system_stm32f10x.o(i.SystemInit)
    i.TIM3_IRQHandler                        0x0800bda8   Section        0  up_it.o(i.TIM3_IRQHandler)
    i.TIM_ClearITPendingBit                  0x0800bdac   Section        0  stm32f10x_tim.o(i.TIM_ClearITPendingBit)
    i.TIM_Cmd                                0x0800bdb2   Section        0  stm32f10x_tim.o(i.TIM_Cmd)
    i.TIM_CtrlPWMOutputs                     0x0800bdc6   Section        0  stm32f10x_tim.o(i.TIM_CtrlPWMOutputs)
    i.TIM_DeInit                             0x0800bddc   Section        0  stm32f10x_tim.o(i.TIM_DeInit)
    i.TIM_GetITStatus                        0x0800bf4c   Section        0  stm32f10x_tim.o(i.TIM_GetITStatus)
    i.TIM_ITConfig                           0x0800bf64   Section        0  stm32f10x_tim.o(i.TIM_ITConfig)
    i.TIM_OC1Init                            0x0800bf74   Section        0  stm32f10x_tim.o(i.TIM_OC1Init)
    i.TIM_OC2Init                            0x0800bff4   Section        0  stm32f10x_tim.o(i.TIM_OC2Init)
    i.TIM_OC3Init                            0x0800c074   Section        0  stm32f10x_tim.o(i.TIM_OC3Init)
    i.TIM_OC4Init                            0x0800c0f0   Section        0  stm32f10x_tim.o(i.TIM_OC4Init)
    i.TIM_TimeBaseInit                       0x0800c154   Section        0  stm32f10x_tim.o(i.TIM_TimeBaseInit)
    i.UART4_IRQHandler                       0x0800c1f0   Section        0  up_it.o(i.UART4_IRQHandler)
    i.UART5_IRQHandler                       0x0800c248   Section        0  up_it.o(i.UART5_IRQHandler)
    i.UP_ADC_DMAConfiguration                0x0800c2a0   Section        0  up_adc.o(i.UP_ADC_DMAConfiguration)
    i.UP_ADC_GetValue                        0x0800c2fc   Section        0  up_adc.o(i.UP_ADC_GetValue)
    i.UP_ADC_Init                            0x0800c310   Section        0  up_adc.o(i.UP_ADC_Init)
    i.UP_Bluetooth_Init                      0x0800c498   Section        0  up_bluetooth.o(i.UP_Bluetooth_Init)
    i.UP_CDS_SetAngle                        0x0800c4d0   Section        0  up_cds5500.o(i.UP_CDS_SetAngle)
    i.UP_CDS_SetSpeed                        0x0800c504   Section        0  up_cds5500.o(i.UP_CDS_SetSpeed)
    i.UP_Exti_Init                           0x0800c54c   Section        0  up_exti.o(i.UP_Exti_Init)
    i.UP_IOout_AllLow                        0x0800c680   Section        0  up_ioout.o(i.UP_IOout_AllLow)
    i.UP_IOout_GPIOInit                      0x0800c6a8   Section        0  up_ioout.o(i.UP_IOout_GPIOInit)
    i.UP_IOout_Init                          0x0800c708   Section        0  up_ioout.o(i.UP_IOout_Init)
    i.UP_Key_Init                            0x0800c70c   Section        0  up_key.o(i.UP_Key_Init)
    i.UP_LCD_ClearScreen                     0x0800c764   Section        0  up_lcd.o(i.UP_LCD_ClearScreen)
    i.UP_LCD_Fill                            0x0800c77c   Section        0  up_lcd.o(i.UP_LCD_Fill)
    i.UP_LCD_Init                            0x0800c7c0   Section        0  up_lcd.o(i.UP_LCD_Init)
    i.UP_LCD_Turn                            0x0800c8c0   Section        0  up_lcd.o(i.UP_LCD_Turn)
    i.UP_NVIC_Configuration                  0x0800c8d0   Section        0  up_nvic.o(i.UP_NVIC_Configuration)
    i.UP_PWM_Init                            0x0800ca74   Section        0  up_pwm.o(i.UP_PWM_Init)
    i.UP_System_Init                         0x0800cb20   Section        0  up_system.o(i.UP_System_Init)
    i.UP_Timer_Init                          0x0800cb54   Section        0  up_timer.o(i.UP_Timer_Init)
    i.UP_Timer_Pro                           0x0800cc78   Section        0  up_timer.o(i.UP_Timer_Pro)
    i.UP_UART_DMAConfiguration               0x0800ce64   Section        0  up_uart.o(i.UP_UART_DMAConfiguration)
    i.UP_UART_Init                           0x0800cec4   Section        0  up_uart.o(i.UP_UART_Init)
    i.UP_Uart3_SendCDSFrame                  0x0800d1ac   Section        0  up_uart.o(i.UP_Uart3_SendCDSFrame)
    i.UP_delay_ms                            0x0800d244   Section        0  up_globle.o(i.UP_delay_ms)
    i.UP_delay_us                            0x0800d25e   Section        0  up_globle.o(i.UP_delay_us)
    i.USART1_IRQHandler                      0x0800d274   Section        0  up_it.o(i.USART1_IRQHandler)
    i.USART3_IRQHandler                      0x0800d2cc   Section        0  up_vga.o(i.USART3_IRQHandler)
    i.USART_ClearFlag                        0x0800d318   Section        0  stm32f10x_usart.o(i.USART_ClearFlag)
    i.USART_ClearITPendingBit                0x0800d31e   Section        0  stm32f10x_usart.o(i.USART_ClearITPendingBit)
    i.USART_ClockInit                        0x0800d32a   Section        0  stm32f10x_usart.o(i.USART_ClockInit)
    i.USART_Cmd                              0x0800d348   Section        0  stm32f10x_usart.o(i.USART_Cmd)
    i.USART_DMACmd                           0x0800d35c   Section        0  stm32f10x_usart.o(i.USART_DMACmd)
    i.USART_GetFlagStatus                    0x0800d36c   Section        0  stm32f10x_usart.o(i.USART_GetFlagStatus)
    i.USART_GetITStatus                      0x0800d37a   Section        0  stm32f10x_usart.o(i.USART_GetITStatus)
    i.USART_ITConfig                         0x0800d3b8   Section        0  stm32f10x_usart.o(i.USART_ITConfig)
    i.USART_Init                             0x0800d3e8   Section        0  stm32f10x_usart.o(i.USART_Init)
    i.USART_ReceiveData                      0x0800d494   Section        0  stm32f10x_usart.o(i.USART_ReceiveData)
    i.WakeOnStage                            0x0800d49c   Section        0  main.o(i.WakeOnStage)
    i.__scatterload_copy                     0x0800d4e8   Section       14  handlers.o(i.__scatterload_copy)
    i.__scatterload_null                     0x0800d4f6   Section        2  handlers.o(i.__scatterload_null)
    i.__scatterload_zeroinit                 0x0800d4f8   Section       14  handlers.o(i.__scatterload_zeroinit)
    i.main                                   0x0800d508   Section        0  main.o(i.main)
    .data                                    0x20000000   Section        1  main.o(.data)
    .data                                    0x20000001   Section       20  stm32f10x_rcc.o(.data)
    ADCPrescTable                            0x20000001   Data           4  stm32f10x_rcc.o(.data)
    APBAHBPrescTable                         0x20000005   Data          16  stm32f10x_rcc.o(.data)
    .data                                    0x20000018   Section       20  system_stm32f10x.o(.data)
    .data                                    0x2000002c   Section        1  up_globle.o(.data)
    .data                                    0x20000030   Section        4  up_globle.o(.data)
    .data                                    0x20000034   Section        4  up_globle.o(.data)
    .data                                    0x20000038   Section        1  up_globle.o(.data)
    .data                                    0x2000003c   Section        4  up_globle.o(.data)
    .data                                    0x20000040   Section        4  up_globle.o(.data)
    .data                                    0x20000044   Section        1  up_globle.o(.data)
    .data                                    0x20000048   Section        4  up_globle.o(.data)
    .data                                    0x2000004c   Section        4  up_globle.o(.data)
    .data                                    0x20000050   Section        4  up_globle.o(.data)
    .data                                    0x20000054   Section        4  up_globle.o(.data)
    .data                                    0x20000058   Section        4  up_globle.o(.data)
    .data                                    0x2000005c   Section        4  up_globle.o(.data)
    .data                                    0x20000060   Section        4  up_globle.o(.data)
    .data                                    0x20000064   Section        4  up_globle.o(.data)
    .data                                    0x20000068   Section        4  up_globle.o(.data)
    .data                                    0x2000006c   Section        3  up_lcd.o(.data)
    s_bClearScreen                           0x2000006e   Data           1  up_lcd.o(.data)
    .data                                    0x2000006f   Section        2  up_uart.o(.data)
    .data                                    0x20000074   Section       36  up_timer.o(.data)
    .data                                    0x20000098   Section       57  up_vga.o(.data)
    sum                                      0x2000009b   Data           1  up_vga.o(.data)
    count                                    0x2000009c   Data           1  up_vga.o(.data)
    data_count                               0x2000009d   Data           1  up_vga.o(.data)
    Count                                    0x200000bc   Data           4  up_vga.o(.data)
    Count2                                   0x200000c0   Data           4  up_vga.o(.data)
    Count3                                   0x200000c4   Data           4  up_vga.o(.data)
    .bss                                     0x200000d4   Section       32  up_adc.o(.bss)
    .bss                                     0x200000f4   Section      420  up_uart.o(.bss)
    .bss                                     0x20000298   Section       16  up_timer.o(.bss)
    .bss                                     0x200002a8   Section       16  up_pwm.o(.bss)
    STACK                                    0x200002b8   Section     1024  startup_stm32f10x_hd.o(STACK)

    Global Symbols

    Symbol Name                              Value     Ov Type        Size  Object(Section)

    BuildAttributes$$THM_ISAv4$P$D$K$B$S$PE$A:L22UL41UL21$X:L11$S22US41US21$IEEE1$IW$USESV6$~STKCKD$USESV7$~SHL$OTIME$ROPI$EBA8$MICROLIB$REQ8$PRES8$EABIv2 0x00000000   Number         0  anon$$obj.o ABSOLUTE
    __ARM_use_no_argv                        0x00000000   Number         0  main.o ABSOLUTE
    _printf_a                                0x00000000   Number         0  stubs.o ABSOLUTE
    _printf_c                                0x00000000   Number         0  stubs.o ABSOLUTE
    _printf_charcount                        0x00000000   Number         0  stubs.o ABSOLUTE
    _printf_d                                0x00000000   Number         0  stubs.o ABSOLUTE
    _printf_e                                0x00000000   Number         0  stubs.o ABSOLUTE
    _printf_f                                0x00000000   Number         0  stubs.o ABSOLUTE
    _printf_flags                            0x00000000   Number         0  stubs.o ABSOLUTE
    _printf_fp_dec                           0x00000000   Number         0  stubs.o ABSOLUTE
    _printf_fp_hex                           0x00000000   Number         0  stubs.o ABSOLUTE
    _printf_g                                0x00000000   Number         0  stubs.o ABSOLUTE
    _printf_i                                0x00000000   Number         0  stubs.o ABSOLUTE
    _printf_int_dec                          0x00000000   Number         0  stubs.o ABSOLUTE
    _printf_l                                0x00000000   Number         0  stubs.o ABSOLUTE
    _printf_lc                               0x00000000   Number         0  stubs.o ABSOLUTE
    _printf_ll                               0x00000000   Number         0  stubs.o ABSOLUTE
    _printf_lld                              0x00000000   Number         0  stubs.o ABSOLUTE
    _printf_lli                              0x00000000   Number         0  stubs.o ABSOLUTE
    _printf_llo                              0x00000000   Number         0  stubs.o ABSOLUTE
    _printf_llu                              0x00000000   Number         0  stubs.o ABSOLUTE
    _printf_llx                              0x00000000   Number         0  stubs.o ABSOLUTE
    _printf_longlong_dec                     0x00000000   Number         0  stubs.o ABSOLUTE
    _printf_longlong_hex                     0x00000000   Number         0  stubs.o ABSOLUTE
    _printf_longlong_oct                     0x00000000   Number         0  stubs.o ABSOLUTE
    _printf_ls                               0x00000000   Number         0  stubs.o ABSOLUTE
    _printf_mbtowc                           0x00000000   Number         0  stubs.o ABSOLUTE
    _printf_n                                0x00000000   Number         0  stubs.o ABSOLUTE
    _printf_o                                0x00000000   Number         0  stubs.o ABSOLUTE
    _printf_p                                0x00000000   Number         0  stubs.o ABSOLUTE
    _printf_percent                          0x00000000   Number         0  stubs.o ABSOLUTE
    _printf_pre_padding                      0x00000000   Number         0  stubs.o ABSOLUTE
    _printf_return_value                     0x00000000   Number         0  stubs.o ABSOLUTE
    _printf_s                                0x00000000   Number         0  stubs.o ABSOLUTE
    _printf_sizespec                         0x00000000   Number         0  stubs.o ABSOLUTE
    _printf_str                              0x00000000   Number         0  stubs.o ABSOLUTE
    _printf_truncate_signed                  0x00000000   Number         0  stubs.o ABSOLUTE
    _printf_truncate_unsigned                0x00000000   Number         0  stubs.o ABSOLUTE
    _printf_u                                0x00000000   Number         0  stubs.o ABSOLUTE
    _printf_wc                               0x00000000   Number         0  stubs.o ABSOLUTE
    _printf_wctomb                           0x00000000   Number         0  stubs.o ABSOLUTE
    _printf_widthprec                        0x00000000   Number         0  stubs.o ABSOLUTE
    _printf_x                                0x00000000   Number         0  stubs.o ABSOLUTE
    __cpp_initialize__aeabi_                  - Undefined Weak Reference
    __cxa_finalize                            - Undefined Weak Reference
    __decompress                              - Undefined Weak Reference
    _clock_init                               - Undefined Weak Reference
    _microlib_exit                            - Undefined Weak Reference
    __Vectors_Size                           0x00000130   Number         0  startup_stm32f10x_hd.o ABSOLUTE
    __Vectors                                0x0800b000   Data           4  startup_stm32f10x_hd.o(RESET)
    __Vectors_End                            0x0800b130   Data           0  startup_stm32f10x_hd.o(RESET)
    __main                                   0x0800b131   Thumb Code     0  entry.o(.ARM.Collect$$$$00000000)
    _main_stk                                0x0800b131   Thumb Code     0  entry2.o(.ARM.Collect$$$$00000001)
    _main_scatterload                        0x0800b135   Thumb Code     0  entry5.o(.ARM.Collect$$$$00000004)
    __main_after_scatterload                 0x0800b139   Thumb Code     0  entry5.o(.ARM.Collect$$$$00000004)
    _main_clock                              0x0800b139   Thumb Code     0  entry7b.o(.ARM.Collect$$$$00000008)
    _main_cpp_init                           0x0800b139   Thumb Code     0  entry8b.o(.ARM.Collect$$$$0000000A)
    _main_init                               0x0800b139   Thumb Code     0  entry9a.o(.ARM.Collect$$$$0000000B)
    __rt_final_cpp                           0x0800b141   Thumb Code     0  entry10a.o(.ARM.Collect$$$$0000000D)
    __rt_final_exit                          0x0800b141   Thumb Code     0  entry11a.o(.ARM.Collect$$$$0000000F)
    Reset_Handler                            0x0800b145   Thumb Code     8  startup_stm32f10x_hd.o(.text)
    NMI_Handler                              0x0800b14d   Thumb Code     2  startup_stm32f10x_hd.o(.text)
    HardFault_Handler                        0x0800b14f   Thumb Code     2  startup_stm32f10x_hd.o(.text)
    MemManage_Handler                        0x0800b151   Thumb Code     2  startup_stm32f10x_hd.o(.text)
    BusFault_Handler                         0x0800b153   Thumb Code     2  startup_stm32f10x_hd.o(.text)
    UsageFault_Handler                       0x0800b155   Thumb Code     2  startup_stm32f10x_hd.o(.text)
    SVC_Handler                              0x0800b157   Thumb Code     2  startup_stm32f10x_hd.o(.text)
    DebugMon_Handler                         0x0800b159   Thumb Code     2  startup_stm32f10x_hd.o(.text)
    PendSV_Handler                           0x0800b15b   Thumb Code     2  startup_stm32f10x_hd.o(.text)
    ADC1_2_IRQHandler                        0x0800b15f   Thumb Code     0  startup_stm32f10x_hd.o(.text)
    ADC3_IRQHandler                          0x0800b15f   Thumb Code     0  startup_stm32f10x_hd.o(.text)
    CAN1_RX1_IRQHandler                      0x0800b15f   Thumb Code     0  startup_stm32f10x_hd.o(.text)
    CAN1_SCE_IRQHandler                      0x0800b15f   Thumb Code     0  startup_stm32f10x_hd.o(.text)
    DMA1_Channel3_IRQHandler                 0x0800b15f   Thumb Code     0  startup_stm32f10x_hd.o(.text)
    DMA1_Channel4_IRQHandler                 0x0800b15f   Thumb Code     0  startup_stm32f10x_hd.o(.text)
    DMA1_Channel5_IRQHandler                 0x0800b15f   Thumb Code     0  startup_stm32f10x_hd.o(.text)
    DMA1_Channel6_IRQHandler                 0x0800b15f   Thumb Code     0  startup_stm32f10x_hd.o(.text)
    DMA1_Channel7_IRQHandler                 0x0800b15f   Thumb Code     0  startup_stm32f10x_hd.o(.text)
    DMA2_Channel1_IRQHandler                 0x0800b15f   Thumb Code     0  startup_stm32f10x_hd.o(.text)
    DMA2_Channel2_IRQHandler                 0x0800b15f   Thumb Code     0  startup_stm32f10x_hd.o(.text)
    DMA2_Channel3_IRQHandler                 0x0800b15f   Thumb Code     0  startup_stm32f10x_hd.o(.text)
    DMA2_Channel4_5_IRQHandler               0x0800b15f   Thumb Code     0  startup_stm32f10x_hd.o(.text)
    FLASH_IRQHandler                         0x0800b15f   Thumb Code     0  startup_stm32f10x_hd.o(.text)
    FSMC_IRQHandler                          0x0800b15f   Thumb Code     0  startup_stm32f10x_hd.o(.text)
    I2C1_ER_IRQHandler                       0x0800b15f   Thumb Code     0  startup_stm32f10x_hd.o(.text)
    I2C1_EV_IRQHandler                       0x0800b15f   Thumb Code     0  startup_stm32f10x_hd.o(.text)
    I2C2_ER_IRQHandler                       0x0800b15f   Thumb Code     0  startup_stm32f10x_hd.o(.text)
    I2C2_EV_IRQHandler                       0x0800b15f   Thumb Code     0  startup_stm32f10x_hd.o(.text)
    PVD_IRQHandler                           0x0800b15f   Thumb Code     0  startup_stm32f10x_hd.o(.text)
    RCC_IRQHandler                           0x0800b15f   Thumb Code     0  startup_stm32f10x_hd.o(.text)
    RTCAlarm_IRQHandler                      0x0800b15f   Thumb Code     0  startup_stm32f10x_hd.o(.text)
    RTC_IRQHandler                           0x0800b15f   Thumb Code     0  startup_stm32f10x_hd.o(.text)
    SDIO_IRQHandler                          0x0800b15f   Thumb Code     0  startup_stm32f10x_hd.o(.text)
    SPI1_IRQHandler                          0x0800b15f   Thumb Code     0  startup_stm32f10x_hd.o(.text)
    SPI2_IRQHandler                          0x0800b15f   Thumb Code     0  startup_stm32f10x_hd.o(.text)
    SPI3_IRQHandler                          0x0800b15f   Thumb Code     0  startup_stm32f10x_hd.o(.text)
    TAMPER_IRQHandler                        0x0800b15f   Thumb Code     0  startup_stm32f10x_hd.o(.text)
    TIM1_BRK_IRQHandler                      0x0800b15f   Thumb Code     0  startup_stm32f10x_hd.o(.text)
    TIM1_CC_IRQHandler                       0x0800b15f   Thumb Code     0  startup_stm32f10x_hd.o(.text)
    TIM1_TRG_COM_IRQHandler                  0x0800b15f   Thumb Code     0  startup_stm32f10x_hd.o(.text)
    TIM1_UP_IRQHandler                       0x0800b15f   Thumb Code     0  startup_stm32f10x_hd.o(.text)
    TIM2_IRQHandler                          0x0800b15f   Thumb Code     0  startup_stm32f10x_hd.o(.text)
    TIM4_IRQHandler                          0x0800b15f   Thumb Code     0  startup_stm32f10x_hd.o(.text)
    TIM5_IRQHandler                          0x0800b15f   Thumb Code     0  startup_stm32f10x_hd.o(.text)
    TIM6_IRQHandler                          0x0800b15f   Thumb Code     0  startup_stm32f10x_hd.o(.text)
    TIM7_IRQHandler                          0x0800b15f   Thumb Code     0  startup_stm32f10x_hd.o(.text)
    TIM8_BRK_IRQHandler                      0x0800b15f   Thumb Code     0  startup_stm32f10x_hd.o(.text)
    TIM8_CC_IRQHandler                       0x0800b15f   Thumb Code     0  startup_stm32f10x_hd.o(.text)
    TIM8_TRG_COM_IRQHandler                  0x0800b15f   Thumb Code     0  startup_stm32f10x_hd.o(.text)
    TIM8_UP_IRQHandler                       0x0800b15f   Thumb Code     0  startup_stm32f10x_hd.o(.text)
    USART2_IRQHandler                        0x0800b15f   Thumb Code     0  startup_stm32f10x_hd.o(.text)
    USBWakeUp_IRQHandler                     0x0800b15f   Thumb Code     0  startup_stm32f10x_hd.o(.text)
    USB_HP_CAN1_TX_IRQHandler                0x0800b15f   Thumb Code     0  startup_stm32f10x_hd.o(.text)
    USB_LP_CAN1_RX0_IRQHandler               0x0800b15f   Thumb Code     0  startup_stm32f10x_hd.o(.text)
    WWDG_IRQHandler                          0x0800b15f   Thumb Code     0  startup_stm32f10x_hd.o(.text)
    __scatterload                            0x0800b169   Thumb Code    28  init.o(.text)
    __scatterload_rt2                        0x0800b169   Thumb Code     0  init.o(.text)
    ADC_Cmd                                  0x0800b18d   Thumb Code    20  stm32f10x_adc.o(i.ADC_Cmd)
    ADC_DMACmd                               0x0800b1a1   Thumb Code    20  stm32f10x_adc.o(i.ADC_DMACmd)
    ADC_GetCalibrationStatus                 0x0800b1b5   Thumb Code    14  stm32f10x_adc.o(i.ADC_GetCalibrationStatus)
    ADC_GetResetCalibrationStatus            0x0800b1c3   Thumb Code    14  stm32f10x_adc.o(i.ADC_GetResetCalibrationStatus)
    ADC_Init                                 0x0800b1d1   Thumb Code    62  stm32f10x_adc.o(i.ADC_Init)
    ADC_RegularChannelConfig                 0x0800b219   Thumb Code   116  stm32f10x_adc.o(i.ADC_RegularChannelConfig)
    ADC_ResetCalibration                     0x0800b28d   Thumb Code    10  stm32f10x_adc.o(i.ADC_ResetCalibration)
    ADC_SoftwareStartConvCmd                 0x0800b297   Thumb Code    20  stm32f10x_adc.o(i.ADC_SoftwareStartConvCmd)
    ADC_StartCalibration                     0x0800b2ab   Thumb Code    10  stm32f10x_adc.o(i.ADC_StartCalibration)
    CDS_UARTHadler                           0x0800b2b5   Thumb Code   144  up_vga.o(i.CDS_UARTHadler)
    ChangeInfrared                           0x0800b349   Thumb Code    22  main.o(i.ChangeInfrared)
    CheckCDSSend                             0x0800b361   Thumb Code    68  up_uart.o(i.CheckCDSSend)
    DMA1_Channel1_IRQHandler                 0x0800b3b5   Thumb Code    24  up_it.o(i.DMA1_Channel1_IRQHandler)
    DMA1_Channel2_IRQHandler                 0x0800b3cd   Thumb Code    40  up_it.o(i.DMA1_Channel2_IRQHandler)
    DMA_ClearITPendingBit                    0x0800b3fd   Thumb Code    16  stm32f10x_dma.o(i.DMA_ClearITPendingBit)
    DMA_Cmd                                  0x0800b415   Thumb Code    22  stm32f10x_dma.o(i.DMA_Cmd)
    DMA_DeInit                               0x0800b42d   Thumb Code   218  stm32f10x_dma.o(i.DMA_DeInit)
    DMA_GetITStatus                          0x0800b511   Thumb Code    24  stm32f10x_dma.o(i.DMA_GetITStatus)
    DMA_ITConfig                             0x0800b531   Thumb Code    16  stm32f10x_dma.o(i.DMA_ITConfig)
    DMA_Init                                 0x0800b541   Thumb Code    58  stm32f10x_dma.o(i.DMA_Init)
    Delay_ms                                 0x0800b57b   Thumb Code    26  up_lcd.o(i.Delay_ms)
    Delay_us                                 0x0800b595   Thumb Code    22  up_lcd.o(i.Delay_us)
    EXTI0_IRQHandler                         0x0800b5ab   Thumb Code     6  up_it.o(i.EXTI0_IRQHandler)
    EXTI15_10_IRQHandler                     0x0800b5b1   Thumb Code    78  up_it.o(i.EXTI15_10_IRQHandler)
    EXTI1_IRQHandler                         0x0800b5ff   Thumb Code     6  up_it.o(i.EXTI1_IRQHandler)
    EXTI2_IRQHandler                         0x0800b605   Thumb Code     6  up_it.o(i.EXTI2_IRQHandler)
    EXTI3_IRQHandler                         0x0800b60b   Thumb Code     6  up_it.o(i.EXTI3_IRQHandler)
    EXTI4_IRQHandler                         0x0800b611   Thumb Code     6  up_it.o(i.EXTI4_IRQHandler)
    EXTI9_5_IRQHandler                       0x0800b617   Thumb Code    74  up_it.o(i.EXTI9_5_IRQHandler)
    EXTI_GetITStatus                         0x0800b661   Thumb Code    28  stm32f10x_exti.o(i.EXTI_GetITStatus)
    EXTI_IRQHandler                          0x0800b681   Thumb Code    20  up_it.o(i.EXTI_IRQHandler)
    GPIO_EXTILineConfig                      0x0800b69d   Thumb Code    34  stm32f10x_gpio.o(i.GPIO_EXTILineConfig)
    GPIO_Init                                0x0800b6c5   Thumb Code   162  stm32f10x_gpio.o(i.GPIO_Init)
    GPIO_PinRemapConfig                      0x0800b769   Thumb Code    82  stm32f10x_gpio.o(i.GPIO_PinRemapConfig)
    GPIO_ResetBits                           0x0800b7c1   Thumb Code     4  stm32f10x_gpio.o(i.GPIO_ResetBits)
    GetInfraredSenorState                    0x0800b7c5   Thumb Code   368  main.o(i.GetInfraredSenorState)
    LCD_WriteCmd                             0x0800b935   Thumb Code    88  up_lcd.o(i.LCD_WriteCmd)
    LCD_WriteData                            0x0800b991   Thumb Code    70  up_lcd.o(i.LCD_WriteData)
    Lcds_Config                              0x0800b9dd   Thumb Code    72  up_lcd.o(i.Lcds_Config)
    MoveBack                                 0x0800ba2d   Thumb Code    28  main.o(i.MoveBack)
    MoveForword                              0x0800ba49   Thumb Code    32  main.o(i.MoveForword)
    MoveLeft                                 0x0800ba6d   Thumb Code    52  main.o(i.MoveLeft)
    MoveRight                                0x0800baa5   Thumb Code    50  main.o(i.MoveRight)
    NVIC_Init                                0x0800badd   Thumb Code    94  misc.o(i.NVIC_Init)
    NVIC_PriorityGroupConfig                 0x0800bb41   Thumb Code    10  misc.o(i.NVIC_PriorityGroupConfig)
    NVIC_SetVectorTable                      0x0800bb55   Thumb Code    12  misc.o(i.NVIC_SetVectorTable)
    RCC_AHBPeriphClockCmd                    0x0800bb69   Thumb Code    18  stm32f10x_rcc.o(i.RCC_AHBPeriphClockCmd)
    RCC_APB1PeriphClockCmd                   0x0800bb81   Thumb Code    18  stm32f10x_rcc.o(i.RCC_APB1PeriphClockCmd)
    RCC_APB1PeriphResetCmd                   0x0800bb99   Thumb Code    18  stm32f10x_rcc.o(i.RCC_APB1PeriphResetCmd)
    RCC_APB2PeriphClockCmd                   0x0800bbb1   Thumb Code    18  stm32f10x_rcc.o(i.RCC_APB2PeriphClockCmd)
    RCC_APB2PeriphResetCmd                   0x0800bbc9   Thumb Code    18  stm32f10x_rcc.o(i.RCC_APB2PeriphResetCmd)
    RCC_GetClocksFreq                        0x0800bbe1   Thumb Code   128  stm32f10x_rcc.o(i.RCC_GetClocksFreq)
    SPIByte                                  0x0800bc71   Thumb Code    56  up_lcd.o(i.SPIByte)
    SysTick_Handler                          0x0800bd55   Thumb Code     4  up_it.o(i.SysTick_Handler)
    SystemInit                               0x0800bd59   Thumb Code    64  system_stm32f10x.o(i.SystemInit)
    TIM3_IRQHandler                          0x0800bda9   Thumb Code     4  up_it.o(i.TIM3_IRQHandler)
    TIM_ClearITPendingBit                    0x0800bdad   Thumb Code     6  stm32f10x_tim.o(i.TIM_ClearITPendingBit)
    TIM_Cmd                                  0x0800bdb3   Thumb Code    20  stm32f10x_tim.o(i.TIM_Cmd)
    TIM_CtrlPWMOutputs                       0x0800bdc7   Thumb Code    22  stm32f10x_tim.o(i.TIM_CtrlPWMOutputs)
    TIM_DeInit                               0x0800bddd   Thumb Code   304  stm32f10x_tim.o(i.TIM_DeInit)
    TIM_GetITStatus                          0x0800bf4d   Thumb Code    24  stm32f10x_tim.o(i.TIM_GetITStatus)
    TIM_ITConfig                             0x0800bf65   Thumb Code    16  stm32f10x_tim.o(i.TIM_ITConfig)
    TIM_OC1Init                              0x0800bf75   Thumb Code   106  stm32f10x_tim.o(i.TIM_OC1Init)
    TIM_OC2Init                              0x0800bff5   Thumb Code   120  stm32f10x_tim.o(i.TIM_OC2Init)
    TIM_OC3Init                              0x0800c075   Thumb Code   116  stm32f10x_tim.o(i.TIM_OC3Init)
    TIM_OC4Init                              0x0800c0f1   Thumb Code    90  stm32f10x_tim.o(i.TIM_OC4Init)
    TIM_TimeBaseInit                         0x0800c155   Thumb Code   114  stm32f10x_tim.o(i.TIM_TimeBaseInit)
    UART4_IRQHandler                         0x0800c1f1   Thumb Code    78  up_it.o(i.UART4_IRQHandler)
    UART5_IRQHandler                         0x0800c249   Thumb Code    78  up_it.o(i.UART5_IRQHandler)
    UP_ADC_DMAConfiguration                  0x0800c2a1   Thumb Code    80  up_adc.o(i.UP_ADC_DMAConfiguration)
    UP_ADC_GetValue                          0x0800c2fd   Thumb Code    16  up_adc.o(i.UP_ADC_GetValue)
    UP_ADC_Init                              0x0800c311   Thumb Code   376  up_adc.o(i.UP_ADC_Init)
    UP_Bluetooth_Init                        0x0800c499   Thumb Code    50  up_bluetooth.o(i.UP_Bluetooth_Init)
    UP_CDS_SetAngle                          0x0800c4d1   Thumb Code    52  up_cds5500.o(i.UP_CDS_SetAngle)
    UP_CDS_SetSpeed                          0x0800c505   Thumb Code    72  up_cds5500.o(i.UP_CDS_SetSpeed)
    UP_Exti_Init                             0x0800c54d   Thumb Code   294  up_exti.o(i.UP_Exti_Init)
    UP_IOout_AllLow                          0x0800c681   Thumb Code    32  up_ioout.o(i.UP_IOout_AllLow)
    UP_IOout_GPIOInit                        0x0800c6a9   Thumb Code    80  up_ioout.o(i.UP_IOout_GPIOInit)
    UP_IOout_Init                            0x0800c709   Thumb Code     4  up_ioout.o(i.UP_IOout_Init)
    UP_Key_Init                              0x0800c70d   Thumb Code    78  up_key.o(i.UP_Key_Init)
    UP_LCD_ClearScreen                       0x0800c765   Thumb Code    18  up_lcd.o(i.UP_LCD_ClearScreen)
    UP_LCD_Fill                              0x0800c77d   Thumb Code    66  up_lcd.o(i.UP_LCD_Fill)
    UP_LCD_Init                              0x0800c7c1   Thumb Code   250  up_lcd.o(i.UP_LCD_Init)
    UP_LCD_Turn                              0x0800c8c1   Thumb Code    14  up_lcd.o(i.UP_LCD_Turn)
    UP_NVIC_Configuration                    0x0800c8d1   Thumb Code   396  up_nvic.o(i.UP_NVIC_Configuration)
    UP_PWM_Init                              0x0800ca75   Thumb Code   158  up_pwm.o(i.UP_PWM_Init)
    UP_System_Init                           0x0800cb21   Thumb Code    50  up_system.o(i.UP_System_Init)
    UP_Timer_Init                            0x0800cb55   Thumb Code   278  up_timer.o(i.UP_Timer_Init)
    UP_Timer_Pro                             0x0800cc79   Thumb Code   466  up_timer.o(i.UP_Timer_Pro)
    UP_UART_DMAConfiguration                 0x0800ce65   Thumb Code    86  up_uart.o(i.UP_UART_DMAConfiguration)
    UP_UART_Init                             0x0800cec5   Thumb Code   680  up_uart.o(i.UP_UART_Init)
    UP_Uart3_SendCDSFrame                    0x0800d1ad   Thumb Code   142  up_uart.o(i.UP_Uart3_SendCDSFrame)
    UP_delay_ms                              0x0800d245   Thumb Code    26  up_globle.o(i.UP_delay_ms)
    UP_delay_us                              0x0800d25f   Thumb Code    22  up_globle.o(i.UP_delay_us)
    USART1_IRQHandler                        0x0800d275   Thumb Code    78  up_it.o(i.USART1_IRQHandler)
    USART3_IRQHandler                        0x0800d2cd   Thumb Code    72  up_vga.o(i.USART3_IRQHandler)
    USART_ClearFlag                          0x0800d319   Thumb Code     6  stm32f10x_usart.o(i.USART_ClearFlag)
    USART_ClearITPendingBit                  0x0800d31f   Thumb Code    12  stm32f10x_usart.o(i.USART_ClearITPendingBit)
    USART_ClockInit                          0x0800d32b   Thumb Code    30  stm32f10x_usart.o(i.USART_ClockInit)
    USART_Cmd                                0x0800d349   Thumb Code    20  stm32f10x_usart.o(i.USART_Cmd)
    USART_DMACmd                             0x0800d35d   Thumb Code    16  stm32f10x_usart.o(i.USART_DMACmd)
    USART_GetFlagStatus                      0x0800d36d   Thumb Code    14  stm32f10x_usart.o(i.USART_GetFlagStatus)
    USART_GetITStatus                        0x0800d37b   Thumb Code    62  stm32f10x_usart.o(i.USART_GetITStatus)
    USART_ITConfig                           0x0800d3b9   Thumb Code    48  stm32f10x_usart.o(i.USART_ITConfig)
    USART_Init                               0x0800d3e9   Thumb Code   166  stm32f10x_usart.o(i.USART_Init)
    USART_ReceiveData                        0x0800d495   Thumb Code     8  stm32f10x_usart.o(i.USART_ReceiveData)
    WakeOnStage                              0x0800d49d   Thumb Code    76  main.o(i.WakeOnStage)
    __scatterload_copy                       0x0800d4e9   Thumb Code    14  handlers.o(i.__scatterload_copy)
    __scatterload_null                       0x0800d4f7   Thumb Code     2  handlers.o(i.__scatterload_null)
    __scatterload_zeroinit                   0x0800d4f9   Thumb Code    14  handlers.o(i.__scatterload_zeroinit)
    main                                     0x0800d509   Thumb Code    46  main.o(i.main)
    Region$$Table$$Base                      0x0800d538   Number         0  anon$$obj.o(Region$$Table)
    Region$$Table$$Limit                     0x0800d558   Number         0  anon$$obj.o(Region$$Table)
    G_flagTurnF                              0x20000000   Data           1  main.o(.data)
    SystemCoreClock                          0x20000018   Data           4  system_stm32f10x.o(.data)
    AHBPrescTable                            0x2000001c   Data          16  system_stm32f10x.o(.data)
    g_UP_bBluetoothIT                        0x2000002c   Data           1  up_globle.o(.data)
    g_UP_BluetoothBaudRate                   0x20000030   Data           4  up_globle.o(.data)
    g_UP_BluetoothITAddress                  0x20000034   Data           4  up_globle.o(.data)
    g_UP_bZigbeeIT                           0x20000038   Data           1  up_globle.o(.data)
    g_UP_ZigbeeBaudRate                      0x2000003c   Data           4  up_globle.o(.data)
    g_UP_ZigbeeITAddress                     0x20000040   Data           4  up_globle.o(.data)
    g_UP_bUSR232IT                           0x20000044   Data           1  up_globle.o(.data)
    g_UP_USR232BaudRate                      0x20000048   Data           4  up_globle.o(.data)
    g_UP_USR232ITAddress                     0x2000004c   Data           4  up_globle.o(.data)
    g_UP_bTimerIT                            0x20000050   Data           4  up_globle.o(.data)
    g_UP_Timer0ITAddress                     0x20000054   Data           4  up_globle.o(.data)
    g_UP_Timer1ITAddress                     0x20000058   Data           4  up_globle.o(.data)
    g_UP_Timer2ITAddress                     0x2000005c   Data           4  up_globle.o(.data)
    g_UP_Timer3ITAddress                     0x20000060   Data           4  up_globle.o(.data)
    g_UP_ExtiFlag                            0x20000064   Data           4  up_globle.o(.data)
    g_UP_ExtiITAddress                       0x20000068   Data           4  up_globle.o(.data)
    g_LCD_X                                  0x2000006c   Data           1  up_lcd.o(.data)
    g_LCD_Y                                  0x2000006d   Data           1  up_lcd.o(.data)
    g_CDSFrames_Tail                         0x2000006f   Data           1  up_uart.o(.data)
    g_CDSFrames_Head                         0x20000070   Data           1  up_uart.o(.data)
    g_UP_iTimerCount                         0x20000074   Data           4  up_timer.o(.data)
    g_UP_TimerCCRVal_L16                     0x20000078   Data           8  up_timer.o(.data)
    g_UP_TimerCCRVal_H16                     0x20000080   Data           8  up_timer.o(.data)
    g_UP_TempCCRVal_L16                      0x20000088   Data           8  up_timer.o(.data)
    g_UP_TempCCRVal_H16                      0x20000090   Data           8  up_timer.o(.data)
    UP_VGA_ForwardSign                       0x20000098   Data           1  up_vga.o(.data)
    UP_VGA_CrossSign                         0x20000099   Data           1  up_vga.o(.data)
    UP_VGA_CrossSign2                        0x2000009a   Data           1  up_vga.o(.data)
    CDS_LEN                                  0x2000009e   Data           1  up_vga.o(.data)
    UP_VGA_TrackSign                         0x2000009f   Data           1  up_vga.o(.data)
    iLeft                                    0x200000a0   Data           1  up_vga.o(.data)
    iMid                                     0x200000a1   Data           1  up_vga.o(.data)
    iRight                                   0x200000a2   Data           1  up_vga.o(.data)
    iLeft2                                   0x200000a3   Data           1  up_vga.o(.data)
    iLeft3                                   0x200000a4   Data           1  up_vga.o(.data)
    iRight2                                  0x200000a5   Data           1  up_vga.o(.data)
    iRight3                                  0x200000a6   Data           1  up_vga.o(.data)
    UP_VGA_ProAdcChannel                     0x200000a7   Data           1  up_vga.o(.data)
    speed                                    0x200000a8   Data           2  up_vga.o(.data)
    Speed1                                   0x200000aa   Data           2  up_vga.o(.data)
    Speed2                                   0x200000ac   Data           2  up_vga.o(.data)
    Speed3                                   0x200000ae   Data           2  up_vga.o(.data)
    Speed4                                   0x200000b0   Data           2  up_vga.o(.data)
    sLast                                    0x200000b2   Data           2  up_vga.o(.data)
    spdLeft                                  0x200000b4   Data           2  up_vga.o(.data)
    spdRight                                 0x200000b6   Data           2  up_vga.o(.data)
    UP_VGA_ProDis                            0x200000b8   Data           2  up_vga.o(.data)
    rec_num                                  0x200000c8   Data           4  up_vga.o(.data)
    CDS_DATA                                 0x200000cc   Data           5  up_vga.o(.data)
    g_ADValue                                0x200000d4   Data          32  up_adc.o(.bss)
    g_CDSFrames                              0x200000f4   Data         420  up_uart.o(.bss)
    g_UP_iTimerTime                          0x20000298   Data          16  up_timer.o(.bss)
    g_TIM_OCInitStructure                    0x200002a8   Data          16  up_pwm.o(.bss)
    __initial_sp                             0x200006b8   Data           0  startup_stm32f10x_hd.o(STACK)



==============================================================================

Memory Map of the image

  Image Entry point : 0x0800b131

  Load Region LR_IROM1 (Base: 0x0800b000, Size: 0x0000262c, Max: 0x00040000, ABSOLUTE)

    Execution Region ER_IROM1 (Exec base: 0x0800b000, Load base: 0x0800b000, Size: 0x00002558, Max: 0x00040000, ABSOLUTE)

    Exec Addr    Load Addr    Size         Type   Attr      Idx    E Section Name        Object

    0x0800b000   0x0800b000   0x00000130   Data   RO         1818    RESET               startup_stm32f10x_hd.o
    0x0800b130   0x0800b130   0x00000000   Code   RO         3383  * .ARM.Collect$$$$00000000  mc_w.l(entry.o)
    0x0800b130   0x0800b130   0x00000004   Code   RO         3665    .ARM.Collect$$$$00000001  mc_w.l(entry2.o)
    0x0800b134   0x0800b134   0x00000004   Code   RO         3668    .ARM.Collect$$$$00000004  mc_w.l(entry5.o)
    0x0800b138   0x0800b138   0x00000000   Code   RO         3670    .ARM.Collect$$$$00000008  mc_w.l(entry7b.o)
    0x0800b138   0x0800b138   0x00000000   Code   RO         3672    .ARM.Collect$$$$0000000A  mc_w.l(entry8b.o)
    0x0800b138   0x0800b138   0x00000008   Code   RO         3673    .ARM.Collect$$$$0000000B  mc_w.l(entry9a.o)
    0x0800b140   0x0800b140   0x00000000   Code   RO         3675    .ARM.Collect$$$$0000000D  mc_w.l(entry10a.o)
    0x0800b140   0x0800b140   0x00000000   Code   RO         3677    .ARM.Collect$$$$0000000F  mc_w.l(entry11a.o)
    0x0800b140   0x0800b140   0x00000004   Code   RO         3666    .ARM.Collect$$$$00002712  mc_w.l(entry2.o)
    0x0800b144   0x0800b144   0x00000024   Code   RO         1819    .text               startup_stm32f10x_hd.o
    0x0800b168   0x0800b168   0x00000024   Code   RO         3697    .text               mc_w.l(init.o)
    0x0800b18c   0x0800b18c   0x00000014   Code   RO          418    i.ADC_Cmd           stm32f10x_adc.o
    0x0800b1a0   0x0800b1a0   0x00000014   Code   RO          419    i.ADC_DMACmd        stm32f10x_adc.o
    0x0800b1b4   0x0800b1b4   0x0000000e   Code   RO          426    i.ADC_GetCalibrationStatus  stm32f10x_adc.o
    0x0800b1c2   0x0800b1c2   0x0000000e   Code   RO          432    i.ADC_GetResetCalibrationStatus  stm32f10x_adc.o
    0x0800b1d0   0x0800b1d0   0x00000048   Code   RO          436    i.ADC_Init          stm32f10x_adc.o
    0x0800b218   0x0800b218   0x00000074   Code   RO          440    i.ADC_RegularChannelConfig  stm32f10x_adc.o
    0x0800b28c   0x0800b28c   0x0000000a   Code   RO          441    i.ADC_ResetCalibration  stm32f10x_adc.o
    0x0800b296   0x0800b296   0x00000014   Code   RO          443    i.ADC_SoftwareStartConvCmd  stm32f10x_adc.o
    0x0800b2aa   0x0800b2aa   0x0000000a   Code   RO          445    i.ADC_StartCalibration  stm32f10x_adc.o
    0x0800b2b4   0x0800b2b4   0x00000094   Code   RO         2815    i.CDS_UARTHadler    up_vga.o
    0x0800b348   0x0800b348   0x00000016   Code   RO            1    i.ChangeInfrared    main.o
    0x0800b35e   0x0800b35e   0x00000002   PAD
    0x0800b360   0x0800b360   0x00000054   Code   RO         2190    i.CheckCDSSend      up_uart.o
    0x0800b3b4   0x0800b3b4   0x00000018   Code   RO         2273    i.DMA1_Channel1_IRQHandler  up_it.o
    0x0800b3cc   0x0800b3cc   0x00000030   Code   RO         2274    i.DMA1_Channel2_IRQHandler  up_it.o
    0x0800b3fc   0x0800b3fc   0x00000018   Code   RO          635    i.DMA_ClearITPendingBit  stm32f10x_dma.o
    0x0800b414   0x0800b414   0x00000016   Code   RO          636    i.DMA_Cmd           stm32f10x_dma.o
    0x0800b42a   0x0800b42a   0x00000002   PAD
    0x0800b42c   0x0800b42c   0x000000e4   Code   RO          637    i.DMA_DeInit        stm32f10x_dma.o
    0x0800b510   0x0800b510   0x00000020   Code   RO          640    i.DMA_GetITStatus   stm32f10x_dma.o
    0x0800b530   0x0800b530   0x00000010   Code   RO          641    i.DMA_ITConfig      stm32f10x_dma.o
    0x0800b540   0x0800b540   0x0000003a   Code   RO          642    i.DMA_Init          stm32f10x_dma.o
    0x0800b57a   0x0800b57a   0x0000001a   Code   RO         2064    i.Delay_ms          up_lcd.o
    0x0800b594   0x0800b594   0x00000016   Code   RO         2065    i.Delay_us          up_lcd.o
    0x0800b5aa   0x0800b5aa   0x00000006   Code   RO         2276    i.EXTI0_IRQHandler  up_it.o
    0x0800b5b0   0x0800b5b0   0x0000004e   Code   RO         2277    i.EXTI15_10_IRQHandler  up_it.o
    0x0800b5fe   0x0800b5fe   0x00000006   Code   RO         2278    i.EXTI1_IRQHandler  up_it.o
    0x0800b604   0x0800b604   0x00000006   Code   RO         2279    i.EXTI2_IRQHandler  up_it.o
    0x0800b60a   0x0800b60a   0x00000006   Code   RO         2280    i.EXTI3_IRQHandler  up_it.o
    0x0800b610   0x0800b610   0x00000006   Code   RO         2281    i.EXTI4_IRQHandler  up_it.o
    0x0800b616   0x0800b616   0x0000004a   Code   RO         2282    i.EXTI9_5_IRQHandler  up_it.o
    0x0800b660   0x0800b660   0x00000020   Code   RO         1767    i.EXTI_GetITStatus  stm32f10x_exti.o
    0x0800b680   0x0800b680   0x0000001c   Code   RO         2283    i.EXTI_IRQHandler   up_it.o
    0x0800b69c   0x0800b69c   0x00000028   Code   RO          709    i.GPIO_EXTILineConfig  stm32f10x_gpio.o
    0x0800b6c4   0x0800b6c4   0x000000a2   Code   RO          712    i.GPIO_Init         stm32f10x_gpio.o
    0x0800b766   0x0800b766   0x00000002   PAD
    0x0800b768   0x0800b768   0x00000058   Code   RO          714    i.GPIO_PinRemapConfig  stm32f10x_gpio.o
    0x0800b7c0   0x0800b7c0   0x00000004   Code   RO          719    i.GPIO_ResetBits    stm32f10x_gpio.o
    0x0800b7c4   0x0800b7c4   0x00000170   Code   RO            8    i.GetInfraredSenorState  main.o
    0x0800b934   0x0800b934   0x0000005c   Code   RO         2066    i.LCD_WriteCmd      up_lcd.o
    0x0800b990   0x0800b990   0x0000004c   Code   RO         2067    i.LCD_WriteData     up_lcd.o
    0x0800b9dc   0x0800b9dc   0x00000050   Code   RO         2068    i.Lcds_Config       up_lcd.o
    0x0800ba2c   0x0800ba2c   0x0000001c   Code   RO           17    i.MoveBack          main.o
    0x0800ba48   0x0800ba48   0x00000024   Code   RO           19    i.MoveForword       main.o
    0x0800ba6c   0x0800ba6c   0x00000038   Code   RO           20    i.MoveLeft          main.o
    0x0800baa4   0x0800baa4   0x00000038   Code   RO           22    i.MoveRight         main.o
    0x0800badc   0x0800badc   0x00000064   Code   RO          338    i.NVIC_Init         misc.o
    0x0800bb40   0x0800bb40   0x00000014   Code   RO          339    i.NVIC_PriorityGroupConfig  misc.o
    0x0800bb54   0x0800bb54   0x00000014   Code   RO          340    i.NVIC_SetVectorTable  misc.o
    0x0800bb68   0x0800bb68   0x00000018   Code   RO          821    i.RCC_AHBPeriphClockCmd  stm32f10x_rcc.o
    0x0800bb80   0x0800bb80   0x00000018   Code   RO          822    i.RCC_APB1PeriphClockCmd  stm32f10x_rcc.o
    0x0800bb98   0x0800bb98   0x00000018   Code   RO          823    i.RCC_APB1PeriphResetCmd  stm32f10x_rcc.o
    0x0800bbb0   0x0800bbb0   0x00000018   Code   RO          824    i.RCC_APB2PeriphClockCmd  stm32f10x_rcc.o
    0x0800bbc8   0x0800bbc8   0x00000018   Code   RO          825    i.RCC_APB2PeriphResetCmd  stm32f10x_rcc.o
    0x0800bbe0   0x0800bbe0   0x00000090   Code   RO          832    i.RCC_GetClocksFreq  stm32f10x_rcc.o
    0x0800bc70   0x0800bc70   0x0000003c   Code   RO         2069    i.SPIByte           up_lcd.o
    0x0800bcac   0x0800bcac   0x000000a8   Code   RO         1733    i.SetSysClockTo72   system_stm32f10x.o
    0x0800bd54   0x0800bd54   0x00000004   Code   RO         2289    i.SysTick_Handler   up_it.o
    0x0800bd58   0x0800bd58   0x00000050   Code   RO         1735    i.SystemInit        system_stm32f10x.o
    0x0800bda8   0x0800bda8   0x00000004   Code   RO         2290    i.TIM3_IRQHandler   up_it.o
    0x0800bdac   0x0800bdac   0x00000006   Code   RO         1029    i.TIM_ClearITPendingBit  stm32f10x_tim.o
    0x0800bdb2   0x0800bdb2   0x00000014   Code   RO         1034    i.TIM_Cmd           stm32f10x_tim.o
    0x0800bdc6   0x0800bdc6   0x00000016   Code   RO         1036    i.TIM_CtrlPWMOutputs  stm32f10x_tim.o
    0x0800bddc   0x0800bddc   0x00000170   Code   RO         1039    i.TIM_DeInit        stm32f10x_tim.o
    0x0800bf4c   0x0800bf4c   0x00000018   Code   RO         1055    i.TIM_GetITStatus   stm32f10x_tim.o
    0x0800bf64   0x0800bf64   0x00000010   Code   RO         1059    i.TIM_ITConfig      stm32f10x_tim.o
    0x0800bf74   0x0800bf74   0x00000080   Code   RO         1063    i.TIM_OC1Init       stm32f10x_tim.o
    0x0800bff4   0x0800bff4   0x00000080   Code   RO         1068    i.TIM_OC2Init       stm32f10x_tim.o
    0x0800c074   0x0800c074   0x0000007c   Code   RO         1073    i.TIM_OC3Init       stm32f10x_tim.o
    0x0800c0f0   0x0800c0f0   0x00000064   Code   RO         1078    i.TIM_OC4Init       stm32f10x_tim.o
    0x0800c154   0x0800c154   0x0000009c   Code   RO         1105    i.TIM_TimeBaseInit  stm32f10x_tim.o
    0x0800c1f0   0x0800c1f0   0x00000058   Code   RO         2291    i.UART4_IRQHandler  up_it.o
    0x0800c248   0x0800c248   0x00000058   Code   RO         2292    i.UART5_IRQHandler  up_it.o
    0x0800c2a0   0x0800c2a0   0x0000005c   Code   RO         2013    i.UP_ADC_DMAConfiguration  up_adc.o
    0x0800c2fc   0x0800c2fc   0x00000014   Code   RO         2016    i.UP_ADC_GetValue   up_adc.o
    0x0800c310   0x0800c310   0x00000188   Code   RO         2017    i.UP_ADC_Init       up_adc.o
    0x0800c498   0x0800c498   0x00000038   Code   RO         2568    i.UP_Bluetooth_Init  up_bluetooth.o
    0x0800c4d0   0x0800c4d0   0x00000034   Code   RO         2604    i.UP_CDS_SetAngle   up_cds5500.o
    0x0800c504   0x0800c504   0x00000048   Code   RO         2607    i.UP_CDS_SetSpeed   up_cds5500.o
    0x0800c54c   0x0800c54c   0x00000134   Code   RO         2421    i.UP_Exti_Init      up_exti.o
    0x0800c680   0x0800c680   0x00000028   Code   RO         2775    i.UP_IOout_AllLow   up_ioout.o
    0x0800c6a8   0x0800c6a8   0x00000060   Code   RO         2776    i.UP_IOout_GPIOInit  up_ioout.o
    0x0800c708   0x0800c708   0x00000004   Code   RO         2777    i.UP_IOout_Init     up_ioout.o
    0x0800c70c   0x0800c70c   0x00000058   Code   RO         2052    i.UP_Key_Init       up_key.o
    0x0800c764   0x0800c764   0x00000018   Code   RO         2071    i.UP_LCD_ClearScreen  up_lcd.o
    0x0800c77c   0x0800c77c   0x00000042   Code   RO         2072    i.UP_LCD_Fill       up_lcd.o
    0x0800c7be   0x0800c7be   0x00000002   PAD
    0x0800c7c0   0x0800c7c0   0x00000100   Code   RO         2073    i.UP_LCD_Init       up_lcd.o
    0x0800c8c0   0x0800c8c0   0x0000000e   Code   RO         2082    i.UP_LCD_Turn       up_lcd.o
    0x0800c8ce   0x0800c8ce   0x00000002   PAD
    0x0800c8d0   0x0800c8d0   0x000001a4   Code   RO         2511    i.UP_NVIC_Configuration  up_nvic.o
    0x0800ca74   0x0800ca74   0x000000ac   Code   RO         2528    i.UP_PWM_Init       up_pwm.o
    0x0800cb20   0x0800cb20   0x00000032   Code   RO         1827    i.UP_System_Init    up_system.o
    0x0800cb52   0x0800cb52   0x00000002   PAD
    0x0800cb54   0x0800cb54   0x00000124   Code   RO         2453    i.UP_Timer_Init     up_timer.o
    0x0800cc78   0x0800cc78   0x000001ec   Code   RO         2455    i.UP_Timer_Pro      up_timer.o
    0x0800ce64   0x0800ce64   0x00000060   Code   RO         2199    i.UP_UART_DMAConfiguration  up_uart.o
    0x0800cec4   0x0800cec4   0x000002e8   Code   RO         2200    i.UP_UART_Init      up_uart.o
    0x0800d1ac   0x0800d1ac   0x00000098   Code   RO         2201    i.UP_Uart3_SendCDSFrame  up_uart.o
    0x0800d244   0x0800d244   0x0000001a   Code   RO         1959    i.UP_delay_ms       up_globle.o
    0x0800d25e   0x0800d25e   0x00000016   Code   RO         1960    i.UP_delay_us       up_globle.o
    0x0800d274   0x0800d274   0x00000058   Code   RO         2293    i.USART1_IRQHandler  up_it.o
    0x0800d2cc   0x0800d2cc   0x0000004c   Code   RO         2826    i.USART3_IRQHandler  up_vga.o
    0x0800d318   0x0800d318   0x00000006   Code   RO         1553    i.USART_ClearFlag   stm32f10x_usart.o
    0x0800d31e   0x0800d31e   0x0000000c   Code   RO         1554    i.USART_ClearITPendingBit  stm32f10x_usart.o
    0x0800d32a   0x0800d32a   0x0000001e   Code   RO         1555    i.USART_ClockInit   stm32f10x_usart.o
    0x0800d348   0x0800d348   0x00000014   Code   RO         1557    i.USART_Cmd         stm32f10x_usart.o
    0x0800d35c   0x0800d35c   0x00000010   Code   RO         1558    i.USART_DMACmd      stm32f10x_usart.o
    0x0800d36c   0x0800d36c   0x0000000e   Code   RO         1560    i.USART_GetFlagStatus  stm32f10x_usart.o
    0x0800d37a   0x0800d37a   0x0000003e   Code   RO         1561    i.USART_GetITStatus  stm32f10x_usart.o
    0x0800d3b8   0x0800d3b8   0x00000030   Code   RO         1563    i.USART_ITConfig    stm32f10x_usart.o
    0x0800d3e8   0x0800d3e8   0x000000ac   Code   RO         1564    i.USART_Init        stm32f10x_usart.o
    0x0800d494   0x0800d494   0x00000008   Code   RO         1571    i.USART_ReceiveData  stm32f10x_usart.o
    0x0800d49c   0x0800d49c   0x0000004c   Code   RO           26    i.WakeOnStage       main.o
    0x0800d4e8   0x0800d4e8   0x0000000e   Code   RO         3705    i.__scatterload_copy  mc_w.l(handlers.o)
    0x0800d4f6   0x0800d4f6   0x00000002   Code   RO         3706    i.__scatterload_null  mc_w.l(handlers.o)
    0x0800d4f8   0x0800d4f8   0x0000000e   Code   RO         3707    i.__scatterload_zeroinit  mc_w.l(handlers.o)
    0x0800d506   0x0800d506   0x00000002   PAD
    0x0800d508   0x0800d508   0x0000002e   Code   RO           27    i.main              main.o
    0x0800d536   0x0800d536   0x00000002   PAD
    0x0800d538   0x0800d538   0x00000020   Data   RO         3703    Region$$Table       anon$$obj.o


    Execution Region RW_IRAM1 (Exec base: 0x20000000, Load base: 0x0800d558, Size: 0x000006b8, Max: 0x00010000, ABSOLUTE)

    Exec Addr    Load Addr    Size         Type   Attr      Idx    E Section Name        Object

    0x20000000   0x0800d558   0x00000001   Data   RW           69    .data               main.o
    0x20000001   0x0800d559   0x00000014   Data   RW          852    .data               stm32f10x_rcc.o
    0x20000015   0x0800d56d   0x00000003   PAD
    0x20000018   0x0800d570   0x00000014   Data   RW         1736    .data               system_stm32f10x.o
    0x2000002c   0x0800d584   0x00000001   Data   RW         1963    .data               up_globle.o
    0x2000002d   0x0800d585   0x00000003   PAD
    0x20000030   0x0800d588   0x00000004   Data   RW         1964    .data               up_globle.o
    0x20000034   0x0800d58c   0x00000004   Data   RW         1965    .data               up_globle.o
    0x20000038   0x0800d590   0x00000001   Data   RW         1966    .data               up_globle.o
    0x20000039   0x0800d591   0x00000003   PAD
    0x2000003c   0x0800d594   0x00000004   Data   RW         1967    .data               up_globle.o
    0x20000040   0x0800d598   0x00000004   Data   RW         1968    .data               up_globle.o
    0x20000044   0x0800d59c   0x00000001   Data   RW         1969    .data               up_globle.o
    0x20000045   0x0800d59d   0x00000003   PAD
    0x20000048   0x0800d5a0   0x00000004   Data   RW         1970    .data               up_globle.o
    0x2000004c   0x0800d5a4   0x00000004   Data   RW         1971    .data               up_globle.o
    0x20000050   0x0800d5a8   0x00000004   Data   RW         1972    .data               up_globle.o
    0x20000054   0x0800d5ac   0x00000004   Data   RW         1974    .data               up_globle.o
    0x20000058   0x0800d5b0   0x00000004   Data   RW         1975    .data               up_globle.o
    0x2000005c   0x0800d5b4   0x00000004   Data   RW         1976    .data               up_globle.o
    0x20000060   0x0800d5b8   0x00000004   Data   RW         1977    .data               up_globle.o
    0x20000064   0x0800d5bc   0x00000004   Data   RW         1978    .data               up_globle.o
    0x20000068   0x0800d5c0   0x00000004   Data   RW         1979    .data               up_globle.o
    0x2000006c   0x0800d5c4   0x00000003   Data   RW         2084    .data               up_lcd.o
    0x2000006f   0x0800d5c7   0x00000002   Data   RW         2203    .data               up_uart.o
    0x20000071   0x0800d5c9   0x00000003   PAD
    0x20000074   0x0800d5cc   0x00000024   Data   RW         2458    .data               up_timer.o
    0x20000098   0x0800d5f0   0x00000039   Data   RW         2829    .data               up_vga.o
    0x200000d1   0x0800d629   0x00000003   PAD
    0x200000d4        -       0x00000020   Zero   RW         2018    .bss                up_adc.o
    0x200000f4        -       0x000001a4   Zero   RW         2202    .bss                up_uart.o
    0x20000298        -       0x00000010   Zero   RW         2457    .bss                up_timer.o
    0x200002a8        -       0x00000010   Zero   RW         2532    .bss                up_pwm.o
    0x200002b8        -       0x00000400   Zero   RW         1816    STACK               startup_stm32f10x_hd.o


==============================================================================

Image component sizes


      Code (inc. data)   RO Data    RW Data    ZI Data      Debug   Object Name

         0          0          0          0          0         32   core_cm3.o
       688         24          0          1          0     215174   main.o
       140         24          0          0          0     269121   misc.o
        36          8        304          0       1024        832   startup_stm32f10x_hd.o
       296         10          0          0          0       7373   stm32f10x_adc.o
       380         26          0          0          0       5291   stm32f10x_dma.o
        32          4          0          0          0        651   stm32f10x_exti.o
       294         12          0          0          0       3773   stm32f10x_gpio.o
       264         46          0         20          0       6196   stm32f10x_rcc.o
      1092        154          0          0          0       8663   stm32f10x_tim.o
       388          6          0          0          0       7945   stm32f10x_usart.o
       248         24          0         20          0       1905   system_stm32f10x.o
       504         32          0          0         32       2350   up_adc.o
        56          6          0          0          0        512   up_bluetooth.o
       124          0          0          0          0       1252   up_cds5500.o
       308         14          0          0          0        703   up_exti.o
        48          0          0         55          0       2525   up_globle.o
       140         24          0          0          0       2254   up_ioout.o
       554         46          0          0          0       7481   up_it.o
        88         10          0          0          0        506   up_key.o
       716         34          0          3          0       6412   up_lcd.o
       420         24          0          0          0      16091   up_nvic.o
       172         14          0          0         16       1648   up_pwm.o
        50          0          0          0          0     258945   up_system.o
       784         40          0         36         16       2762   up_timer.o
      1076        100          0          2        420       3953   up_uart.o
       224         14          0         57          0       4183   up_vga.o

    ----------------------------------------------------------------------
      9136        696        336        212       1508     838533   Object Totals
         0          0         32          0          0          0   (incl. Generated)
        14          0          0         18          0          0   (incl. Padding)

    ----------------------------------------------------------------------

      Code (inc. data)   RO Data    RW Data    ZI Data      Debug   Library Member Name

         0          0          0          0          0          0   entry.o
         0          0          0          0          0          0   entry10a.o
         0          0          0          0          0          0   entry11a.o
         8          4          0          0          0          0   entry2.o
         4          0          0          0          0          0   entry5.o
         0          0          0          0          0          0   entry7b.o
         0          0          0          0          0          0   entry8b.o
         8          4          0          0          0          0   entry9a.o
        30          0          0          0          0          0   handlers.o
        36          8          0          0          0         68   init.o

    ----------------------------------------------------------------------
        88         16          0          0          0         68   Library Totals
         2          0          0          0          0          0   (incl. Padding)

    ----------------------------------------------------------------------

      Code (inc. data)   RO Data    RW Data    ZI Data      Debug   Library Name

        86         16          0          0          0         68   mc_w.l

    ----------------------------------------------------------------------
        88         16          0          0          0         68   Library Totals

    ----------------------------------------------------------------------

==============================================================================


      Code (inc. data)   RO Data    RW Data    ZI Data      Debug   

      9224        712        336        212       1508     833345   Grand Totals
      9224        712        336        212       1508     833345   ELF Image Totals
      9224        712        336        212          0          0   ROM Totals

==============================================================================

    Total RO  Size (Code + RO Data)                 9560 (   9.34kB)
    Total RW  Size (RW Data + ZI Data)              1720 (   1.68kB)
    Total ROM Size (Code + RO Data + RW Data)       9772 (   9.54kB)

==============================================================================

