<html>
<body>
<pre>
<h1>礦ision Build Log</h1>
<h2>Tool Versions:</h2>
IDE-Version: μVision V5.28.0.0
Copyright (C) 2019 ARM Ltd and ARM Germany GmbH. All rights reserved.
License Information: 1 1, 1, LIC=NHY45-GYFM8-04ZSQ-NBUFJ-TK5DZ-YRBWP
 
Tool Versions:
Toolchain:       MDK-ARM Professional  Version: 5.28.0.0
Toolchain Path:  D:\InstallationPackage\keil\ARM\ARMCC\Bin
C Compiler:      Armcc.exe V5.06 update 6 (build 750)
Assembler:       Armasm.exe V5.06 update 6 (build 750)
Linker/Locator:  ArmLink.exe V5.06 update 6 (build 750)
Library Manager: ArmAr.exe V5.06 update 6 (build 750)
Hex Converter:   FromElf.exe V5.06 update 6 (build 750)
CPU DLL:         SARMCM3.DLL V5.28.0.0
Dialog DLL:      DCM.DLL V1.17.3.0
Target DLL:      Segger\JL2CM3.dll V2.99.36.0
Dialog DLL:      TCM.DLL V1.36.2.0
 
<h2>Project:</h2>
D:\InnovationAndEntrepreneurship\RobotFightingContest\prj\UP_EX-Star Demo.uvproj
Project File Date:  05/16/2021

<h2>Output:</h2>
*** Using Compiler 'V5.06 update 6 (build 750)', folder: 'D:\InstallationPackage\keil\ARM\ARMCC\Bin'
Build target 'Target 1'
compiling main.c...
..\src\UPLib\UP_Woody_SpeechRecognition.h(28): warning:  #1295-D: Deprecated declaration UP_Woody_SpeechRecLetIssue - give arg types
  extern void UP_Woody_SpeechRecLetIssue();
..\src\UPLib\UP_Woody_SpeechRecognition.h(29): warning:  #1295-D: Deprecated declaration UP_Woody_SpeechRecForbidIssue - give arg types
  extern void UP_Woody_SpeechRecForbidIssue();
..\src\UPLib\UP_Woody_ImageRecognition.h(46): warning:  #1295-D: Deprecated declaration UP_Woody_ImageRecForbidIssue - give arg types
  extern void UP_Woody_ImageRecForbidIssue();
..\src\UPLib\UP_Woody_ImageRecognition.h(47): warning:  #1295-D: Deprecated declaration UP_Woody_ImageRecLetIssue - give arg types
  extern void UP_Woody_ImageRecLetIssue();
..\src\UPLib\UP_Woody_ImageRecognition.h(48): warning:  #1-D: last line of file ends without a newline
  #endif
..\src\UPLib\UP_Woody_ColorAndCode.h(4): warning:  #1295-D: Deprecated declaration UP_Woody_ColorRecLetIssue - give arg types
  extern void UP_Woody_ColorRecLetIssue();
..\src\UPLib\UP_Woody_ColorAndCode.h(5): warning:  #1295-D: Deprecated declaration UP_Woody_ColorRecForbidIssue - give arg types
  extern void UP_Woody_ColorRecForbidIssue();
..\src\UPLib\UP_Woody_ColorAndCode.h(9): warning:  #1295-D: Deprecated declaration UP_Woody_BarCodeRecLetIssue - give arg types
  extern void UP_Woody_BarCodeRecLetIssue();
..\src\UPLib\UP_Woody_ColorAndCode.h(10): warning:  #1295-D: Deprecated declaration UP_Woody_BarCodeRecForbidIssue - give arg types
  extern void UP_Woody_BarCodeRecForbidIssue();
..\src\UPLib\UP_Woody_ColorAndCode.h(14): warning:  #1295-D: Deprecated declaration UP_Woody_QrCodeRecLetIssue - give arg types
  extern void UP_Woody_QrCodeRecLetIssue();
..\src\UPLib\UP_Woody_ColorAndCode.h(15): warning:  #1295-D: Deprecated declaration UP_Woody_QrCodeRecForbidIssue - give arg types
  extern void UP_Woody_QrCodeRecForbidIssue();
..\src\UPLib\UP_Woody_ColorAndCode.h(18): warning:  #1-D: last line of file ends without a newline
  #endif
..\src\main.c(94): warning:  #1295-D: Deprecated declaration InitSys - give arg types
  void InitSys();		//初始化系统
..\src\main.c(95): warning:  #1295-D: Deprecated declaration InitGear - give arg types
  void InitGear();	//初始化舵机
..\src\main.c(96): warning:  #1295-D: Deprecated declaration InitMotor - give arg types
  void InitMotor();	//初始化电机
..\src\main.c(97): warning:  #1295-D: Deprecated declaration InitForepaw - give arg types
  void InitForepaw(); //初始化前爪
..\src\main.c(98): warning:  #1295-D: Deprecated declaration InitHindpaw - give arg types
  void InitHindpaw(); //初始化后爪 
..\src\main.c(99): warning:  #1295-D: Deprecated declaration InitClaw - give arg types
  void InitClaw();	//初始化爪子
..\src\main.c(108): warning:  #1295-D: Deprecated declaration MoveStop - give arg types
  void MoveStop(); 			//停下
..\src\main.c(110): warning:  #1295-D: Deprecated declaration SoftStart - give arg types
  void SoftStart(); 	//软启动函数
..\src\main.c(111): warning:  #1295-D: Deprecated declaration OnStage - give arg types
  void OnStage();		//在台上的主函数
..\src\main.c(112): warning:  #1295-D: Deprecated declaration OutStage - give arg types
  void OutStage();    //台下主动上台函数
..\src\main.c(114): warning:  #1295-D: Deprecated declaration MoveBeforeUpStage - give arg types
  void MoveBeforeUpStage(); 	//上台前的向前走
..\src\main.c(115): warning:  #1295-D: Deprecated declaration FirstUpStage - give arg types
  void FirstUpStage();		//第一次上台
..\src\main.c(117): warning:  #1295-D: Deprecated declaration GetInfraredSenorState - give arg types
  int GetInfraredSenorState();	//获取红外传感器状态
..\src\main.c(119): warning:  #1295-D: Deprecated declaration GetGraySenorState - give arg types
  int GetGraySenorState(); 		//获取灰度传感器状态
..\src\main.c(120): warning:  #1295-D: Deprecated declaration GrayCheck - give arg types
  int GrayCheck();				//根据灰度传感器获取速度
..\src\main.c(122): warning:  #1295-D: Deprecated declaration ClawDownF - give arg types
  void ClawDownF();	//放下前爪
..\src\main.c(123): warning:  #1295-D: Deprecated declaration ClawDownB - give arg types
  void ClawDownB();	//放下后爪
..\src\main.c(125): warning:  #1295-D: Deprecated declaration Fight - give arg types
  bool Fight();
..\src\main.c(129): warning:  #1295-D: Deprecated declaration DebugGearbalan - give arg types
  void DebugGearbalan();					//测试爪子平衡位置
..\src\main.c(131): warning:  #1295-D: Deprecated declaration DebugGrayScaleSensor - give arg types
  void DebugGrayScaleSensor(); 			//测试灰度传感器
..\src\main.c(133): warning:  #1295-D: Deprecated declaration DebugDipAngle - give arg types
  void DebugDipAngle();					//测试倾角
..\src\main.c(786): warning:  #1-D: last line of file ends without a newline
  }
..\src\main.c: 34 warnings, 0 errors
linking...
Program Size: Code=9144 RO-data=336 RW-data=212 ZI-data=1508  
FromELF: creating hex file...
After Build - User command #1: D:\InstallationPackage\keil\ARM\ARMCLANG\bin\fromelf.exe "..\List\UP_ADC.axf" --bin --output "..\BenFromHRBUST.bin"
"..\List\UP_ADC.axf" - 0 Error(s), 34 Warning(s).
Build Time Elapsed:  00:00:02
</pre>
</body>
</html>
