Component: ARM Compiler 5.06 update 6 (build 750) Tool: armlink [4d35ed]

==============================================================================

Section Cross References

    main.o(i.ChangeInfrared) refers to up_adc.o(i.UP_ADC_GetValue) for UP_ADC_GetValue
    main.o(i.ClawDownB) refers to up_cds5500.o(i.UP_CDS_SetAngle) for UP_CDS_SetAngle
    main.o(i.ClawDownF) refers to up_cds5500.o(i.UP_CDS_SetAngle) for UP_CDS_SetAngle
    main.o(i.DebugDipAngle) refers to up_adc.o(i.UP_ADC_GetValue) for UP_ADC_GetValue
    main.o(i.DebugDipAngle) refers to main.o(i.LcdShowInt) for LcdShowInt
    main.o(i.DebugDistance) refers to up_adc.o(i.UP_ADC_GetValue) for UP_ADC_GetValue
    main.o(i.DebugDistance) refers to main.o(i.LcdShowInt) for LcdShowInt
    main.o(i.DebugGearBalan) refers to up_cds5500.o(i.UP_CDS_SetAngle) for UP_CDS_SetAngle
    main.o(i.DebugSensor) refers to up_adc.o(i.UP_ADC_GetValue) for UP_ADC_GetValue
    main.o(i.DebugSensor) refers to up_lcd.o(i.UP_LCD_ShowInt) for UP_LCD_ShowInt
    main.o(i.DebugSensor) refers to up_globle.o(i.UP_delay_ms) for UP_delay_ms
    main.o(i.DebugSensor) refers to up_lcd.o(i.UP_LCD_ClearScreen) for UP_LCD_ClearScreen
    main.o(i.Fight) refers to main.o(i.ChangeInfrared) for ChangeInfrared
    main.o(i.Fight) refers to main.o(i.MoveLeft) for MoveLeft
    main.o(i.Fight) refers to main.o(i.MoveLeftBackCir) for MoveLeftBackCir
    main.o(i.Fight) refers to main.o(i.MoveRightBackCir) for MoveRightBackCir
    main.o(i.Fight) refers to main.o(i.MoveRight) for MoveRight
    main.o(i.Fight) refers to main.o(i.MoveForword) for MoveForword
    main.o(i.Fight) refers to main.o(i.MoveBack) for MoveBack
    main.o(i.Fight) refers to up_globle.o(i.UP_delay_ms) for UP_delay_ms
    main.o(i.Fight) refers to main.o(.data) for .data
    main.o(i.FirstUpStage) refers to up_cds5500.o(i.UP_CDS_SetAngle) for UP_CDS_SetAngle
    main.o(i.FirstUpStage) refers to up_globle.o(i.UP_delay_ms) for UP_delay_ms
    main.o(i.FirstUpStage) refers to main.o(i.InitHindpaw) for InitHindpaw
    main.o(i.FirstUpStage) refers to main.o(i.MoveStop) for MoveStop
    main.o(i.FirstUpStage) refers to main.o(i.MoveLeft) for MoveLeft
    main.o(i.GetInfraredSenorState) refers to main.o(i.ChangeInfrared) for ChangeInfrared
    main.o(i.GrayCheck) refers to up_adc.o(i.UP_ADC_GetValue) for UP_ADC_GetValue
    main.o(i.GrayCheck) refers to fflti.o(.text) for __aeabi_i2f
    main.o(i.GrayCheck) refers to fmul.o(.text) for __aeabi_fmul
    main.o(i.GrayCheck) refers to fadd.o(.text) for __aeabi_fadd
    main.o(i.GrayCheck) refers to ffixi.o(.text) for __aeabi_f2iz
    main.o(i.InitClaw) refers to main.o(i.InitForepaw) for InitForepaw
    main.o(i.InitClaw) refers to main.o(i.InitHindpaw) for InitHindpaw
    main.o(i.InitClaw) refers to up_globle.o(i.UP_delay_ms) for UP_delay_ms
    main.o(i.InitForepaw) refers to up_cds5500.o(i.UP_CDS_SetAngle) for UP_CDS_SetAngle
    main.o(i.InitGear) refers to up_cds5500.o(i.UP_CDS_SetMode) for UP_CDS_SetMode
    main.o(i.InitHindpaw) refers to up_cds5500.o(i.UP_CDS_SetAngle) for UP_CDS_SetAngle
    main.o(i.InitMotor) refers to up_cds5500.o(i.UP_CDS_SetMode) for UP_CDS_SetMode
    main.o(i.InitSys) refers to up_system.o(i.UP_System_Init) for UP_System_Init
    main.o(i.InitSys) refers to main.o(i.InitGear) for InitGear
    main.o(i.InitSys) refers to main.o(i.InitMotor) for InitMotor
    main.o(i.InitSys) refers to main.o(i.InitClaw) for InitClaw
    main.o(i.LcdShowInt) refers to printf4.o(i.__0printf$4) for __2printf
    main.o(i.LcdShowInt) refers to up_globle.o(i.UP_delay_ms) for UP_delay_ms
    main.o(i.LcdShowInt) refers to up_lcd.o(i.UP_LCD_ClearScreen) for UP_LCD_ClearScreen
    main.o(i.MoveBack) refers to up_cds5500.o(i.UP_CDS_SetSpeed) for UP_CDS_SetSpeed
    main.o(i.MoveBeforeUpStage) refers to main.o(i.MoveBack) for MoveBack
    main.o(i.MoveBeforeUpStage) refers to up_globle.o(i.UP_delay_ms) for UP_delay_ms
    main.o(i.MoveForword) refers to up_cds5500.o(i.UP_CDS_SetSpeed) for UP_CDS_SetSpeed
    main.o(i.MoveForword) refers to main.o(.data) for .data
    main.o(i.MoveLeft) refers to up_cds5500.o(i.UP_CDS_SetSpeed) for UP_CDS_SetSpeed
    main.o(i.MoveLeft) refers to main.o(.data) for .data
    main.o(i.MoveLeftBackCir) refers to up_cds5500.o(i.UP_CDS_SetSpeed) for UP_CDS_SetSpeed
    main.o(i.MoveLeftBackCir) refers to up_vga.o(.data) for speed
    main.o(i.MoveLeftBackCir) refers to main.o(.data) for .data
    main.o(i.MoveRight) refers to up_cds5500.o(i.UP_CDS_SetSpeed) for UP_CDS_SetSpeed
    main.o(i.MoveRight) refers to main.o(.data) for .data
    main.o(i.MoveRightBackCir) refers to up_cds5500.o(i.UP_CDS_SetSpeed) for UP_CDS_SetSpeed
    main.o(i.MoveRightBackCir) refers to up_vga.o(.data) for speed
    main.o(i.MoveRightBackCir) refers to main.o(.data) for .data
    main.o(i.MoveStop) refers to up_cds5500.o(i.UP_CDS_SetSpeed) for UP_CDS_SetSpeed
    main.o(i.MoveStop) refers to up_globle.o(i.UP_delay_ms) for UP_delay_ms
[...]
    Removing stm32f10x_tim.o(i.TIM_OC2PolarityConfig), (20 bytes).
    Removing stm32f10x_tim.o(i.TIM_OC2PreloadConfig), (20 bytes).
    Removing stm32f10x_tim.o(i.TIM_OC3FastConfig), (12 bytes).
    Removing stm32f10x_tim.o(i.TIM_OC3NPolarityConfig), (20 bytes).
    Removing stm32f10x_tim.o(i.TIM_OC3PolarityConfig), (20 bytes).
    Removing stm32f10x_tim.o(i.TIM_OC3PreloadConfig), (12 bytes).
    Removing stm32f10x_tim.o(i.TIM_OC4FastConfig), (20 bytes).
    Removing stm32f10x_tim.o(i.TIM_OC4PolarityConfig), (20 bytes).
    Removing stm32f10x_tim.o(i.TIM_OC4PreloadConfig), (20 bytes).
    Removing stm32f10x_tim.o(i.TIM_OCStructInit), (20 bytes).
    Removing stm32f10x_tim.o(i.TIM_PWMIConfig), (108 bytes).
    Removing stm32f10x_tim.o(i.TIM_PrescalerConfig), (6 bytes).
    Removing stm32f10x_tim.o(i.TIM_SelectCCDMA), (20 bytes).
    Removing stm32f10x_tim.o(i.TIM_SelectCOM), (20 bytes).
    Removing stm32f10x_tim.o(i.TIM_SelectHallSensor), (20 bytes).
    Removing stm32f10x_tim.o(i.TIM_SelectInputTrigger), (12 bytes).
    Removing stm32f10x_tim.o(i.TIM_SelectMasterSlaveMode), (16 bytes).
    Removing stm32f10x_tim.o(i.TIM_SelectOCxM), (70 bytes).
    Removing stm32f10x_tim.o(i.TIM_SelectOnePulseMode), (16 bytes).
    Removing stm32f10x_tim.o(i.TIM_SelectOutputTrigger), (16 bytes).
    Removing stm32f10x_tim.o(i.TIM_SelectSlaveMode), (16 bytes).
    Removing stm32f10x_tim.o(i.TIM_SetAutoreload), (4 bytes).
    Removing stm32f10x_tim.o(i.TIM_SetClockDivision), (16 bytes).
    Removing stm32f10x_tim.o(i.TIM_SetCompare1), (4 bytes).
    Removing stm32f10x_tim.o(i.TIM_SetCompare2), (4 bytes).
    Removing stm32f10x_tim.o(i.TIM_SetCompare3), (4 bytes).
    Removing stm32f10x_tim.o(i.TIM_SetCompare4), (6 bytes).
    Removing stm32f10x_tim.o(i.TIM_SetCounter), (4 bytes).
    Removing stm32f10x_tim.o(i.TIM_SetIC1Prescaler), (16 bytes).
    Removing stm32f10x_tim.o(i.TIM_SetIC2Prescaler), (24 bytes).
    Removing stm32f10x_tim.o(i.TIM_SetIC3Prescaler), (16 bytes).
    Removing stm32f10x_tim.o(i.TIM_SetIC4Prescaler), (24 bytes).
    Removing stm32f10x_tim.o(i.TIM_TIxExternalClockConfig), (46 bytes).
    Removing stm32f10x_tim.o(i.TIM_TimeBaseStructInit), (18 bytes).
    Removing stm32f10x_tim.o(i.TIM_UpdateDisableConfig), (20 bytes).
    Removing stm32f10x_tim.o(i.TIM_UpdateRequestConfig), (20 bytes).
    Removing stm32f10x_usart.o(i.USART_ClockStructInit), (12 bytes).
    Removing stm32f10x_usart.o(i.USART_DeInit), (116 bytes).
    Removing stm32f10x_usart.o(i.USART_HalfDuplexCmd), (20 bytes).
    Removing stm32f10x_usart.o(i.USART_IrDACmd), (20 bytes).
    Removing stm32f10x_usart.o(i.USART_IrDAConfig), (16 bytes).
    Removing stm32f10x_usart.o(i.USART_LINBreakDetectLengthConfig), (16 bytes).
    Removing stm32f10x_usart.o(i.USART_LINCmd), (20 bytes).
    Removing stm32f10x_usart.o(i.USART_OneBitMethodCmd), (20 bytes).
    Removing stm32f10x_usart.o(i.USART_OverSampling8Cmd), (20 bytes).
    Removing stm32f10x_usart.o(i.USART_ReceiverWakeUpCmd), (20 bytes).
    Removing stm32f10x_usart.o(i.USART_SendBreak), (10 bytes).
    Removing stm32f10x_usart.o(i.USART_SendData), (8 bytes).
    Removing stm32f10x_usart.o(i.USART_SetAddress), (16 bytes).
    Removing stm32f10x_usart.o(i.USART_SetGuardTime), (16 bytes).
    Removing stm32f10x_usart.o(i.USART_SetPrescaler), (16 bytes).
    Removing stm32f10x_usart.o(i.USART_SmartCardCmd), (20 bytes).
    Removing stm32f10x_usart.o(i.USART_SmartCardNACKCmd), (20 bytes).
    Removing stm32f10x_usart.o(i.USART_StructInit), (22 bytes).
    Removing stm32f10x_usart.o(i.USART_WakeUpConfig), (16 bytes).
    Removing system_stm32f10x.o(i.SystemCoreClockUpdate), (100 bytes).
    Removing stm32f10x_exti.o(i.EXTI_ClearFlag), (12 bytes).
    Removing stm32f10x_exti.o(i.EXTI_ClearITPendingBit), (12 bytes).
    Removing stm32f10x_exti.o(i.EXTI_DeInit), (36 bytes).
    Removing stm32f10x_exti.o(i.EXTI_GenerateSWInterrupt), (16 bytes).
    Removing stm32f10x_exti.o(i.EXTI_GetFlagStatus), (20 bytes).
    Removing stm32f10x_exti.o(i.EXTI_Init), (112 bytes).
    Removing stm32f10x_exti.o(i.EXTI_StructInit), (14 bytes).
    Removing startup_stm32f10x_hd.o(HEAP), (512 bytes).
    Removing cortexm3_macro.o(.text), (122 bytes).
    Removing up_system.o(i.UP_ITConfig), (2 bytes).
    Removing up_globle.o(i.abs), (8 bytes).
    Removing up_globle.o(i.fabs), (30 bytes).
    Removing up_globle.o(.data), (4 bytes).
    Removing up_globle.o(.data), (4 bytes).
    Removing up_adc.o(i.UP_ADC_GetAllIO), (48 bytes).
    Removing up_adc.o(i.UP_ADC_GetIO), (24 bytes).
    Removing up_lcd.o(i.UP_LCD_ClearLine), (70 bytes).
    Removing up_lcd.o(i.UP_LCD_OnOff), (14 bytes).
    Removing up_lcd.o(i.UP_LCD_ShowCharacter), (68 bytes).
    Removing up_lcd.o(i.UP_LCD_ShowCharacterString), (96 bytes).
    Removing up_lcd.o(i.UP_LCD_ShowHex), (58 bytes).
    Removing up_lcd.o(i.UP_LCD_ShowInt), (108 bytes).
    Removing up_lcd.o(i.UP_LCD_ShowLetter), (52 bytes).
    Removing up_lcd.o(i.UP_LCD_ShowProgressBar), (222 bytes).
    Removing up_lcd.o(i.UP_LCD_ShowString), (82 bytes).
    Removing up_lcd.o(i.fputc), (76 bytes).
    Removing up_uart.o(i.UP_EnableBluetoothIT), (20 bytes).
    Removing up_uart.o(i.UP_EnableZigbeeIT), (20 bytes).
    Removing up_uart.o(i.UP_UART1_Putc), (32 bytes).
    Removing up_uart.o(i.UP_UART1_Puts), (40 bytes).
    Removing up_uart.o(i.UP_UART4_Putc), (32 bytes).
    Removing up_uart.o(i.UP_UART4_Puts), (40 bytes).
    Removing up_uart.o(i.UP_UART5_Putc), (32 bytes).
    Removing up_uart.o(i.UP_UART5_Puts), (40 bytes).
    Removing up_it.o(i.BusFaultException), (2 bytes).
    Removing up_it.o(i.DebugMonitor), (2 bytes).
    Removing up_it.o(i.HardFaultException), (2 bytes).
    Removing up_it.o(i.MemManageException), (2 bytes).
    Removing up_it.o(i.NMIException), (2 bytes).
    Removing up_it.o(i.PendSVC), (2 bytes).
    Removing up_it.o(i.SVCHandler), (2 bytes).
    Removing up_it.o(i.UsageFaultException), (2 bytes).
    Removing up_it.o(.data), (4 bytes).
    Removing up_exti.o(i.UP_Exti_DisableIT), (32 bytes).
    Removing up_exti.o(i.UP_Exti_EnableIT), (40 bytes).
    Removing up_exti.o(i.UP_Exti_SetHadler), (16 bytes).
    Removing up_timer.o(i.UP_Timer_CleanCount), (20 bytes).
    Removing up_timer.o(i.UP_Timer_DisableIT), (88 bytes).
    Removing up_timer.o(i.UP_Timer_EnableIT), (60 bytes).
    Removing up_timer.o(i.UP_Timer_GetCount), (20 bytes).
    Removing up_timer.o(i.UP_Timer_InitParameters), (2 bytes).
    Removing up_timer.o(i.UP_Timer_SetHadler), (52 bytes).
    Removing up_pwm.o(i.UP_PWM_Enable), (132 bytes).
    Removing up_pwm.o(i.UP_PWM_SetDutyTime), (88 bytes).
    Removing up_pwm.o(i.UP_PWM_SetFrequency), (72 bytes).
    Removing up_pwm.o(i.UP_PWM_SetIO), (64 bytes).
    Removing up_pwm.o(.data), (16 bytes).
    Removing up_bluetooth.o(i.UP_Bluetooth_EnableIT), (12 bytes).
    Removing up_bluetooth.o(i.UP_Bluetooth_Putc), (4 bytes).
    Removing up_bluetooth.o(i.UP_Bluetooth_Puts), (4 bytes).
    Removing up_bluetooth.o(i.UP_SetBluetoothHadler), (16 bytes).
    Removing up_cds5500.o(i.UP_CDS_Set4MotoSpeed), (126 bytes).
    Removing up_cds5500.o(i.UP_CDS_SetAngleTimes), (216 bytes).
    Removing up_cds5500.o(i.UP_CDS_SetMode), (78 bytes).
    Removing up_zigbee.o(i.Check_Tx_Frame), (68 bytes).
    Removing up_zigbee.o(i.UP_Push_TxData), (180 bytes).
    Removing up_zigbee.o(i.UP_SetZigbeeHadler), (16 bytes).
    Removing up_zigbee.o(i.UP_Zigbee_EnableIT), (20 bytes).
    Removing up_zigbee.o(i.UP_Zigbee_GetConfig), (36 bytes).
    Removing up_zigbee.o(i.UP_Zigbee_GetID), (54 bytes).
    Removing up_zigbee.o(i.UP_Zigbee_Putc), (4 bytes).
    Removing up_zigbee.o(i.UP_Zigbee_Puts), (4 bytes).
    Removing up_zigbee.o(i.UP_Zigbee_Rec), (312 bytes).
    Removing up_zigbee.o(i.UP_Zigbee_RequireSensor), (46 bytes).
    Removing up_zigbee.o(i.UP_Zigbee_SendData), (120 bytes).
    Removing up_zigbee.o(i.UP_Zigbee_SetDeviceType), (44 bytes).
    Removing up_zigbee.o(i.UP_Zigbee_SetID), (44 bytes).
    Removing up_zigbee.o(i.Zigbee_TIMER_handler), (44 bytes).
    Removing up_zigbee.o(.bss), (3282 bytes).
    Removing up_zigbee.o(.bss), (9 bytes).
    Removing up_zigbee.o(.data), (16 bytes).
    Removing up_zigbee.o(.data), (1 bytes).
    Removing up_zigbee.o(.data), (8 bytes).
    Removing up_usr232.o(i.UP_EnableUSR232IT), (20 bytes).
    Removing up_usr232.o(i.UP_SetUSR232Hadler), (16 bytes).
    Removing up_usr232.o(i.UP_USR232_EnableIT), (12 bytes).
    Removing up_usr232.o(i.UP_USR232_Putc), (4 bytes).
    Removing up_usr232.o(i.UP_USR232_Puts), (4 bytes).
    Removing up_ioout.o(i.UP_IOout_SetALLIO), (156 bytes).
    Removing up_ioout.o(i.UP_IOout_SetIO), (92 bytes).
    Removing up_ioout.o(.data), (6 bytes).
    Removing up_vga.o(i.CDS_Read_Sign), (96 bytes).
    Removing up_vga.o(i.SetSpeed), (20 bytes).
    Removing up_vga.o(i.UP_UART3_Putc), (32 bytes).
    Removing up_vga.o(i.UP_VGA_DIS_TRACKSIGN), (56 bytes).
    Removing up_vga.o(i.UP_VGA_MOTION_FORWARD), (12 bytes).
    Removing up_vga.o(i.UP_VGA_MOTION_STOP), (16 bytes).
    Removing up_vga.o(i.UP_VGA_MOTION_TURN), (344 bytes).
    Removing up_vga.o(i.UP_VGA_OPEN_USART3), (28 bytes).
    Removing up_vga.o(i.UP_VGA_PROTECTSET), (12 bytes).
    Removing up_vga.o(i.UP_VGA_SetSpeed), (20 bytes).
    Removing up_vga.o(i.UP_VGA_Timer), (28 bytes).
    Removing up_vga.o(i.USART3_NVIC), (32 bytes).
    Removing up_vga.o(i.VGA_Timer_Handler), (600 bytes).
    Removing up_vga.o(.data), (1 bytes).
    Removing up_vga.o(.data), (1 bytes).
    Removing up_rfid.o(i.RFIDParser), (36 bytes).
    Removing up_rfid.o(i.RFID_Timer_Handler), (44 bytes).
    Removing up_rfid.o(i.UP_RFID_CheckID), (28 bytes).
    Removing up_rfid.o(i.UP_RFID_Init), (48 bytes).
    Removing up_rfid.o(i.UP_RFID_ReadCard), (68 bytes).
    Removing up_rfid.o(.bss), (10 bytes).
    Removing up_rfid.o(.data), (12 bytes).
    Removing up_mp3.o(i.UART2Init), (160 bytes).
    Removing up_mp3.o(i.UART2Putc), (32 bytes).
    Removing up_mp3.o(i.UART2Puts), (40 bytes).
    Removing up_mp3.o(i.UP_MP3_Init), (22 bytes).
    Removing up_mp3.o(i.UP_MP3_Pause), (36 bytes).
    Removing up_mp3.o(i.UP_MP3_PlaySound), (38 bytes).
    Removing up_mp3.o(i.UP_MP3_SetVolume), (38 bytes).
    Removing up_variable.o(i.UP_Clear_RoutInfo), (40 bytes).
    Removing up_variable.o(i.UP_RFID_GetIdIndex), (306 bytes).
    Removing up_variable.o(.bss), (200 bytes).
    Removing up_variable.o(.data), (1 bytes).
    Removing up_variable.o(.data), (1 bytes).
    Removing up_variable.o(.data), (1 bytes).
    Removing up_variable.o(.data), (1 bytes).
    Removing up_variable.o(.data), (1 bytes).
    Removing up_variable.o(.data), (1 bytes).
    Removing up_variable.o(.data), (1 bytes).
    Removing up_variable.o(.data), (1 bytes).
    Removing up_variable.o(.data), (1 bytes).
    Removing up_variable.o(.data), (1 bytes).
    Removing up_variable.o(.data), (180 bytes).
    Removing up_variable.o(.data), (4 bytes).
    Removing up_variable.o(.data), (2 bytes).
    Removing up_variable.o(.data), (8 bytes).
    Removing up_uart_parse.o(i.COM_TIMER_handler), (80 bytes).
    Removing up_uart_parse.o(i.UP_USR232_Answer), (56 bytes).
    Removing up_uart_parse.o(i.USR232_Parse), (40 bytes).
    Removing up_uart_parse.o(i.USR232_RecHandler), (188 bytes).
    Removing up_uart_parse.o(.bss), (3282 bytes).
    Removing up_uart_parse.o(.data), (12 bytes).
    Removing up_woody_voiceplaying.o(i.UP_Woody_PlayingMusic), (76 bytes).
    Removing up_woody_voiceplaying.o(.data), (8 bytes).
    Removing up_woody_voiceplaying.o(.data), (4 bytes).
    Removing up_woody_speechrecognition.o(i.UP_Display_Return_Read), (104 bytes).
    Removing up_woody_speechrecognition.o(i.UP_Display_Return_Text), (96 bytes).
    Removing up_woody_speechrecognition.o(i.UP_Woody_Display_Speech_ID), (64 bytes).
    Removing up_woody_speechrecognition.o(i.UP_Woody_SpeechRecForbidIssue), (64 bytes).
    Removing up_woody_speechrecognition.o(i.UP_Woody_SpeechRecLetIssue), (64 bytes).
    Removing up_woody_speechrecognition.o(i.UP_Woody_Speech_ClearData), (32 bytes).
    Removing up_woody_speechrecognition.o(i.UP_Woody_Speech_ID_Judge), (24 bytes).
    Removing up_woody_speechrecognition.o(i.UP_Woody_Speech_ReadData), (56 bytes).
    Removing up_woody_speechrecognition.o(i.UP_Woody_Speech_TestCommand), (36 bytes).
    Removing up_woody_speechrecognition.o(.data), (22 bytes).
    Removing up_woody_speechrecognition.o(.data), (1 bytes).
    Removing up_woody_speechrecognition.o(.data), (7 bytes).
    Removing up_woody_speechrecognition.o(.data), (5 bytes).
    Removing up_woody_speechrecognition.o(.data), (5 bytes).
    Removing up_woody_imagerecognition.o(i.TimeHadler), (60 bytes).
    Removing up_woody_imagerecognition.o(i.UP_Woody_BlueRecognize), (108 bytes).
    Removing up_woody_imagerecognition.o(i.UP_Woody_Clear_ImageRecognize_Data), (32 bytes).
    Removing up_woody_imagerecognition.o(i.UP_Woody_Display_Pixel), (48 bytes).
    Removing up_woody_imagerecognition.o(i.UP_Woody_Display_ReturnImageRecognize), (176 bytes).
    Removing up_woody_imagerecognition.o(i.UP_Woody_Display_X_Y), (76 bytes).
    Removing up_woody_imagerecognition.o(i.UP_Woody_ImagePixel), (100 bytes).
    Removing up_woody_imagerecognition.o(i.UP_Woody_ImageRecForbidIssue), (64 bytes).
    Removing up_woody_imagerecognition.o(i.UP_Woody_ImageRecHSISet), (106 bytes).
    Removing up_woody_imagerecognition.o(i.UP_Woody_ImageRecIDSet), (48 bytes).
    Removing up_woody_imagerecognition.o(i.UP_Woody_ImageRecLetIssue), (64 bytes).
    Removing up_woody_imagerecognition.o(i.UP_Woody_Init), (36 bytes).
    Removing up_woody_imagerecognition.o(i.UP_Woody_PinkRecognize), (108 bytes).
    Removing up_woody_imagerecognition.o(i.UP_Woody_RedRecognize), (108 bytes).
    Removing up_woody_imagerecognition.o(i.UP_Woody_WhiteRecognize), (108 bytes).
    Removing up_woody_imagerecognition.o(i.UP_Woody_X_Coordinates), (64 bytes).
    Removing up_woody_imagerecognition.o(i.UP_Woody_Y_Coordinates), (64 bytes).
    Removing up_woody_imagerecognition.o(i.UP_Woody_YellowRecognize), (108 bytes).
    Removing up_woody_imagerecognition.o(i.USR232_Hadler), (80 bytes).
    Removing up_woody_imagerecognition.o(.bss), (20 bytes).
    Removing up_woody_imagerecognition.o(.bss), (20 bytes).
    Removing up_woody_imagerecognition.o(.data), (84 bytes).
    Removing up_woody_imagerecognition.o(.data), (1 bytes).
    Removing up_woody_imagerecognition.o(.data), (5 bytes).
    Removing up_woody_imagerecognition.o(.data), (5 bytes).
    Removing up_woody_imagerecognition.o(.data), (4 bytes).
    Removing up_woody_imagerecognition.o(.data), (4 bytes).
    Removing up_woody_colorandcode.o(i.UP_Woody_BarCodeRecForbidIssue), (64 bytes).
    Removing up_woody_colorandcode.o(i.UP_Woody_BarCodeRecLetIssue), (64 bytes).
    Removing up_woody_colorandcode.o(i.UP_Woody_BarCodeRec_ID_Judge), (24 bytes).
    Removing up_woody_colorandcode.o(i.UP_Woody_ColorRecForbidIssue), (64 bytes).
    Removing up_woody_colorandcode.o(i.UP_Woody_ColorRecLetIssue), (64 bytes).
    Removing up_woody_colorandcode.o(i.UP_Woody_ColorRec_ID_Judge), (24 bytes).
    Removing up_woody_colorandcode.o(i.UP_Woody_Display_BarCodeID), (48 bytes).
    Removing up_woody_colorandcode.o(i.UP_Woody_Display_ColorID), (48 bytes).
    Removing up_woody_colorandcode.o(i.UP_Woody_Display_QrCodeID), (48 bytes).
    Removing up_woody_colorandcode.o(i.UP_Woody_QrCodeRecForbidIssue), (64 bytes).
    Removing up_woody_colorandcode.o(i.UP_Woody_QrCodeRecLetIssue), (64 bytes).
    Removing up_woody_colorandcode.o(i.UP_Woody_QrCodeRec_ID_Judge), (24 bytes).
    Removing up_woody_colorandcode.o(i.UP_Woody_StartUp), (46 bytes).
    Removing fadd.o(.text), (176 bytes).
    Removing fmul.o(.text), (100 bytes).
    Removing fdiv.o(.text), (124 bytes).
    Removing dmul.o(.text), (228 bytes).
    Removing fflti.o(.text), (18 bytes).
    Removing dfltui.o(.text), (26 bytes).
    Removing ffixi.o(.text), (50 bytes).
    Removing dfixi.o(.text), (62 bytes).
    Removing cdrcmple.o(.text), (48 bytes).
    Removing fepilogue.o(.text), (110 bytes).
    Removing depilogue.o(.text), (186 bytes).
    Removing dadd.o(.text), (334 bytes).
    Removing ddiv.o(.text), (222 bytes).
    Removing dfixul.o(.text), (48 bytes).

454 unused section(s) (total 24575 bytes) removed from the image.

==============================================================================

Image Symbol Table

    Local Symbols

    Symbol Name                              Value     Ov Type        Size  Object(Section)

    ../clib/microlib/division.c              0x00000000   Number         0  uidiv.o ABSOLUTE
    ../clib/microlib/division.c              0x00000000   Number         0  uldiv.o ABSOLUTE
    ../clib/microlib/init/entry.s            0x00000000   Number         0  entry2.o ABSOLUTE
    ../clib/microlib/init/entry.s            0x00000000   Number         0  entry11b.o ABSOLUTE
    ../clib/microlib/init/entry.s            0x00000000   Number         0  entry7b.o ABSOLUTE
    ../clib/microlib/init/entry.s            0x00000000   Number         0  entry11a.o ABSOLUTE
    ../clib/microlib/init/entry.s            0x00000000   Number         0  entry10b.o ABSOLUTE
    ../clib/microlib/init/entry.s            0x00000000   Number         0  entry9a.o ABSOLUTE
    ../clib/microlib/init/entry.s            0x00000000   Number         0  entry10a.o ABSOLUTE
    ../clib/microlib/init/entry.s            0x00000000   Number         0  entry5.o ABSOLUTE
    ../clib/microlib/init/entry.s            0x00000000   Number         0  entry9b.o ABSOLUTE
    ../clib/microlib/init/entry.s            0x00000000   Number         0  entry7a.o ABSOLUTE
    ../clib/microlib/init/entry.s            0x00000000   Number         0  entry8a.o ABSOLUTE
    ../clib/microlib/init/entry.s            0x00000000   Number         0  entry.o ABSOLUTE
    ../clib/microlib/init/entry.s            0x00000000   Number         0  entry8b.o ABSOLUTE
    ../clib/microlib/longlong.c              0x00000000   Number         0  llushr.o ABSOLUTE
    ../clib/microlib/longlong.c              0x00000000   Number         0  llshl.o ABSOLUTE
    ../clib/microlib/longlong.c              0x00000000   Number         0  llsshr.o ABSOLUTE
    ../clib/microlib/printf/printf.c         0x00000000   Number         0  printfb.o ABSOLUTE
    ../clib/microlib/printf/printf.c         0x00000000   Number         0  printf0.o ABSOLUTE
    ../clib/microlib/printf/printf.c         0x00000000   Number         0  printf1.o ABSOLUTE
    ../clib/microlib/printf/printf.c         0x00000000   Number         0  printf2.o ABSOLUTE
    ../clib/microlib/printf/printf.c         0x00000000   Number         0  printf3.o ABSOLUTE
    ../clib/microlib/printf/printf.c         0x00000000   Number         0  printf8.o ABSOLUTE
    ../clib/microlib/printf/printf.c         0x00000000   Number         0  printfa.o ABSOLUTE
    ../clib/microlib/printf/printf.c         0x00000000   Number         0  printf6.o ABSOLUTE
    ../clib/microlib/printf/printf.c         0x00000000   Number         0  printf7.o ABSOLUTE
    ../clib/microlib/printf/printf.c         0x00000000   Number         0  printf5.o ABSOLUTE
    ../clib/microlib/printf/printf.c         0x00000000   Number         0  printf4.o ABSOLUTE
    ../clib/microlib/printf/stubs.s          0x00000000   Number         0  stubs.o ABSOLUTE
    ../clib/microlib/stdio/streams.c         0x00000000   Number         0  stdout.o ABSOLUTE
    ../clib/microlib/stubs.s                 0x00000000   Number         0  iusefp.o ABSOLUTE
    ../fplib/microlib/fpadd.c                0x00000000   Number         0  fadd.o ABSOLUTE
    ../fplib/microlib/fpadd.c                0x00000000   Number         0  dadd.o ABSOLUTE
    ../fplib/microlib/fpdiv.c                0x00000000   Number         0  fdiv.o ABSOLUTE
    ../fplib/microlib/fpdiv.c                0x00000000   Number         0  ddiv.o ABSOLUTE
    ../fplib/microlib/fpepilogue.c           0x00000000   Number         0  depilogue.o ABSOLUTE
    ../fplib/microlib/fpepilogue.c           0x00000000   Number         0  fepilogue.o ABSOLUTE
    ../fplib/microlib/fpfix.c                0x00000000   Number         0  dfixi.o ABSOLUTE
    ../fplib/microlib/fpfix.c                0x00000000   Number         0  dfixul.o ABSOLUTE
    ../fplib/microlib/fpfix.c                0x00000000   Number         0  ffixi.o ABSOLUTE
    ../fplib/microlib/fpflt.c                0x00000000   Number         0  fflti.o ABSOLUTE
    ../fplib/microlib/fpflt.c                0x00000000   Number         0  dfltui.o ABSOLUTE
    ../fplib/microlib/fpmul.c                0x00000000   Number         0  fmul.o ABSOLUTE
    ../fplib/microlib/fpmul.c                0x00000000   Number         0  dmul.o ABSOLUTE
    ..\\src\\UpLib\\STM32Lib\\core_cm3.c     0x00000000   Number         0  core_cm3.o ABSOLUTE
    ..\src\UpLib\STM32Lib\StartUp\cortexm3_macro.s 0x00000000   Number         0  cortexm3_macro.o ABSOLUTE
    ..\src\UpLib\STM32Lib\StartUp\startup_stm32f10x_hd.s 0x00000000   Number         0  startup_stm32f10x_hd.o ABSOLUTE
    ..\src\UpLib\STM32Lib\core_cm3.c         0x00000000   Number         0  core_cm3.o ABSOLUTE
    ..\src\UpLib\STM32Lib\misc.c             0x00000000   Number         0  misc.o ABSOLUTE
    ..\src\UpLib\STM32Lib\stm32f10x_adc.c    0x00000000   Number         0  stm32f10x_adc.o ABSOLUTE
    ..\src\UpLib\STM32Lib\stm32f10x_dma.c    0x00000000   Number         0  stm32f10x_dma.o ABSOLUTE
    ..\src\UpLib\STM32Lib\stm32f10x_exti.c   0x00000000   Number         0  stm32f10x_exti.o ABSOLUTE
    ..\src\UpLib\STM32Lib\stm32f10x_gpio.c   0x00000000   Number         0  stm32f10x_gpio.o ABSOLUTE
    ..\src\UpLib\STM32Lib\stm32f10x_rcc.c    0x00000000   Number         0  stm32f10x_rcc.o ABSOLUTE
    ..\src\UpLib\STM32Lib\stm32f10x_tim.c    0x00000000   Number         0  stm32f10x_tim.o ABSOLUTE
    ..\src\UpLib\STM32Lib\stm32f10x_usart.c  0x00000000   Number         0  stm32f10x_usart.o ABSOLUTE
    ..\src\UpLib\STM32Lib\system_stm32f10x.c 0x00000000   Number         0  system_stm32f10x.o ABSOLUTE
    ..\src\UpLib\UP_ADC.c                    0x00000000   Number         0  up_adc.o ABSOLUTE
    ..\src\UpLib\UP_Bluetooth.c              0x00000000   Number         0  up_bluetooth.o ABSOLUTE
    ..\src\UpLib\UP_CDS5500.c                0x00000000   Number         0  up_cds5500.o ABSOLUTE
    ..\src\UpLib\UP_Exti.c                   0x00000000   Number         0  up_exti.o ABSOLUTE
    ..\src\UpLib\UP_Globle.c                 0x00000000   Number         0  up_globle.o ABSOLUTE
    ..\src\UpLib\UP_IOout.c                  0x00000000   Number         0  up_ioout.o ABSOLUTE
    ..\src\UpLib\UP_Key.c                    0x00000000   Number         0  up_key.o ABSOLUTE
    ..\src\UpLib\UP_LCD.c                    0x00000000   Number         0  up_lcd.o ABSOLUTE
    ..\src\UpLib\UP_MP3.c                    0x00000000   Number         0  up_mp3.o ABSOLUTE
    ..\src\UpLib\UP_NVIC.c                   0x00000000   Number         0  up_nvic.o ABSOLUTE
    ..\src\UpLib\UP_PWM.c                    0x00000000   Number         0  up_pwm.o ABSOLUTE
    ..\src\UpLib\UP_RFID.c                   0x00000000   Number         0  up_rfid.o ABSOLUTE
    ..\src\UpLib\UP_System.c                 0x00000000   Number         0  up_system.o ABSOLUTE
    ..\src\UpLib\UP_Timer.c                  0x00000000   Number         0  up_timer.o ABSOLUTE
    ..\src\UpLib\UP_UART.c                   0x00000000   Number         0  up_uart.o ABSOLUTE
    ..\src\UpLib\UP_UART_Parse.c             0x00000000   Number         0  up_uart_parse.o ABSOLUTE
    ..\src\UpLib\UP_USR232.c                 0x00000000   Number         0  up_usr232.o ABSOLUTE
    ..\src\UpLib\UP_VGA.c                    0x00000000   Number         0  up_vga.o ABSOLUTE
    ..\src\UpLib\UP_Variable.c               0x00000000   Number         0  up_variable.o ABSOLUTE
    ..\src\UpLib\UP_Woody_ColorAndCode.c     0x00000000   Number         0  up_woody_colorandcode.o ABSOLUTE
    ..\src\UpLib\UP_Woody_ImageRecognition.c 0x00000000   Number         0  up_woody_imagerecognition.o ABSOLUTE
    ..\src\UpLib\UP_Woody_SpeechRecognition.c 0x00000000   Number         0  up_woody_speechrecognition.o ABSOLUTE
    ..\src\UpLib\UP_Woody_VoicePlaying.c     0x00000000   Number         0  up_woody_voiceplaying.o ABSOLUTE
    ..\src\UpLib\UP_Zigbee.c                 0x00000000   Number         0  up_zigbee.o ABSOLUTE
    ..\src\UpLib\UP_it.c                     0x00000000   Number         0  up_it.o ABSOLUTE
    ..\src\main.c                            0x00000000   Number         0  main.o ABSOLUTE
    cdrcmple.s                               0x00000000   Number         0  cdrcmple.o ABSOLUTE
    dc.s                                     0x00000000   Number         0  dc.o ABSOLUTE
    handlers.s                               0x00000000   Number         0  handlers.o ABSOLUTE
    init.s                                   0x00000000   Number         0  init.o ABSOLUTE
    RESET                                    0x0800b000   Section      304  startup_stm32f10x_hd.o(RESET)
    .ARM.Collect$$$$00000000                 0x0800b130   Section        0  entry.o(.ARM.Collect$$$$00000000)
    .ARM.Collect$$$$00000001                 0x0800b130   Section        4  entry2.o(.ARM.Collect$$$$00000001)
    .ARM.Collect$$$$00000004                 0x0800b134   Section        4  entry5.o(.ARM.Collect$$$$00000004)
    .ARM.Collect$$$$00000008                 0x0800b138   Section        0  entry7b.o(.ARM.Collect$$$$00000008)
    .ARM.Collect$$$$0000000A                 0x0800b138   Section        0  entry8b.o(.ARM.Collect$$$$0000000A)
    .ARM.Collect$$$$0000000B                 0x0800b138   Section        8  entry9a.o(.ARM.Collect$$$$0000000B)
    .ARM.Collect$$$$0000000D                 0x0800b140   Section        0  entry10a.o(.ARM.Collect$$$$0000000D)
    .ARM.Collect$$$$0000000F                 0x0800b140   Section        0  entry11a.o(.ARM.Collect$$$$0000000F)
    .ARM.Collect$$$$00002712                 0x0800b140   Section        4  entry2.o(.ARM.Collect$$$$00002712)
    __lit__00000000                          0x0800b140   Data           4  entry2.o(.ARM.Collect$$$$00002712)
    .text                                    0x0800b144   Section       36  startup_stm32f10x_hd.o(.text)
    .text                                    0x0800b168   Section       36  init.o(.text)
    i.ADC_Cmd                                0x0800b18c   Section        0  stm32f10x_adc.o(i.ADC_Cmd)
    i.ADC_DMACmd                             0x0800b1a0   Section        0  stm32f10x_adc.o(i.ADC_DMACmd)
    i.ADC_GetCalibrationStatus               0x0800b1b4   Section        0  stm32f10x_adc.o(i.ADC_GetCalibrationStatus)
    i.ADC_GetResetCalibrationStatus          0x0800b1c2   Section        0  stm32f10x_adc.o(i.ADC_GetResetCalibrationStatus)
    i.ADC_Init                               0x0800b1d0   Section        0  stm32f10x_adc.o(i.ADC_Init)
    i.ADC_RegularChannelConfig               0x0800b218   Section        0  stm32f10x_adc.o(i.ADC_RegularChannelConfig)
    i.ADC_ResetCalibration                   0x0800b28c   Section        0  stm32f10x_adc.o(i.ADC_ResetCalibration)
    i.ADC_SoftwareStartConvCmd               0x0800b296   Section        0  stm32f10x_adc.o(i.ADC_SoftwareStartConvCmd)
    i.ADC_StartCalibration                   0x0800b2aa   Section        0  stm32f10x_adc.o(i.ADC_StartCalibration)
    i.CDS_UARTHadler                         0x0800b2b4   Section        0  up_vga.o(i.CDS_UARTHadler)
    i.ChangeInfrared                         0x0800b348   Section        0  main.o(i.ChangeInfrared)
    i.CheckCDSSend                           0x0800b360   Section        0  up_uart.o(i.CheckCDSSend)
    i.DMA1_Channel1_IRQHandler               0x0800b3b4   Section        0  up_it.o(i.DMA1_Channel1_IRQHandler)
    i.DMA1_Channel2_IRQHandler               0x0800b3cc   Section        0  up_it.o(i.DMA1_Channel2_IRQHandler)
    i.DMA_ClearITPendingBit                  0x0800b3fc   Section        0  stm32f10x_dma.o(i.DMA_ClearITPendingBit)
    i.DMA_Cmd                                0x0800b414   Section        0  stm32f10x_dma.o(i.DMA_Cmd)
    i.DMA_DeInit                             0x0800b42c   Section        0  stm32f10x_dma.o(i.DMA_DeInit)
    i.DMA_GetITStatus                        0x0800b510   Section        0  stm32f10x_dma.o(i.DMA_GetITStatus)
    i.DMA_ITConfig                           0x0800b530   Section        0  stm32f10x_dma.o(i.DMA_ITConfig)
    i.DMA_Init                               0x0800b540   Section        0  stm32f10x_dma.o(i.DMA_Init)
    i.Delay_ms                               0x0800b57a   Section        0  up_lcd.o(i.Delay_ms)
    i.Delay_us                               0x0800b594   Section        0  up_lcd.o(i.Delay_us)
    i.EXTI0_IRQHandler                       0x0800b5aa   Section        0  up_it.o(i.EXTI0_IRQHandler)
    i.EXTI15_10_IRQHandler                   0x0800b5b0   Section        0  up_it.o(i.EXTI15_10_IRQHandler)
    i.EXTI1_IRQHandler                       0x0800b5fe   Section        0  up_it.o(i.EXTI1_IRQHandler)
    i.EXTI2_IRQHandler                       0x0800b604   Section        0  up_it.o(i.EXTI2_IRQHandler)
    i.EXTI3_IRQHandler                       0x0800b60a   Section        0  up_it.o(i.EXTI3_IRQHandler)
    i.EXTI4_IRQHandler                       0x0800b610   Section        0  up_it.o(i.EXTI4_IRQHandler)
    i.EXTI9_5_IRQHandler                     0x0800b616   Section        0  up_it.o(i.EXTI9_5_IRQHandler)
    i.EXTI_GetITStatus                       0x0800b660   Section        0  stm32f10x_exti.o(i.EXTI_GetITStatus)
    i.EXTI_IRQHandler                        0x0800b680   Section        0  up_it.o(i.EXTI_IRQHandler)
    i.FirstUpStage                           0x0800b69c   Section        0  main.o(i.FirstUpStage)
    i.GPIO_EXTILineConfig                    0x0800b71c   Section        0  stm32f10x_gpio.o(i.GPIO_EXTILineConfig)
    i.GPIO_Init                              0x0800b744   Section        0  stm32f10x_gpio.o(i.GPIO_Init)
    i.GPIO_PinRemapConfig                    0x0800b7e8   Section        0  stm32f10x_gpio.o(i.GPIO_PinRemapConfig)
    i.GPIO_ResetBits                         0x0800b840   Section        0  stm32f10x_gpio.o(i.GPIO_ResetBits)
    i.InitClaw                               0x0800b844   Section        0  main.o(i.InitClaw)
    i.InitForepaw                            0x0800b85a   Section        0  main.o(i.InitForepaw)
    i.InitHindpaw                            0x0800b87a   Section        0  main.o(i.InitHindpaw)
    i.LCD_WriteCmd                           0x0800b898   Section        0  up_lcd.o(i.LCD_WriteCmd)
    i.LCD_WriteData                          0x0800b8f4   Section        0  up_lcd.o(i.LCD_WriteData)
    i.Lcds_Config                            0x0800b940   Section        0  up_lcd.o(i.Lcds_Config)
    i.MoveBack                               0x0800b990   Section        0  main.o(i.MoveBack)
    i.MoveForword                            0x0800b9ac   Section        0  main.o(i.MoveForword)
    i.MoveLeft                               0x0800b9d0   Section        0  main.o(i.MoveLeft)
    i.MoveRight                              0x0800b9f4   Section        0  main.o(i.MoveRight)
    i.MoveStop                               0x0800ba14   Section        0  main.o(i.MoveStop)
    i.NVIC_Init                              0x0800ba30   Section        0  misc.o(i.NVIC_Init)
    i.NVIC_PriorityGroupConfig               0x0800ba94   Section        0  misc.o(i.NVIC_PriorityGroupConfig)
    i.NVIC_SetVectorTable                    0x0800baa8   Section        0  misc.o(i.NVIC_SetVectorTable)
    i.OutStage                               0x0800babc   Section        0  main.o(i.OutStage)
    i.RCC_AHBPeriphClockCmd                  0x0800bb64   Section        0  stm32f10x_rcc.o(i.RCC_AHBPeriphClockCmd)
    i.RCC_APB1PeriphClockCmd                 0x0800bb7c   Section        0  stm32f10x_rcc.o(i.RCC_APB1PeriphClockCmd)
    i.RCC_APB1PeriphResetCmd                 0x0800bb94   Section        0  stm32f10x_rcc.o(i.RCC_APB1PeriphResetCmd)
    i.RCC_APB2PeriphClockCmd                 0x0800bbac   Section        0  stm32f10x_rcc.o(i.RCC_APB2PeriphClockCmd)
    i.RCC_APB2PeriphResetCmd                 0x0800bbc4   Section        0  stm32f10x_rcc.o(i.RCC_APB2PeriphResetCmd)
    i.RCC_GetClocksFreq                      0x0800bbdc   Section        0  stm32f10x_rcc.o(i.RCC_GetClocksFreq)
    i.SPIByte                                0x0800bc6c   Section        0  up_lcd.o(i.SPIByte)
    i.SetSysClockTo72                        0x0800bca8   Section        0  system_stm32f10x.o(i.SetSysClockTo72)
    SetSysClockTo72                          0x0800bca9   Thumb Code   160  system_stm32f10x.o(i.SetSysClockTo72)
    i.SysTick_Handler                        0x0800bd50   Section        0  up_it.o(i.SysTick_Handler)
    i.SystemInit                             0x0800bd54   Section        0  system_stm32f10x.o(i.SystemInit)
    i.TIM3_IRQHandler                        0x0800bda4   Section        0  up_it.o(i.TIM3_IRQHandler)
    i.TIM_ClearITPendingBit                  0x0800bda8   Section        0  stm32f10x_tim.o(i.TIM_ClearITPendingBit)
    i.TIM_Cmd                                0x0800bdae   Section        0  stm32f10x_tim.o(i.TIM_Cmd)
    i.TIM_CtrlPWMOutputs                     0x0800bdc2   Section        0  stm32f10x_tim.o(i.TIM_CtrlPWMOutputs)
    i.TIM_DeInit                             0x0800bdd8   Section        0  stm32f10x_tim.o(i.TIM_DeInit)
    i.TIM_GetITStatus                        0x0800bf48   Section        0  stm32f10x_tim.o(i.TIM_GetITStatus)
    i.TIM_ITConfig                           0x0800bf60   Section        0  stm32f10x_tim.o(i.TIM_ITConfig)
    i.TIM_OC1Init                            0x0800bf70   Section        0  stm32f10x_tim.o(i.TIM_OC1Init)
    i.TIM_OC2Init                            0x0800bff0   Section        0  stm32f10x_tim.o(i.TIM_OC2Init)
    i.TIM_OC3Init                            0x0800c070   Section        0  stm32f10x_tim.o(i.TIM_OC3Init)
    i.TIM_OC4Init                            0x0800c0ec   Section        0  stm32f10x_tim.o(i.TIM_OC4Init)
    i.TIM_TimeBaseInit                       0x0800c150   Section        0  stm32f10x_tim.o(i.TIM_TimeBaseInit)
    i.UART4_IRQHandler                       0x0800c1ec   Section        0  up_it.o(i.UART4_IRQHandler)
    i.UART5_IRQHandler                       0x0800c244   Section        0  up_it.o(i.UART5_IRQHandler)
    i.UP_ADC_DMAConfiguration                0x0800c29c   Section        0  up_adc.o(i.UP_ADC_DMAConfiguration)
    i.UP_ADC_GetValue                        0x0800c2f8   Section        0  up_adc.o(i.UP_ADC_GetValue)
    i.UP_ADC_Init                            0x0800c30c   Section        0  up_adc.o(i.UP_ADC_Init)
    i.UP_Bluetooth_Init                      0x0800c494   Section        0  up_bluetooth.o(i.UP_Bluetooth_Init)
    i.UP_CDS_SetAngle                        0x0800c4cc   Section        0  up_cds5500.o(i.UP_CDS_SetAngle)
    i.UP_CDS_SetSpeed                        0x0800c500   Section        0  up_cds5500.o(i.UP_CDS_SetSpeed)
    i.UP_Exti_Init                           0x0800c548   Section        0  up_exti.o(i.UP_Exti_Init)
    i.UP_IOout_AllLow                        0x0800c67c   Section        0  up_ioout.o(i.UP_IOout_AllLow)
    i.UP_IOout_GPIOInit                      0x0800c6a4   Section        0  up_ioout.o(i.UP_IOout_GPIOInit)
    i.UP_IOout_Init                          0x0800c704   Section        0  up_ioout.o(i.UP_IOout_Init)
    i.UP_Key_Init                            0x0800c708   Section        0  up_key.o(i.UP_Key_Init)
    i.UP_LCD_ClearScreen                     0x0800c760   Section        0  up_lcd.o(i.UP_LCD_ClearScreen)
    i.UP_LCD_Fill                            0x0800c778   Section        0  up_lcd.o(i.UP_LCD_Fill)
    i.UP_LCD_Init                            0x0800c7bc   Section        0  up_lcd.o(i.UP_LCD_Init)
    i.UP_LCD_Turn                            0x0800c8bc   Section        0  up_lcd.o(i.UP_LCD_Turn)
    i.UP_NVIC_Configuration                  0x0800c8cc   Section        0  up_nvic.o(i.UP_NVIC_Configuration)
    i.UP_PWM_Init                            0x0800ca70   Section        0  up_pwm.o(i.UP_PWM_Init)
    i.UP_System_Init                         0x0800cb1c   Section        0  up_system.o(i.UP_System_Init)
    i.UP_Timer_Init                          0x0800cb50   Section        0  up_timer.o(i.UP_Timer_Init)
    i.UP_Timer_Pro                           0x0800cc74   Section        0  up_timer.o(i.UP_Timer_Pro)
    i.UP_UART_DMAConfiguration               0x0800ce60   Section        0  up_uart.o(i.UP_UART_DMAConfiguration)
    i.UP_UART_Init                           0x0800cec0   Section        0  up_uart.o(i.UP_UART_Init)
    i.UP_Uart3_SendCDSFrame                  0x0800d1a8   Section        0  up_uart.o(i.UP_Uart3_SendCDSFrame)
    i.UP_delay_ms                            0x0800d240   Section        0  up_globle.o(i.UP_delay_ms)
    i.UP_delay_us                            0x0800d25a   Section        0  up_globle.o(i.UP_delay_us)
    i.USART1_IRQHandler                      0x0800d270   Section        0  up_it.o(i.USART1_IRQHandler)
    i.USART3_IRQHandler                      0x0800d2c8   Section        0  up_vga.o(i.USART3_IRQHandler)
    i.USART_ClearFlag                        0x0800d314   Section        0  stm32f10x_usart.o(i.USART_ClearFlag)
    i.USART_ClearITPendingBit                0x0800d31a   Section        0  stm32f10x_usart.o(i.USART_ClearITPendingBit)
    i.USART_ClockInit                        0x0800d326   Section        0  stm32f10x_usart.o(i.USART_ClockInit)
    i.USART_Cmd                              0x0800d344   Section        0  stm32f10x_usart.o(i.USART_Cmd)
    i.USART_DMACmd                           0x0800d358   Section        0  stm32f10x_usart.o(i.USART_DMACmd)
    i.USART_GetFlagStatus                    0x0800d368   Section        0  stm32f10x_usart.o(i.USART_GetFlagStatus)
    i.USART_GetITStatus                      0x0800d376   Section        0  stm32f10x_usart.o(i.USART_GetITStatus)
    i.USART_ITConfig                         0x0800d3b4   Section        0  stm32f10x_usart.o(i.USART_ITConfig)
    i.USART_Init                             0x0800d3e4   Section        0  stm32f10x_usart.o(i.USART_Init)
    i.USART_ReceiveData                      0x0800d490   Section        0  stm32f10x_usart.o(i.USART_ReceiveData)
    i.__scatterload_copy                     0x0800d498   Section       14  handlers.o(i.__scatterload_copy)
    i.__scatterload_null                     0x0800d4a6   Section        2  handlers.o(i.__scatterload_null)
    i.__scatterload_zeroinit                 0x0800d4a8   Section       14  handlers.o(i.__scatterload_zeroinit)
    i.main                                   0x0800d4b6   Section        0  main.o(i.main)
    .data                                    0x20000000   Section        2  main.o(.data)
    .data                                    0x20000002   Section       20  stm32f10x_rcc.o(.data)
    ADCPrescTable                            0x20000002   Data           4  stm32f10x_rcc.o(.data)
    APBAHBPrescTable                         0x20000006   Data          16  stm32f10x_rcc.o(.data)
    .data                                    0x20000018   Section       20  system_stm32f10x.o(.data)
    .data                                    0x2000002c   Section        1  up_globle.o(.data)
    .data                                    0x20000030   Section        4  up_globle.o(.data)
    .data                                    0x20000034   Section        4  up_globle.o(.data)
    .data                                    0x20000038   Section        1  up_globle.o(.data)
    .data                                    0x2000003c   Section        4  up_globle.o(.data)
    .data                                    0x20000040   Section        4  up_globle.o(.data)
    .data                                    0x20000044   Section        1  up_globle.o(.data)
    .data                                    0x20000048   Section        4  up_globle.o(.data)
    .data                                    0x2000004c   Section        4  up_globle.o(.data)
    .data                                    0x20000050   Section        4  up_globle.o(.data)
    .data                                    0x20000054   Section        4  up_globle.o(.data)
    .data                                    0x20000058   Section        4  up_globle.o(.data)
    .data                                    0x2000005c   Section        4  up_globle.o(.data)
    .data                                    0x20000060   Section        4  up_globle.o(.data)
    .data                                    0x20000064   Section        4  up_globle.o(.data)
    .data                                    0x20000068   Section        4  up_globle.o(.data)
    .data                                    0x2000006c   Section        3  up_lcd.o(.data)
    s_bClearScreen                           0x2000006e   Data           1  up_lcd.o(.data)
    .data                                    0x2000006f   Section        2  up_uart.o(.data)
    .data                                    0x20000074   Section       36  up_timer.o(.data)
    .data                                    0x20000098   Section       57  up_vga.o(.data)
    sum                                      0x2000009b   Data           1  up_vga.o(.data)
    count                                    0x2000009c   Data           1  up_vga.o(.data)
    data_count                               0x2000009d   Data           1  up_vga.o(.data)
    Count                                    0x200000bc   Data           4  up_vga.o(.data)
    Count2                                   0x200000c0   Data           4  up_vga.o(.data)
    Count3                                   0x200000c4   Data           4  up_vga.o(.data)
    .bss                                     0x200000d4   Section       32  up_adc.o(.bss)
    .bss                                     0x200000f4   Section      420  up_uart.o(.bss)
    .bss                                     0x20000298   Section       16  up_timer.o(.bss)
    .bss                                     0x200002a8   Section       16  up_pwm.o(.bss)
    STACK                                    0x200002b8   Section     1024  startup_stm32f10x_hd.o(STACK)

    Global Symbols

    Symbol Name                              Value     Ov Type        Size  Object(Section)

    BuildAttributes$$THM_ISAv4$P$D$K$B$S$PE$A:L22UL41UL21$X:L11$S22US41US21$IEEE1$IW$USESV6$~STKCKD$USESV7$~SHL$OTIME$ROPI$EBA8$MICROLIB$REQ8$PRES8$EABIv2 0x00000000   Number         0  anon$$obj.o ABSOLUTE
    __ARM_use_no_argv                        0x00000000   Number         0  main.o ABSOLUTE
    _printf_a                                0x00000000   Number         0  stubs.o ABSOLUTE
    _printf_c                                0x00000000   Number         0  stubs.o ABSOLUTE
    _printf_charcount                        0x00000000   Number         0  stubs.o ABSOLUTE
    _printf_d                                0x00000000   Number         0  stubs.o ABSOLUTE
    _printf_e                                0x00000000   Number         0  stubs.o ABSOLUTE
    _printf_f                                0x00000000   Number         0  stubs.o ABSOLUTE
    _printf_flags                            0x00000000   Number         0  stubs.o ABSOLUTE
    _printf_fp_dec                           0x00000000   Number         0  stubs.o ABSOLUTE
    _printf_fp_hex                           0x00000000   Number         0  stubs.o ABSOLUTE
    _printf_g                                0x00000000   Number         0  stubs.o ABSOLUTE
    _printf_i                                0x00000000   Number         0  stubs.o ABSOLUTE
    _printf_int_dec                          0x00000000   Number         0  stubs.o ABSOLUTE
    _printf_l                                0x00000000   Number         0  stubs.o ABSOLUTE
    _printf_lc                               0x00000000   Number         0  stubs.o ABSOLUTE
    _printf_ll                               0x00000000   Number         0  stubs.o ABSOLUTE
    _printf_lld                              0x00000000   Number         0  stubs.o ABSOLUTE
    _printf_lli                              0x00000000   Number         0  stubs.o ABSOLUTE
    _printf_llo                              0x00000000   Number         0  stubs.o ABSOLUTE
    _printf_llu                              0x00000000   Number         0  stubs.o ABSOLUTE
    _printf_llx                              0x00000000   Number         0  stubs.o ABSOLUTE
    _printf_longlong_dec                     0x00000000   Number         0  stubs.o ABSOLUTE
    _printf_longlong_hex                     0x00000000   Number         0  stubs.o ABSOLUTE
    _printf_longlong_oct                     0x00000000   Number         0  stubs.o ABSOLUTE
    _printf_ls                               0x00000000   Number         0  stubs.o ABSOLUTE
    _printf_mbtowc                           0x00000000   Number         0  stubs.o ABSOLUTE
    _printf_n                                0x00000000   Number         0  stubs.o ABSOLUTE
    _printf_o                                0x00000000   Number         0  stubs.o ABSOLUTE
    _printf_p                                0x00000000   Number         0  stubs.o ABSOLUTE
    _printf_percent                          0x00000000   Number         0  stubs.o ABSOLUTE
    _printf_pre_padding                      0x00000000   Number         0  stubs.o ABSOLUTE
    _printf_return_value                     0x00000000   Number         0  stubs.o ABSOLUTE
    _printf_s                                0x00000000   Number         0  stubs.o ABSOLUTE
    _printf_sizespec                         0x00000000   Number         0  stubs.o ABSOLUTE
    _printf_str                              0x00000000   Number         0  stubs.o ABSOLUTE
    _printf_truncate_signed                  0x00000000   Number         0  stubs.o ABSOLUTE
    _printf_truncate_unsigned                0x00000000   Number         0  stubs.o ABSOLUTE
    _printf_u                                0x00000000   Number         0  stubs.o ABSOLUTE
    _printf_wc                               0x00000000   Number         0  stubs.o ABSOLUTE
    _printf_wctomb                           0x00000000   Number         0  stubs.o ABSOLUTE
    _printf_widthprec                        0x00000000   Number         0  stubs.o ABSOLUTE
    _printf_x                                0x00000000   Number         0  stubs.o ABSOLUTE
    __cpp_initialize__aeabi_                  - Undefined Weak Reference
    __cxa_finalize                            - Undefined Weak Reference
    __decompress                              - Undefined Weak Reference
    _clock_init                               - Undefined Weak Reference
    _microlib_exit                            - Undefined Weak Reference
    __Vectors_Size                           0x00000130   Number         0  startup_stm32f10x_hd.o ABSOLUTE
    __Vectors                                0x0800b000   Data           4  startup_stm32f10x_hd.o(RESET)
    __Vectors_End                            0x0800b130   Data           0  startup_stm32f10x_hd.o(RESET)
    __main                                   0x0800b131   Thumb Code     0  entry.o(.ARM.Collect$$$$00000000)
    _main_stk                                0x0800b131   Thumb Code     0  entry2.o(.ARM.Collect$$$$00000001)
    _main_scatterload                        0x0800b135   Thumb Code     0  entry5.o(.ARM.Collect$$$$00000004)
    __main_after_scatterload                 0x0800b139   Thumb Code     0  entry5.o(.ARM.Collect$$$$00000004)
    _main_clock                              0x0800b139   Thumb Code     0  entry7b.o(.ARM.Collect$$$$00000008)
    _main_cpp_init                           0x0800b139   Thumb Code     0  entry8b.o(.ARM.Collect$$$$0000000A)
    _main_init                               0x0800b139   Thumb Code     0  entry9a.o(.ARM.Collect$$$$0000000B)
    __rt_final_cpp                           0x0800b141   Thumb Code     0  entry10a.o(.ARM.Collect$$$$0000000D)
    __rt_final_exit                          0x0800b141   Thumb Code     0  entry11a.o(.ARM.Collect$$$$0000000F)
    Reset_Handler                            0x0800b145   Thumb Code     8  startup_stm32f10x_hd.o(.text)
    NMI_Handler                              0x0800b14d   Thumb Code     2  startup_stm32f10x_hd.o(.text)
    HardFault_Handler                        0x0800b14f   Thumb Code     2  startup_stm32f10x_hd.o(.text)
    MemManage_Handler                        0x0800b151   Thumb Code     2  startup_stm32f10x_hd.o(.text)
    BusFault_Handler                         0x0800b153   Thumb Code     2  startup_stm32f10x_hd.o(.text)
    UsageFault_Handler                       0x0800b155   Thumb Code     2  startup_stm32f10x_hd.o(.text)
    SVC_Handler                              0x0800b157   Thumb Code     2  startup_stm32f10x_hd.o(.text)
    DebugMon_Handler                         0x0800b159   Thumb Code     2  startup_stm32f10x_hd.o(.text)
    PendSV_Handler                           0x0800b15b   Thumb Code     2  startup_stm32f10x_hd.o(.text)
    ADC1_2_IRQHandler                        0x0800b15f   Thumb Code     0  startup_stm32f10x_hd.o(.text)
    ADC3_IRQHandler                          0x0800b15f   Thumb Code     0  startup_stm32f10x_hd.o(.text)
    CAN1_RX1_IRQHandler                      0x0800b15f   Thumb Code     0  startup_stm32f10x_hd.o(.text)
    CAN1_SCE_IRQHandler                      0x0800b15f   Thumb Code     0  startup_stm32f10x_hd.o(.text)
    DMA1_Channel3_IRQHandler                 0x0800b15f   Thumb Code     0  startup_stm32f10x_hd.o(.text)
    DMA1_Channel4_IRQHandler                 0x0800b15f   Thumb Code     0  startup_stm32f10x_hd.o(.text)
    DMA1_Channel5_IRQHandler                 0x0800b15f   Thumb Code     0  startup_stm32f10x_hd.o(.text)
    DMA1_Channel6_IRQHandler                 0x0800b15f   Thumb Code     0  startup_stm32f10x_hd.o(.text)
    DMA1_Channel7_IRQHandler                 0x0800b15f   Thumb Code     0  startup_stm32f10x_hd.o(.text)
    DMA2_Channel1_IRQHandler                 0x0800b15f   Thumb Code     0  startup_stm32f10x_hd.o(.text)
    DMA2_Channel2_IRQHandler                 0x0800b15f   Thumb Code     0  startup_stm32f10x_hd.o(.text)
    DMA2_Channel3_IRQHandler                 0x0800b15f   Thumb Code     0  startup_stm32f10x_hd.o(.text)
    DMA2_Channel4_5_IRQHandler               0x0800b15f   Thumb Code     0  startup_stm32f10x_hd.o(.text)
    FLASH_IRQHandler                         0x0800b15f   Thumb Code     0  startup_stm32f10x_hd.o(.text)
    FSMC_IRQHandler                          0x0800b15f   Thumb Code     0  startup_stm32f10x_hd.o(.text)
    I2C1_ER_IRQHandler                       0x0800b15f   Thumb Code     0  startup_stm32f10x_hd.o(.text)
    I2C1_EV_IRQHandler                       0x0800b15f   Thumb Code     0  startup_stm32f10x_hd.o(.text)
    I2C2_ER_IRQHandler                       0x0800b15f   Thumb Code     0  startup_stm32f10x_hd.o(.text)
    I2C2_EV_IRQHandler                       0x0800b15f   Thumb Code     0  startup_stm32f10x_hd.o(.text)
    PVD_IRQHandler                           0x0800b15f   Thumb Code     0  startup_stm32f10x_hd.o(.text)
    RCC_IRQHandler                           0x0800b15f   Thumb Code     0  startup_stm32f10x_hd.o(.text)
    RTCAlarm_IRQHandler                      0x0800b15f   Thumb Code     0  startup_stm32f10x_hd.o(.text)
    RTC_IRQHandler                           0x0800b15f   Thumb Code     0  startup_stm32f10x_hd.o(.text)
    SDIO_IRQHandler                          0x0800b15f   Thumb Code     0  startup_stm32f10x_hd.o(.text)
    SPI1_IRQHandler                          0x0800b15f   Thumb Code     0  startup_stm32f10x_hd.o(.text)
    SPI2_IRQHandler                          0x0800b15f   Thumb Code     0  startup_stm32f10x_hd.o(.text)
    SPI3_IRQHandler                          0x0800b15f   Thumb Code     0  startup_stm32f10x_hd.o(.text)
    TAMPER_IRQHandler                        0x0800b15f   Thumb Code     0  startup_stm32f10x_hd.o(.text)
    TIM1_BRK_IRQHandler                      0x0800b15f   Thumb Code     0  startup_stm32f10x_hd.o(.text)
    TIM1_CC_IRQHandler                       0x0800b15f   Thumb Code     0  startup_stm32f10x_hd.o(.text)
    TIM1_TRG_COM_IRQHandler                  0x0800b15f   Thumb Code     0  startup_stm32f10x_hd.o(.text)
    TIM1_UP_IRQHandler                       0x0800b15f   Thumb Code     0  startup_stm32f10x_hd.o(.text)
    TIM2_IRQHandler                          0x0800b15f   Thumb Code     0  startup_stm32f10x_hd.o(.text)
    TIM4_IRQHandler                          0x0800b15f   Thumb Code     0  startup_stm32f10x_hd.o(.text)
    TIM5_IRQHandler                          0x0800b15f   Thumb Code     0  startup_stm32f10x_hd.o(.text)
    TIM6_IRQHandler                          0x0800b15f   Thumb Code     0  startup_stm32f10x_hd.o(.text)
    TIM7_IRQHandler                          0x0800b15f   Thumb Code     0  startup_stm32f10x_hd.o(.text)
    TIM8_BRK_IRQHandler                      0x0800b15f   Thumb Code     0  startup_stm32f10x_hd.o(.text)
    TIM8_CC_IRQHandler                       0x0800b15f   Thumb Code     0  startup_stm32f10x_hd.o(.text)
    TIM8_TRG_COM_IRQHandler                  0x0800b15f   Thumb Code     0  startup_stm32f10x_hd.o(.text)
    TIM8_UP_IRQHandler                       0x0800b15f   Thumb Code     0  startup_stm32f10x_hd.o(.text)
    USART2_IRQHandler                        0x0800b15f   Thumb Code     0  startup_stm32f10x_hd.o(.text)
    USBWakeUp_IRQHandler                     0x0800b15f   Thumb Code     0  startup_stm32f10x_hd.o(.text)
    USB_HP_CAN1_TX_IRQHandler                0x0800b15f   Thumb Code     0  startup_stm32f10x_hd.o(.text)
    USB_LP_CAN1_RX0_IRQHandler               0x0800b15f   Thumb Code     0  startup_stm32f10x_hd.o(.text)
    WWDG_IRQHandler                          0x0800b15f   Thumb Code     0  startup_stm32f10x_hd.o(.text)
    __scatterload                            0x0800b169   Thumb Code    28  init.o(.text)
    __scatterload_rt2                        0x0800b169   Thumb Code     0  init.o(.text)
    ADC_Cmd                                  0x0800b18d   Thumb Code    20  stm32f10x_adc.o(i.ADC_Cmd)
    ADC_DMACmd                               0x0800b1a1   Thumb Code    20  stm32f10x_adc.o(i.ADC_DMACmd)
    ADC_GetCalibrationStatus                 0x0800b1b5   Thumb Code    14  stm32f10x_adc.o(i.ADC_GetCalibrationStatus)
    ADC_GetResetCalibrationStatus            0x0800b1c3   Thumb Code    14  stm32f10x_adc.o(i.ADC_GetResetCalibrationStatus)
    ADC_Init                                 0x0800b1d1   Thumb Code    62  stm32f10x_adc.o(i.ADC_Init)
    ADC_RegularChannelConfig                 0x0800b219   Thumb Code   116  stm32f10x_adc.o(i.ADC_RegularChannelConfig)
    ADC_ResetCalibration                     0x0800b28d   Thumb Code    10  stm32f10x_adc.o(i.ADC_ResetCalibration)
    ADC_SoftwareStartConvCmd                 0x0800b297   Thumb Code    20  stm32f10x_adc.o(i.ADC_SoftwareStartConvCmd)
    ADC_StartCalibration                     0x0800b2ab   Thumb Code    10  stm32f10x_adc.o(i.ADC_StartCalibration)
    CDS_UARTHadler                           0x0800b2b5   Thumb Code   144  up_vga.o(i.CDS_UARTHadler)
    ChangeInfrared                           0x0800b349   Thumb Code    22  main.o(i.ChangeInfrared)
    CheckCDSSend                             0x0800b361   Thumb Code    68  up_uart.o(i.CheckCDSSend)
    DMA1_Channel1_IRQHandler                 0x0800b3b5   Thumb Code    24  up_it.o(i.DMA1_Channel1_IRQHandler)
    DMA1_Channel2_IRQHandler                 0x0800b3cd   Thumb Code    40  up_it.o(i.DMA1_Channel2_IRQHandler)
    DMA_ClearITPendingBit                    0x0800b3fd   Thumb Code    16  stm32f10x_dma.o(i.DMA_ClearITPendingBit)
    DMA_Cmd                                  0x0800b415   Thumb Code    22  stm32f10x_dma.o(i.DMA_Cmd)
    DMA_DeInit                               0x0800b42d   Thumb Code   218  stm32f10x_dma.o(i.DMA_DeInit)
    DMA_GetITStatus                          0x0800b511   Thumb Code    24  stm32f10x_dma.o(i.DMA_GetITStatus)
    DMA_ITConfig                             0x0800b531   Thumb Code    16  stm32f10x_dma.o(i.DMA_ITConfig)
    DMA_Init                                 0x0800b541   Thumb Code    58  stm32f10x_dma.o(i.DMA_Init)
    Delay_ms                                 0x0800b57b   Thumb Code    26  up_lcd.o(i.Delay_ms)
    Delay_us                                 0x0800b595   Thumb Code    22  up_lcd.o(i.Delay_us)
    EXTI0_IRQHandler                         0x0800b5ab   Thumb Code     6  up_it.o(i.EXTI0_IRQHandler)
    EXTI15_10_IRQHandler                     0x0800b5b1   Thumb Code    78  up_it.o(i.EXTI15_10_IRQHandler)
    EXTI1_IRQHandler                         0x0800b5ff   Thumb Code     6  up_it.o(i.EXTI1_IRQHandler)
    EXTI2_IRQHandler                         0x0800b605   Thumb Code     6  up_it.o(i.EXTI2_IRQHandler)
    EXTI3_IRQHandler                         0x0800b60b   Thumb Code     6  up_it.o(i.EXTI3_IRQHandler)
    EXTI4_IRQHandler                         0x0800b611   Thumb Code     6  up_it.o(i.EXTI4_IRQHandler)
    EXTI9_5_IRQHandler                       0x0800b617   Thumb Code    74  up_it.o(i.EXTI9_5_IRQHandler)
    EXTI_GetITStatus                         0x0800b661   Thumb Code    28  stm32f10x_exti.o(i.EXTI_GetITStatus)
    EXTI_IRQHandler                          0x0800b681   Thumb Code    20  up_it.o(i.EXTI_IRQHandler)
    FirstUpStage                             0x0800b69d   Thumb Code   128  main.o(i.FirstUpStage)
    GPIO_EXTILineConfig                      0x0800b71d   Thumb Code    34  stm32f10x_gpio.o(i.GPIO_EXTILineConfig)
    GPIO_Init                                0x0800b745   Thumb Code   162  stm32f10x_gpio.o(i.GPIO_Init)
    GPIO_PinRemapConfig                      0x0800b7e9   Thumb Code    82  stm32f10x_gpio.o(i.GPIO_PinRemapConfig)
    GPIO_ResetBits                           0x0800b841   Thumb Code     4  stm32f10x_gpio.o(i.GPIO_ResetBits)
    InitClaw                                 0x0800b845   Thumb Code    22  main.o(i.InitClaw)
    InitForepaw                              0x0800b85b   Thumb Code    32  main.o(i.InitForepaw)
    InitHindpaw                              0x0800b87b   Thumb Code    30  main.o(i.InitHindpaw)
    LCD_WriteCmd                             0x0800b899   Thumb Code    88  up_lcd.o(i.LCD_WriteCmd)
    LCD_WriteData                            0x0800b8f5   Thumb Code    70  up_lcd.o(i.LCD_WriteData)
    Lcds_Config                              0x0800b941   Thumb Code    72  up_lcd.o(i.Lcds_Config)
    MoveBack                                 0x0800b991   Thumb Code    28  main.o(i.MoveBack)
    MoveForword                              0x0800b9ad   Thumb Code    32  main.o(i.MoveForword)
    MoveLeft                                 0x0800b9d1   Thumb Code    30  main.o(i.MoveLeft)
    MoveRight                                0x0800b9f5   Thumb Code    28  main.o(i.MoveRight)
    MoveStop                                 0x0800ba15   Thumb Code    28  main.o(i.MoveStop)
    NVIC_Init                                0x0800ba31   Thumb Code    94  misc.o(i.NVIC_Init)
    NVIC_PriorityGroupConfig                 0x0800ba95   Thumb Code    10  misc.o(i.NVIC_PriorityGroupConfig)
    NVIC_SetVectorTable                      0x0800baa9   Thumb Code    12  misc.o(i.NVIC_SetVectorTable)
    OutStage                                 0x0800babd   Thumb Code   168  main.o(i.OutStage)
    RCC_AHBPeriphClockCmd                    0x0800bb65   Thumb Code    18  stm32f10x_rcc.o(i.RCC_AHBPeriphClockCmd)
    RCC_APB1PeriphClockCmd                   0x0800bb7d   Thumb Code    18  stm32f10x_rcc.o(i.RCC_APB1PeriphClockCmd)
    RCC_APB1PeriphResetCmd                   0x0800bb95   Thumb Code    18  stm32f10x_rcc.o(i.RCC_APB1PeriphResetCmd)
    RCC_APB2PeriphClockCmd                   0x0800bbad   Thumb Code    18  stm32f10x_rcc.o(i.RCC_APB2PeriphClockCmd)
    RCC_APB2PeriphResetCmd                   0x0800bbc5   Thumb Code    18  stm32f10x_rcc.o(i.RCC_APB2PeriphResetCmd)
    RCC_GetClocksFreq                        0x0800bbdd   Thumb Code   128  stm32f10x_rcc.o(i.RCC_GetClocksFreq)
    SPIByte                                  0x0800bc6d   Thumb Code    56  up_lcd.o(i.SPIByte)
    SysTick_Handler                          0x0800bd51   Thumb Code     4  up_it.o(i.SysTick_Handler)
    SystemInit                               0x0800bd55   Thumb Code    64  system_stm32f10x.o(i.SystemInit)
    TIM3_IRQHandler                          0x0800bda5   Thumb Code     4  up_it.o(i.TIM3_IRQHandler)
    TIM_ClearITPendingBit                    0x0800bda9   Thumb Code     6  stm32f10x_tim.o(i.TIM_ClearITPendingBit)
    TIM_Cmd                                  0x0800bdaf   Thumb Code    20  stm32f10x_tim.o(i.TIM_Cmd)
    TIM_CtrlPWMOutputs                       0x0800bdc3   Thumb Code    22  stm32f10x_tim.o(i.TIM_CtrlPWMOutputs)
    TIM_DeInit                               0x0800bdd9   Thumb Code   304  stm32f10x_tim.o(i.TIM_DeInit)
    TIM_GetITStatus                          0x0800bf49   Thumb Code    24  stm32f10x_tim.o(i.TIM_GetITStatus)
    TIM_ITConfig                             0x0800bf61   Thumb Code    16  stm32f10x_tim.o(i.TIM_ITConfig)
    TIM_OC1Init                              0x0800bf71   Thumb Code   106  stm32f10x_tim.o(i.TIM_OC1Init)
    TIM_OC2Init                              0x0800bff1   Thumb Code   120  stm32f10x_tim.o(i.TIM_OC2Init)
    TIM_OC3Init                              0x0800c071   Thumb Code   116  stm32f10x_tim.o(i.TIM_OC3Init)
    TIM_OC4Init                              0x0800c0ed   Thumb Code    90  stm32f10x_tim.o(i.TIM_OC4Init)
    TIM_TimeBaseInit                         0x0800c151   Thumb Code   114  stm32f10x_tim.o(i.TIM_TimeBaseInit)
    UART4_IRQHandler                         0x0800c1ed   Thumb Code    78  up_it.o(i.UART4_IRQHandler)
    UART5_IRQHandler                         0x0800c245   Thumb Code    78  up_it.o(i.UART5_IRQHandler)
    UP_ADC_DMAConfiguration                  0x0800c29d   Thumb Code    80  up_adc.o(i.UP_ADC_DMAConfiguration)
    UP_ADC_GetValue                          0x0800c2f9   Thumb Code    16  up_adc.o(i.UP_ADC_GetValue)
    UP_ADC_Init                              0x0800c30d   Thumb Code   376  up_adc.o(i.UP_ADC_Init)
    UP_Bluetooth_Init                        0x0800c495   Thumb Code    50  up_bluetooth.o(i.UP_Bluetooth_Init)
    UP_CDS_SetAngle                          0x0800c4cd   Thumb Code    52  up_cds5500.o(i.UP_CDS_SetAngle)
    UP_CDS_SetSpeed                          0x0800c501   Thumb Code    72  up_cds5500.o(i.UP_CDS_SetSpeed)
    UP_Exti_Init                             0x0800c549   Thumb Code   294  up_exti.o(i.UP_Exti_Init)
    UP_IOout_AllLow                          0x0800c67d   Thumb Code    32  up_ioout.o(i.UP_IOout_AllLow)
    UP_IOout_GPIOInit                        0x0800c6a5   Thumb Code    80  up_ioout.o(i.UP_IOout_GPIOInit)
    UP_IOout_Init                            0x0800c705   Thumb Code     4  up_ioout.o(i.UP_IOout_Init)
    UP_Key_Init                              0x0800c709   Thumb Code    78  up_key.o(i.UP_Key_Init)
    UP_LCD_ClearScreen                       0x0800c761   Thumb Code    18  up_lcd.o(i.UP_LCD_ClearScreen)
    UP_LCD_Fill                              0x0800c779   Thumb Code    66  up_lcd.o(i.UP_LCD_Fill)
    UP_LCD_Init                              0x0800c7bd   Thumb Code   250  up_lcd.o(i.UP_LCD_Init)
    UP_LCD_Turn                              0x0800c8bd   Thumb Code    14  up_lcd.o(i.UP_LCD_Turn)
    UP_NVIC_Configuration                    0x0800c8cd   Thumb Code   396  up_nvic.o(i.UP_NVIC_Configuration)
    UP_PWM_Init                              0x0800ca71   Thumb Code   158  up_pwm.o(i.UP_PWM_Init)
    UP_System_Init                           0x0800cb1d   Thumb Code    50  up_system.o(i.UP_System_Init)
    UP_Timer_Init                            0x0800cb51   Thumb Code   278  up_timer.o(i.UP_Timer_Init)
    UP_Timer_Pro                             0x0800cc75   Thumb Code   466  up_timer.o(i.UP_Timer_Pro)
    UP_UART_DMAConfiguration                 0x0800ce61   Thumb Code    86  up_uart.o(i.UP_UART_DMAConfiguration)
    UP_UART_Init                             0x0800cec1   Thumb Code   680  up_uart.o(i.UP_UART_Init)
    UP_Uart3_SendCDSFrame                    0x0800d1a9   Thumb Code   142  up_uart.o(i.UP_Uart3_SendCDSFrame)
    UP_delay_ms                              0x0800d241   Thumb Code    26  up_globle.o(i.UP_delay_ms)
    UP_delay_us                              0x0800d25b   Thumb Code    22  up_globle.o(i.UP_delay_us)
    USART1_IRQHandler                        0x0800d271   Thumb Code    78  up_it.o(i.USART1_IRQHandler)
    USART3_IRQHandler                        0x0800d2c9   Thumb Code    72  up_vga.o(i.USART3_IRQHandler)
    USART_ClearFlag                          0x0800d315   Thumb Code     6  stm32f10x_usart.o(i.USART_ClearFlag)
    USART_ClearITPendingBit                  0x0800d31b   Thumb Code    12  stm32f10x_usart.o(i.USART_ClearITPendingBit)
    USART_ClockInit                          0x0800d327   Thumb Code    30  stm32f10x_usart.o(i.USART_ClockInit)
    USART_Cmd                                0x0800d345   Thumb Code    20  stm32f10x_usart.o(i.USART_Cmd)
    USART_DMACmd                             0x0800d359   Thumb Code    16  stm32f10x_usart.o(i.USART_DMACmd)
    USART_GetFlagStatus                      0x0800d369   Thumb Code    14  stm32f10x_usart.o(i.USART_GetFlagStatus)
    USART_GetITStatus                        0x0800d377   Thumb Code    62  stm32f10x_usart.o(i.USART_GetITStatus)
    USART_ITConfig                           0x0800d3b5   Thumb Code    48  stm32f10x_usart.o(i.USART_ITConfig)
    USART_Init                               0x0800d3e5   Thumb Code   166  stm32f10x_usart.o(i.USART_Init)
    USART_ReceiveData                        0x0800d491   Thumb Code     8  stm32f10x_usart.o(i.USART_ReceiveData)
    __scatterload_copy                       0x0800d499   Thumb Code    14  handlers.o(i.__scatterload_copy)
    __scatterload_null                       0x0800d4a7   Thumb Code     2  handlers.o(i.__scatterload_null)
    __scatterload_zeroinit                   0x0800d4a9   Thumb Code    14  handlers.o(i.__scatterload_zeroinit)
    main                                     0x0800d4b7   Thumb Code    48  main.o(i.main)
    Region$$Table$$Base                      0x0800d4e8   Number         0  anon$$obj.o(Region$$Table)
    Region$$Table$$Limit                     0x0800d508   Number         0  anon$$obj.o(Region$$Table)
    G_flagTurnF                              0x20000000   Data           1  main.o(.data)
    AttackFlag                               0x20000001   Data           1  main.o(.data)
    SystemCoreClock                          0x20000018   Data           4  system_stm32f10x.o(.data)
    AHBPrescTable                            0x2000001c   Data          16  system_stm32f10x.o(.data)
    g_UP_bBluetoothIT                        0x2000002c   Data           1  up_globle.o(.data)
    g_UP_BluetoothBaudRate                   0x20000030   Data           4  up_globle.o(.data)
    g_UP_BluetoothITAddress                  0x20000034   Data           4  up_globle.o(.data)
    g_UP_bZigbeeIT                           0x20000038   Data           1  up_globle.o(.data)
    g_UP_ZigbeeBaudRate                      0x2000003c   Data           4  up_globle.o(.data)
    g_UP_ZigbeeITAddress                     0x20000040   Data           4  up_globle.o(.data)
    g_UP_bUSR232IT                           0x20000044   Data           1  up_globle.o(.data)
    g_UP_USR232BaudRate                      0x20000048   Data           4  up_globle.o(.data)
    g_UP_USR232ITAddress                     0x2000004c   Data           4  up_globle.o(.data)
    g_UP_bTimerIT                            0x20000050   Data           4  up_globle.o(.data)
    g_UP_Timer0ITAddress                     0x20000054   Data           4  up_globle.o(.data)
    g_UP_Timer1ITAddress                     0x20000058   Data           4  up_globle.o(.data)
    g_UP_Timer2ITAddress                     0x2000005c   Data           4  up_globle.o(.data)
    g_UP_Timer3ITAddress                     0x20000060   Data           4  up_globle.o(.data)
    g_UP_ExtiFlag                            0x20000064   Data           4  up_globle.o(.data)
    g_UP_ExtiITAddress                       0x20000068   Data           4  up_globle.o(.data)
    g_LCD_X                                  0x2000006c   Data           1  up_lcd.o(.data)
    g_LCD_Y                                  0x2000006d   Data           1  up_lcd.o(.data)
    g_CDSFrames_Tail                         0x2000006f   Data           1  up_uart.o(.data)
    g_CDSFrames_Head                         0x20000070   Data           1  up_uart.o(.data)
    g_UP_iTimerCount                         0x20000074   Data           4  up_timer.o(.data)
    g_UP_TimerCCRVal_L16                     0x20000078   Data           8  up_timer.o(.data)
    g_UP_TimerCCRVal_H16                     0x20000080   Data           8  up_timer.o(.data)
    g_UP_TempCCRVal_L16                      0x20000088   Data           8  up_timer.o(.data)
    g_UP_TempCCRVal_H16                      0x20000090   Data           8  up_timer.o(.data)
    UP_VGA_ForwardSign                       0x20000098   Data           1  up_vga.o(.data)
    UP_VGA_CrossSign                         0x20000099   Data           1  up_vga.o(.data)
    UP_VGA_CrossSign2                        0x2000009a   Data           1  up_vga.o(.data)
    CDS_LEN                                  0x2000009e   Data           1  up_vga.o(.data)
    UP_VGA_TrackSign                         0x2000009f   Data           1  up_vga.o(.data)
    iLeft                                    0x200000a0   Data           1  up_vga.o(.data)
    iMid                                     0x200000a1   Data           1  up_vga.o(.data)
    iRight                                   0x200000a2   Data           1  up_vga.o(.data)
    iLeft2                                   0x200000a3   Data           1  up_vga.o(.data)
    iLeft3                                   0x200000a4   Data           1  up_vga.o(.data)
    iRight2                                  0x200000a5   Data           1  up_vga.o(.data)
    iRight3                                  0x200000a6   Data           1  up_vga.o(.data)
    UP_VGA_ProAdcChannel                     0x200000a7   Data           1  up_vga.o(.data)
    speed                                    0x200000a8   Data           2  up_vga.o(.data)
    Speed1                                   0x200000aa   Data           2  up_vga.o(.data)
    Speed2                                   0x200000ac   Data           2  up_vga.o(.data)
    Speed3                                   0x200000ae   Data           2  up_vga.o(.data)
    Speed4                                   0x200000b0   Data           2  up_vga.o(.data)
    sLast                                    0x200000b2   Data           2  up_vga.o(.data)
    spdLeft                                  0x200000b4   Data           2  up_vga.o(.data)
    spdRight                                 0x200000b6   Data           2  up_vga.o(.data)
    UP_VGA_ProDis                            0x200000b8   Data           2  up_vga.o(.data)
    rec_num                                  0x200000c8   Data           4  up_vga.o(.data)
    CDS_DATA                                 0x200000cc   Data           5  up_vga.o(.data)
    g_ADValue                                0x200000d4   Data          32  up_adc.o(.bss)
    g_CDSFrames                              0x200000f4   Data         420  up_uart.o(.bss)
    g_UP_iTimerTime                          0x20000298   Data          16  up_timer.o(.bss)
    g_TIM_OCInitStructure                    0x200002a8   Data          16  up_pwm.o(.bss)
    __initial_sp                             0x200006b8   Data           0  startup_stm32f10x_hd.o(STACK)



==============================================================================

Memory Map of the image

  Image Entry point : 0x0800b131

  Load Region LR_IROM1 (Base: 0x0800b000, Size: 0x000025dc, Max: 0x00040000, ABSOLUTE)

    Execution Region ER_IROM1 (Exec base: 0x0800b000, Load base: 0x0800b000, Size: 0x00002508, Max: 0x00040000, ABSOLUTE)

    Exec Addr    Load Addr    Size         Type   Attr      Idx    E Section Name        Object

    0x0800b000   0x0800b000   0x00000130   Data   RO         1846    RESET               startup_stm32f10x_hd.o
    0x0800b130   0x0800b130   0x00000000   Code   RO         3411  * .ARM.Collect$$$$00000000  mc_w.l(entry.o)
    0x0800b130   0x0800b130   0x00000004   Code   RO         3693    .ARM.Collect$$$$00000001  mc_w.l(entry2.o)
    0x0800b134   0x0800b134   0x00000004   Code   RO         3696    .ARM.Collect$$$$00000004  mc_w.l(entry5.o)
    0x0800b138   0x0800b138   0x00000000   Code   RO         3698    .ARM.Collect$$$$00000008  mc_w.l(entry7b.o)
    0x0800b138   0x0800b138   0x00000000   Code   RO         3700    .ARM.Collect$$$$0000000A  mc_w.l(entry8b.o)
    0x0800b138   0x0800b138   0x00000008   Code   RO         3701    .ARM.Collect$$$$0000000B  mc_w.l(entry9a.o)
    0x0800b140   0x0800b140   0x00000000   Code   RO         3703    .ARM.Collect$$$$0000000D  mc_w.l(entry10a.o)
    0x0800b140   0x0800b140   0x00000000   Code   RO         3705    .ARM.Collect$$$$0000000F  mc_w.l(entry11a.o)
    0x0800b140   0x0800b140   0x00000004   Code   RO         3694    .ARM.Collect$$$$00002712  mc_w.l(entry2.o)
    0x0800b144   0x0800b144   0x00000024   Code   RO         1847    .text               startup_stm32f10x_hd.o
    0x0800b168   0x0800b168   0x00000024   Code   RO         3725    .text               mc_w.l(init.o)
    0x0800b18c   0x0800b18c   0x00000014   Code   RO          446    i.ADC_Cmd           stm32f10x_adc.o
    0x0800b1a0   0x0800b1a0   0x00000014   Code   RO          447    i.ADC_DMACmd        stm32f10x_adc.o
    0x0800b1b4   0x0800b1b4   0x0000000e   Code   RO          454    i.ADC_GetCalibrationStatus  stm32f10x_adc.o
    0x0800b1c2   0x0800b1c2   0x0000000e   Code   RO          460    i.ADC_GetResetCalibrationStatus  stm32f10x_adc.o
    0x0800b1d0   0x0800b1d0   0x00000048   Code   RO          464    i.ADC_Init          stm32f10x_adc.o
    0x0800b218   0x0800b218   0x00000074   Code   RO          468    i.ADC_RegularChannelConfig  stm32f10x_adc.o
    0x0800b28c   0x0800b28c   0x0000000a   Code   RO          469    i.ADC_ResetCalibration  stm32f10x_adc.o
    0x0800b296   0x0800b296   0x00000014   Code   RO          471    i.ADC_SoftwareStartConvCmd  stm32f10x_adc.o
    0x0800b2aa   0x0800b2aa   0x0000000a   Code   RO          473    i.ADC_StartCalibration  stm32f10x_adc.o
    0x0800b2b4   0x0800b2b4   0x00000094   Code   RO         2843    i.CDS_UARTHadler    up_vga.o
    0x0800b348   0x0800b348   0x00000016   Code   RO            1    i.ChangeInfrared    main.o
    0x0800b35e   0x0800b35e   0x00000002   PAD
    0x0800b360   0x0800b360   0x00000054   Code   RO         2218    i.CheckCDSSend      up_uart.o
    0x0800b3b4   0x0800b3b4   0x00000018   Code   RO         2301    i.DMA1_Channel1_IRQHandler  up_it.o
    0x0800b3cc   0x0800b3cc   0x00000030   Code   RO         2302    i.DMA1_Channel2_IRQHandler  up_it.o
    0x0800b3fc   0x0800b3fc   0x00000018   Code   RO          663    i.DMA_ClearITPendingBit  stm32f10x_dma.o
    0x0800b414   0x0800b414   0x00000016   Code   RO          664    i.DMA_Cmd           stm32f10x_dma.o
    0x0800b42a   0x0800b42a   0x00000002   PAD
    0x0800b42c   0x0800b42c   0x000000e4   Code   RO          665    i.DMA_DeInit        stm32f10x_dma.o
    0x0800b510   0x0800b510   0x00000020   Code   RO          668    i.DMA_GetITStatus   stm32f10x_dma.o
    0x0800b530   0x0800b530   0x00000010   Code   RO          669    i.DMA_ITConfig      stm32f10x_dma.o
    0x0800b540   0x0800b540   0x0000003a   Code   RO          670    i.DMA_Init          stm32f10x_dma.o
    0x0800b57a   0x0800b57a   0x0000001a   Code   RO         2092    i.Delay_ms          up_lcd.o
    0x0800b594   0x0800b594   0x00000016   Code   RO         2093    i.Delay_us          up_lcd.o
    0x0800b5aa   0x0800b5aa   0x00000006   Code   RO         2304    i.EXTI0_IRQHandler  up_it.o
    0x0800b5b0   0x0800b5b0   0x0000004e   Code   RO         2305    i.EXTI15_10_IRQHandler  up_it.o
    0x0800b5fe   0x0800b5fe   0x00000006   Code   RO         2306    i.EXTI1_IRQHandler  up_it.o
    0x0800b604   0x0800b604   0x00000006   Code   RO         2307    i.EXTI2_IRQHandler  up_it.o
    0x0800b60a   0x0800b60a   0x00000006   Code   RO         2308    i.EXTI3_IRQHandler  up_it.o
    0x0800b610   0x0800b610   0x00000006   Code   RO         2309    i.EXTI4_IRQHandler  up_it.o
    0x0800b616   0x0800b616   0x0000004a   Code   RO         2310    i.EXTI9_5_IRQHandler  up_it.o
    0x0800b660   0x0800b660   0x00000020   Code   RO         1795    i.EXTI_GetITStatus  stm32f10x_exti.o
    0x0800b680   0x0800b680   0x0000001c   Code   RO         2311    i.EXTI_IRQHandler   up_it.o
    0x0800b69c   0x0800b69c   0x00000080   Code   RO            9    i.FirstUpStage      main.o
    0x0800b71c   0x0800b71c   0x00000028   Code   RO          737    i.GPIO_EXTILineConfig  stm32f10x_gpio.o
    0x0800b744   0x0800b744   0x000000a2   Code   RO          740    i.GPIO_Init         stm32f10x_gpio.o
    0x0800b7e6   0x0800b7e6   0x00000002   PAD
    0x0800b7e8   0x0800b7e8   0x00000058   Code   RO          742    i.GPIO_PinRemapConfig  stm32f10x_gpio.o
    0x0800b840   0x0800b840   0x00000004   Code   RO          747    i.GPIO_ResetBits    stm32f10x_gpio.o
    0x0800b844   0x0800b844   0x00000016   Code   RO           12    i.InitClaw          main.o
    0x0800b85a   0x0800b85a   0x00000020   Code   RO           13    i.InitForepaw       main.o
    0x0800b87a   0x0800b87a   0x0000001e   Code   RO           15    i.InitHindpaw       main.o
    0x0800b898   0x0800b898   0x0000005c   Code   RO         2094    i.LCD_WriteCmd      up_lcd.o
    0x0800b8f4   0x0800b8f4   0x0000004c   Code   RO         2095    i.LCD_WriteData     up_lcd.o
    0x0800b940   0x0800b940   0x00000050   Code   RO         2096    i.Lcds_Config       up_lcd.o
    0x0800b990   0x0800b990   0x0000001c   Code   RO           19    i.MoveBack          main.o
    0x0800b9ac   0x0800b9ac   0x00000024   Code   RO           21    i.MoveForword       main.o
    0x0800b9d0   0x0800b9d0   0x00000024   Code   RO           22    i.MoveLeft          main.o
    0x0800b9f4   0x0800b9f4   0x00000020   Code   RO           24    i.MoveRight         main.o
    0x0800ba14   0x0800ba14   0x0000001c   Code   RO           26    i.MoveStop          main.o
    0x0800ba30   0x0800ba30   0x00000064   Code   RO          366    i.NVIC_Init         misc.o
    0x0800ba94   0x0800ba94   0x00000014   Code   RO          367    i.NVIC_PriorityGroupConfig  misc.o
    0x0800baa8   0x0800baa8   0x00000014   Code   RO          368    i.NVIC_SetVectorTable  misc.o
    0x0800babc   0x0800babc   0x000000a8   Code   RO           28    i.OutStage          main.o
    0x0800bb64   0x0800bb64   0x00000018   Code   RO          849    i.RCC_AHBPeriphClockCmd  stm32f10x_rcc.o
    0x0800bb7c   0x0800bb7c   0x00000018   Code   RO          850    i.RCC_APB1PeriphClockCmd  stm32f10x_rcc.o
    0x0800bb94   0x0800bb94   0x00000018   Code   RO          851    i.RCC_APB1PeriphResetCmd  stm32f10x_rcc.o
    0x0800bbac   0x0800bbac   0x00000018   Code   RO          852    i.RCC_APB2PeriphClockCmd  stm32f10x_rcc.o
    0x0800bbc4   0x0800bbc4   0x00000018   Code   RO          853    i.RCC_APB2PeriphResetCmd  stm32f10x_rcc.o
    0x0800bbdc   0x0800bbdc   0x00000090   Code   RO          860    i.RCC_GetClocksFreq  stm32f10x_rcc.o
    0x0800bc6c   0x0800bc6c   0x0000003c   Code   RO         2097    i.SPIByte           up_lcd.o
    0x0800bca8   0x0800bca8   0x000000a8   Code   RO         1761    i.SetSysClockTo72   system_stm32f10x.o
    0x0800bd50   0x0800bd50   0x00000004   Code   RO         2317    i.SysTick_Handler   up_it.o
    0x0800bd54   0x0800bd54   0x00000050   Code   RO         1763    i.SystemInit        system_stm32f10x.o
    0x0800bda4   0x0800bda4   0x00000004   Code   RO         2318    i.TIM3_IRQHandler   up_it.o
    0x0800bda8   0x0800bda8   0x00000006   Code   RO         1057    i.TIM_ClearITPendingBit  stm32f10x_tim.o
    0x0800bdae   0x0800bdae   0x00000014   Code   RO         1062    i.TIM_Cmd           stm32f10x_tim.o
    0x0800bdc2   0x0800bdc2   0x00000016   Code   RO         1064    i.TIM_CtrlPWMOutputs  stm32f10x_tim.o
    0x0800bdd8   0x0800bdd8   0x00000170   Code   RO         1067    i.TIM_DeInit        stm32f10x_tim.o
    0x0800bf48   0x0800bf48   0x00000018   Code   RO         1083    i.TIM_GetITStatus   stm32f10x_tim.o
    0x0800bf60   0x0800bf60   0x00000010   Code   RO         1087    i.TIM_ITConfig      stm32f10x_tim.o
    0x0800bf70   0x0800bf70   0x00000080   Code   RO         1091    i.TIM_OC1Init       stm32f10x_tim.o
    0x0800bff0   0x0800bff0   0x00000080   Code   RO         1096    i.TIM_OC2Init       stm32f10x_tim.o
    0x0800c070   0x0800c070   0x0000007c   Code   RO         1101    i.TIM_OC3Init       stm32f10x_tim.o
    0x0800c0ec   0x0800c0ec   0x00000064   Code   RO         1106    i.TIM_OC4Init       stm32f10x_tim.o
    0x0800c150   0x0800c150   0x0000009c   Code   RO         1133    i.TIM_TimeBaseInit  stm32f10x_tim.o
    0x0800c1ec   0x0800c1ec   0x00000058   Code   RO         2319    i.UART4_IRQHandler  up_it.o
    0x0800c244   0x0800c244   0x00000058   Code   RO         2320    i.UART5_IRQHandler  up_it.o
    0x0800c29c   0x0800c29c   0x0000005c   Code   RO         2041    i.UP_ADC_DMAConfiguration  up_adc.o
    0x0800c2f8   0x0800c2f8   0x00000014   Code   RO         2044    i.UP_ADC_GetValue   up_adc.o
    0x0800c30c   0x0800c30c   0x00000188   Code   RO         2045    i.UP_ADC_Init       up_adc.o
    0x0800c494   0x0800c494   0x00000038   Code   RO         2596    i.UP_Bluetooth_Init  up_bluetooth.o
    0x0800c4cc   0x0800c4cc   0x00000034   Code   RO         2632    i.UP_CDS_SetAngle   up_cds5500.o
    0x0800c500   0x0800c500   0x00000048   Code   RO         2635    i.UP_CDS_SetSpeed   up_cds5500.o
    0x0800c548   0x0800c548   0x00000134   Code   RO         2449    i.UP_Exti_Init      up_exti.o
    0x0800c67c   0x0800c67c   0x00000028   Code   RO         2803    i.UP_IOout_AllLow   up_ioout.o
    0x0800c6a4   0x0800c6a4   0x00000060   Code   RO         2804    i.UP_IOout_GPIOInit  up_ioout.o
    0x0800c704   0x0800c704   0x00000004   Code   RO         2805    i.UP_IOout_Init     up_ioout.o
    0x0800c708   0x0800c708   0x00000058   Code   RO         2080    i.UP_Key_Init       up_key.o
    0x0800c760   0x0800c760   0x00000018   Code   RO         2099    i.UP_LCD_ClearScreen  up_lcd.o
    0x0800c778   0x0800c778   0x00000042   Code   RO         2100    i.UP_LCD_Fill       up_lcd.o
    0x0800c7ba   0x0800c7ba   0x00000002   PAD
    0x0800c7bc   0x0800c7bc   0x00000100   Code   RO         2101    i.UP_LCD_Init       up_lcd.o
    0x0800c8bc   0x0800c8bc   0x0000000e   Code   RO         2110    i.UP_LCD_Turn       up_lcd.o
    0x0800c8ca   0x0800c8ca   0x00000002   PAD
    0x0800c8cc   0x0800c8cc   0x000001a4   Code   RO         2539    i.UP_NVIC_Configuration  up_nvic.o
    0x0800ca70   0x0800ca70   0x000000ac   Code   RO         2556    i.UP_PWM_Init       up_pwm.o
    0x0800cb1c   0x0800cb1c   0x00000032   Code   RO         1855    i.UP_System_Init    up_system.o
    0x0800cb4e   0x0800cb4e   0x00000002   PAD
    0x0800cb50   0x0800cb50   0x00000124   Code   RO         2481    i.UP_Timer_Init     up_timer.o
    0x0800cc74   0x0800cc74   0x000001ec   Code   RO         2483    i.UP_Timer_Pro      up_timer.o
    0x0800ce60   0x0800ce60   0x00000060   Code   RO         2227    i.UP_UART_DMAConfiguration  up_uart.o
    0x0800cec0   0x0800cec0   0x000002e8   Code   RO         2228    i.UP_UART_Init      up_uart.o
    0x0800d1a8   0x0800d1a8   0x00000098   Code   RO         2229    i.UP_Uart3_SendCDSFrame  up_uart.o
    0x0800d240   0x0800d240   0x0000001a   Code   RO         1987    i.UP_delay_ms       up_globle.o
    0x0800d25a   0x0800d25a   0x00000016   Code   RO         1988    i.UP_delay_us       up_globle.o
    0x0800d270   0x0800d270   0x00000058   Code   RO         2321    i.USART1_IRQHandler  up_it.o
    0x0800d2c8   0x0800d2c8   0x0000004c   Code   RO         2854    i.USART3_IRQHandler  up_vga.o
    0x0800d314   0x0800d314   0x00000006   Code   RO         1581    i.USART_ClearFlag   stm32f10x_usart.o
    0x0800d31a   0x0800d31a   0x0000000c   Code   RO         1582    i.USART_ClearITPendingBit  stm32f10x_usart.o
    0x0800d326   0x0800d326   0x0000001e   Code   RO         1583    i.USART_ClockInit   stm32f10x_usart.o
    0x0800d344   0x0800d344   0x00000014   Code   RO         1585    i.USART_Cmd         stm32f10x_usart.o
    0x0800d358   0x0800d358   0x00000010   Code   RO         1586    i.USART_DMACmd      stm32f10x_usart.o
    0x0800d368   0x0800d368   0x0000000e   Code   RO         1588    i.USART_GetFlagStatus  stm32f10x_usart.o
    0x0800d376   0x0800d376   0x0000003e   Code   RO         1589    i.USART_GetITStatus  stm32f10x_usart.o
    0x0800d3b4   0x0800d3b4   0x00000030   Code   RO         1591    i.USART_ITConfig    stm32f10x_usart.o
    0x0800d3e4   0x0800d3e4   0x000000ac   Code   RO         1592    i.USART_Init        stm32f10x_usart.o
    0x0800d490   0x0800d490   0x00000008   Code   RO         1599    i.USART_ReceiveData  stm32f10x_usart.o
    0x0800d498   0x0800d498   0x0000000e   Code   RO         3733    i.__scatterload_copy  mc_w.l(handlers.o)
    0x0800d4a6   0x0800d4a6   0x00000002   Code   RO         3734    i.__scatterload_null  mc_w.l(handlers.o)
    0x0800d4a8   0x0800d4a8   0x0000000e   Code   RO         3735    i.__scatterload_zeroinit  mc_w.l(handlers.o)
    0x0800d4b6   0x0800d4b6   0x00000030   Code   RO           31    i.main              main.o
    0x0800d4e6   0x0800d4e6   0x00000002   PAD
    0x0800d4e8   0x0800d4e8   0x00000020   Data   RO         3731    Region$$Table       anon$$obj.o


    Execution Region RW_IRAM1 (Exec base: 0x20000000, Load base: 0x0800d508, Size: 0x000006b8, Max: 0x00010000, ABSOLUTE)

    Exec Addr    Load Addr    Size         Type   Attr      Idx    E Section Name        Object

    0x20000000   0x0800d508   0x00000002   Data   RW           80    .data               main.o
    0x20000002   0x0800d50a   0x00000014   Data   RW          880    .data               stm32f10x_rcc.o
    0x20000016   0x0800d51e   0x00000002   PAD
    0x20000018   0x0800d520   0x00000014   Data   RW         1764    .data               system_stm32f10x.o
    0x2000002c   0x0800d534   0x00000001   Data   RW         1991    .data               up_globle.o
    0x2000002d   0x0800d535   0x00000003   PAD
    0x20000030   0x0800d538   0x00000004   Data   RW         1992    .data               up_globle.o
    0x20000034   0x0800d53c   0x00000004   Data   RW         1993    .data               up_globle.o
    0x20000038   0x0800d540   0x00000001   Data   RW         1994    .data               up_globle.o
    0x20000039   0x0800d541   0x00000003   PAD
    0x2000003c   0x0800d544   0x00000004   Data   RW         1995    .data               up_globle.o
    0x20000040   0x0800d548   0x00000004   Data   RW         1996    .data               up_globle.o
    0x20000044   0x0800d54c   0x00000001   Data   RW         1997    .data               up_globle.o
    0x20000045   0x0800d54d   0x00000003   PAD
    0x20000048   0x0800d550   0x00000004   Data   RW         1998    .data               up_globle.o
    0x2000004c   0x0800d554   0x00000004   Data   RW         1999    .data               up_globle.o
    0x20000050   0x0800d558   0x00000004   Data   RW         2000    .data               up_globle.o
    0x20000054   0x0800d55c   0x00000004   Data   RW         2002    .data               up_globle.o
    0x20000058   0x0800d560   0x00000004   Data   RW         2003    .data               up_globle.o
    0x2000005c   0x0800d564   0x00000004   Data   RW         2004    .data               up_globle.o
    0x20000060   0x0800d568   0x00000004   Data   RW         2005    .data               up_globle.o
    0x20000064   0x0800d56c   0x00000004   Data   RW         2006    .data               up_globle.o
    0x20000068   0x0800d570   0x00000004   Data   RW         2007    .data               up_globle.o
    0x2000006c   0x0800d574   0x00000003   Data   RW         2112    .data               up_lcd.o
    0x2000006f   0x0800d577   0x00000002   Data   RW         2231    .data               up_uart.o
    0x20000071   0x0800d579   0x00000003   PAD
    0x20000074   0x0800d57c   0x00000024   Data   RW         2486    .data               up_timer.o
    0x20000098   0x0800d5a0   0x00000039   Data   RW         2857    .data               up_vga.o
    0x200000d1   0x0800d5d9   0x00000003   PAD
    0x200000d4        -       0x00000020   Zero   RW         2046    .bss                up_adc.o
    0x200000f4        -       0x000001a4   Zero   RW         2230    .bss                up_uart.o
    0x20000298        -       0x00000010   Zero   RW         2485    .bss                up_timer.o
    0x200002a8        -       0x00000010   Zero   RW         2560    .bss                up_pwm.o
    0x200002b8        -       0x00000400   Zero   RW         1844    STACK               startup_stm32f10x_hd.o


==============================================================================

Image component sizes


      Code (inc. data)   RO Data    RW Data    ZI Data      Debug   Object Name

         0          0          0          0          0         32   core_cm3.o
       610         14          0          2          0     216586   main.o
       140         24          0          0          0     269121   misc.o
        36          8        304          0       1024        832   startup_stm32f10x_hd.o
       296         10          0          0          0       7373   stm32f10x_adc.o
       380         26          0          0          0       5291   stm32f10x_dma.o
        32          4          0          0          0        651   stm32f10x_exti.o
       294         12          0          0          0       3773   stm32f10x_gpio.o
       264         46          0         20          0       6196   stm32f10x_rcc.o
      1092        154          0          0          0       8663   stm32f10x_tim.o
       388          6          0          0          0       7945   stm32f10x_usart.o
       248         24          0         20          0       1905   system_stm32f10x.o
       504         32          0          0         32       2350   up_adc.o
        56          6          0          0          0        512   up_bluetooth.o
       124          0          0          0          0       1252   up_cds5500.o
       308         14          0          0          0        703   up_exti.o
        48          0          0         55          0       2525   up_globle.o
       140         24          0          0          0       2254   up_ioout.o
       554         46          0          0          0       7481   up_it.o
        88         10          0          0          0        506   up_key.o
       716         34          0          3          0       6412   up_lcd.o
       420         24          0          0          0      16091   up_nvic.o
       172         14          0          0         16       1648   up_pwm.o
        50          0          0          0          0     258945   up_system.o
       784         40          0         36         16       2762   up_timer.o
      1076        100          0          2        420       3953   up_uart.o
       224         14          0         57          0       4183   up_vga.o

    ----------------------------------------------------------------------
      9058        686        336        212       1508     839945   Object Totals
         0          0         32          0          0          0   (incl. Generated)
        14          0          0         17          0          0   (incl. Padding)

    ----------------------------------------------------------------------

      Code (inc. data)   RO Data    RW Data    ZI Data      Debug   Library Member Name

         0          0          0          0          0          0   entry.o
         0          0          0          0          0          0   entry10a.o
         0          0          0          0          0          0   entry11a.o
         8          4          0          0          0          0   entry2.o
         4          0          0          0          0          0   entry5.o
         0          0          0          0          0          0   entry7b.o
         0          0          0          0          0          0   entry8b.o
         8          4          0          0          0          0   entry9a.o
        30          0          0          0          0          0   handlers.o
        36          8          0          0          0         68   init.o

    ----------------------------------------------------------------------
        86         16          0          0          0         68   Library Totals
         0          0          0          0          0          0   (incl. Padding)

    ----------------------------------------------------------------------

      Code (inc. data)   RO Data    RW Data    ZI Data      Debug   Library Name

        86         16          0          0          0         68   mc_w.l

    ----------------------------------------------------------------------
        86         16          0          0          0         68   Library Totals

    ----------------------------------------------------------------------

==============================================================================


      Code (inc. data)   RO Data    RW Data    ZI Data      Debug   

      9144        702        336        212       1508     834549   Grand Totals
      9144        702        336        212       1508     834549   ELF Image Totals
      9144        702        336        212          0          0   ROM Totals

==============================================================================

    Total RO  Size (Code + RO Data)                 9480 (   9.26kB)
    Total RW  Size (RW Data + ZI Data)              1720 (   1.68kB)
    Total ROM Size (Code + RO Data + RW Data)       9692 (   9.46kB)

==============================================================================

